1/400 complete: [14, 16]
2/400 complete: [15, 5]
3/400 unsupported: [2, 8]
4/400 unsupported: [0, 0]
5/400 complete: [7, 16]
6/400 complete: [16, 3]
7/400 unsupported: [0, 7]
8/400 unsupported: [6, 6]
9/400 unsupported: [0, 2]
10/400 unsupported: [0, 0]
11/400 unsupported: [0, 2]
12/400 complete: [16, 4]
13/400 complete: [7, 15]
14/400 complete: [17, 8]
15/400 unsupported: [0, 3]
16/400 unsupported: [0, 0]
17/400 unsupported: [0, 2]
18/400 complete: [15, 9]
19/400 unsupported: [0, 1]
20/400 unsupported: [5, 5]
21/400 unsupported: [0, 0]
22/400 unsupported: [0, 0]
23/400 unsupported: [0, 2]
24/400 complete: [16, 3]
25/400 unsupported: [2, 0]
26/400 unsupported: [0, 0]
27/400 unsupported: [3, 0]
28/400 unsupported: [3, 5]
29/400 complete: [9, 15]
30/400 complete: [18, 7]
31/400 complete: [1, 15]
32/400 complete: [17, 5]
33/400 complete: [5, 16]
34/400 complete: [15, 3]
35/400 complete: [8, 18]
36/400 unsupported: [0, 0]
37/400 complete: [13, 15]
38/400 unsupported: [5, 0]
39/400 complete: [6, 16]
40/400 unsupported: [5, 2]
41/400 complete: [5, 16]
42/400 complete: [15, 16]
43/400 unsupported: [2, 10]
44/400 unsupported: [10, 8]
45/400 unsupported: [2, 0]
46/400 complete: [15, 2]
47/400 complete: [7, 15]
48/400 unsupported: [3, 1]
49/400 complete: [5, 15]
50/400 complete: [15, 2]
51/400 complete: [5, 15]
52/400 unsupported: [0, 0]
53/400 complete: [4, 15]
54/400 complete: [15, 7]
55/400 unsupported: [0, 0]
56/400 unsupported: [0, 0]
57/400 unsupported: [1, 0]
58/400 complete: [15, 9]
59/400 unsupported: [0, 4]
60/400 complete: [15, 5]
61/400 complete: [7, 15]
62/400 unsupported: [3, 5]
63/400 complete: [4, 15]
64/400 complete: [15, 7]
65/400 unsupported: [0, 1]
66/400 unsupported: [8, 5]
67/400 complete: [3, 15]
68/400 complete: [16, 3]
69/400 complete: [3, 15]
70/400 complete: [15, 7]
71/400 unsupported: [7, 6]
72/400 complete: [15, 6]
73/400 unsupported: [5, 9]
74/400 complete: [17, 12]
75/400 unsupported: [8, 11]
76/400 unsupported: [5, 5]
77/400 unsupported: [5, 4]
78/400 unsupported: [5, 0]
79/400 complete: [6, 15]
80/400 complete: [15, 6]
81/400 complete: [4, 16]
82/400 complete: [15, 5]
83/400 complete: [6, 15]
84/400 complete: [16, 12]
85/400 complete: [6, 16]
86/400 complete: [15, 2]
87/400 unsupported: [4, 0]
88/400 complete: [14, 17]
89/400 complete: [2, 16]
90/400 complete: [17, 12]
91/400 unsupported: [0, 0]
92/400 unsupported: [5, 10]
93/400 complete: [7, 15]
94/400 unsupported: [0, 5]
95/400 unsupported: [0, 1]
96/400 unsupported: [0, 0]
97/400 unsupported: [6, 13]
98/400 unsupported: [0, 0]
99/400 complete: [5, 18]
100/400 complete: [16, 7]
101/400 unsupported: [1, 2]
102/400 unsupported: [2, 2]
103/400 complete: [11, 16]
104/400 complete: [15, 4]
105/400 complete: [6, 16]
106/400 complete: [15, 6]
107/400 unsupported: [3, 6]
108/400 unsupported: [7, 4]
109/400 complete: [11, 15]
110/400 complete: [17, 6]
111/400 complete: [2, 15]
112/400 complete: [15, 4]
113/400 unsupported: [10, 12]
114/400 complete: [16, 4]
115/400 unsupported: [3, 6]
116/400 unsupported: [2, 0]
117/400 complete: [8, 15]
118/400 complete: [19, 7]
119/400 complete: [8, 17]
120/400 complete: [15, 12]
121/400 complete: [16, 15]
122/400 complete: [15, 8]
123/400 unsupported: [3, 3]
124/400 unsupported: [9, 5]
125/400 unsupported: [5, 2]
126/400 complete: [15, 6]
127/400 unsupported: [3, 7]
128/400 unsupported: [5, 0]
129/400 unsupported: [7, 3]
130/400 unsupported: [11, 9]
131/400 unsupported: [2, 4]
132/400 complete: [15, 2]
133/400 complete: [4, 18]
134/400 complete: [16, 2]
135/400 complete: [8, 15]
136/400 complete: [16, 5]
137/400 complete: [4, 15]
138/400 unsupported: [1, 0]
139/400 complete: [10, 15]
140/400 complete: [15, 6]
141/400 unsupported: [4, 5]
142/400 unsupported: [0, 0]
143/400 unsupported: [6, 4]
144/400 unsupported: [1, 2]
145/400 complete: [8, 15]
146/400 complete: [15, 7]
147/400 complete: [17, 13]
148/400 complete: [15, 9]
149/400 complete: [3, 15]
150/400 complete: [15, 9]
151/400 unsupported: [8, 2]
152/400 complete: [15, 7]
153/400 complete: [9, 15]
154/400 unsupported: [3, 0]
155/400 complete: [8, 17]
156/400 complete: [15, 5]
157/400 unsupported: [1, 5]
158/400 complete: [17, 5]
159/400 unsupported: [3, 2]
160/400 unsupported: [0, 0]
161/400 unsupported: [7, 9]
162/400 complete: [15, 4]
163/400 complete: [7, 16]
164/400 unsupported: [0, 0]
165/400 complete: [5, 16]
166/400 complete: [15, 1]
167/400 complete: [7, 15]
168/400 complete: [15, 6]
169/400 complete: [7, 16]
170/400 unsupported: [4, 0]
171/400 unsupported: [0, 0]
172/400 complete: [16, 4]
173/400 complete: [2, 15]
174/400 unsupported: [8, 0]
175/400 unsupported: [3, 7]
176/400 unsupported: [5, 2]
177/400 complete: [5, 18]
178/400 complete: [15, 4]
179/400 complete: [7, 20]
180/400 unsupported: [8, 10]
181/400 complete: [4, 15]
182/400 unsupported: [3, 1]
183/400 complete: [2, 16]
184/400 complete: [19, 12]
185/400 complete: [11, 17]
186/400 unsupported: [1, 2]
187/400 complete: [3, 15]
188/400 unsupported: [0, 1]
189/400 complete: [11, 15]
190/400 complete: [15, 11]
191/400 unsupported: [0, 6]
192/400 complete: [16, 5]
193/400 complete: [6, 15]
194/400 unsupported: [0, 2]
195/400 unsupported: [4, 9]
196/400 unsupported: [7, 2]
197/400 complete: [4, 15]
198/400 complete: [16, 7]
199/400 unsupported: [1, 2]
200/400 complete: [17, 5]
201/400 complete: [6, 16]
202/400 unsupported: [0, 1]
203/400 complete: [5, 16]
204/400 unsupported: [2, 0]
205/400 complete: [6, 16]
206/400 unsupported: [0, 0]
207/400 unsupported: [0, 1]
208/400 unsupported: [6, 2]
209/400 unsupported: [0, 2]
210/400 unsupported: [4, 3]
211/400 unsupported: [0, 0]
212/400 complete: [15, 6]
213/400 complete: [9, 16]
214/400 complete: [15, 5]
215/400 unsupported: [0, 0]
216/400 unsupported: [4, 3]
217/400 unsupported: [4, 12]
218/400 unsupported: [6, 3]
219/400 unsupported: [1, 9]
220/400 complete: [15, 7]
221/400 complete: [16, 14]
222/400 complete: [15, 6]
223/400 complete: [7, 15]
224/400 unsupported: [2, 3]
225/400 complete: [3, 15]
226/400 unsupported: [4, 6]
227/400 unsupported: [0, 0]
228/400 unsupported: [6, 0]
229/400 unsupported: [0, 5]
230/400 unsupported: [0, 0]
231/400 complete: [8, 15]
232/400 unsupported: [0, 0]
233/400 unsupported: [4, 7]
234/400 unsupported: [0, 0]
235/400 unsupported: [1, 1]
236/400 complete: [15, 7]
237/400 unsupported: [0, 3]
238/400 complete: [19, 5]
239/400 complete: [7, 15]
240/400 complete: [15, 4]
241/400 complete: [1, 15]
242/400 complete: [16, 6]
243/400 complete: [5, 15]
244/400 unsupported: [0, 0]
245/400 complete: [9, 17]
246/400 unsupported: [0, 0]
247/400 complete: [5, 15]
248/400 complete: [15, 3]
249/400 complete: [7, 15]
250/400 unsupported: [0, 0]
251/400 complete: [5, 15]
252/400 complete: [17, 8]
253/400 complete: [6, 15]
254/400 unsupported: [1, 0]
255/400 unsupported: [0, 3]
256/400 unsupported: [13, 4]
257/400 complete: [11, 17]
258/400 unsupported: [2, 1]
259/400 complete: [8, 16]
260/400 unsupported: [8, 6]
261/400 unsupported: [4, 8]
262/400 unsupported: [7, 1]
263/400 complete: [4, 15]
264/400 complete: [16, 5]
265/400 complete: [9, 16]
266/400 unsupported: [7, 8]
267/400 complete: [2, 16]
268/400 unsupported: [1, 0]
269/400 complete: [5, 15]
270/400 unsupported: [4, 5]
271/400 unsupported: [3, 8]
272/400 complete: [15, 10]
273/400 unsupported: [2, 8]
274/400 unsupported: [1, 5]
275/400 unsupported: [3, 3]
276/400 complete: [16, 6]
277/400 unsupported: [5, 8]
278/400 unsupported: [3, 1]
279/400 complete: [10, 20]
280/400 unsupported: [0, 0]
281/400 complete: [5, 15]
282/400 unsupported: [0, 0]
283/400 unsupported: [4, 5]
284/400 unsupported: [4, 5]
285/400 unsupported: [4, 9]
286/400 complete: [15, 6]
287/400 unsupported: [3, 0]
288/400 complete: [15, 11]
289/400 complete: [9, 17]
290/400 complete: [16, 7]
291/400 unsupported: [4, 6]
292/400 complete: [16, 13]
293/400 complete: [7, 15]
294/400 unsupported: [3, 1]
295/400 complete: [4, 15]
296/400 unsupported: [0, 3]
297/400 unsupported: [4, 1]
298/400 complete: [15, 8]
299/400 unsupported: [0, 0]
300/400 complete: [17, 7]
301/400 unsupported: [1, 6]
302/400 complete: [15, 7]
303/400 unsupported: [0, 9]
304/400 complete: [16, 6]
305/400 unsupported: [1, 7]
306/400 unsupported: [7, 1]
307/400 unsupported: [8, 13]
308/400 complete: [15, 3]
309/400 unsupported: [2, 4]
310/400 unsupported: [3, 3]
311/400 complete: [6, 15]
312/400 complete: [15, 1]
313/400 complete: [8, 16]
314/400 complete: [16, 3]
315/400 unsupported: [0, 0]
316/400 unsupported: [0, 0]
317/400 unsupported: [0, 0]
318/400 complete: [17, 2]
319/400 complete: [16, 15]
320/400 complete: [15, 15]
321/400 unsupported: [0, 0]
322/400 complete: [15, 8]
323/400 unsupported: [0, 6]
324/400 unsupported: [6, 3]
325/400 complete: [6, 19]
326/400 complete: [17, 8]
327/400 complete: [3, 15]
328/400 unsupported: [4, 1]
329/400 complete: [6, 15]
330/400 unsupported: [1, 1]
331/400 unsupported: [0, 4]
332/400 complete: [16, 5]
333/400 unsupported: [5, 11]
334/400 unsupported: [4, 3]
335/400 complete: [5, 15]
336/400 complete: [16, 6]
337/400 complete: [1, 15]
338/400 complete: [15, 15]
339/400 unsupported: [4, 4]
340/400 complete: [15, 1]
341/400 complete: [4, 15]
342/400 unsupported: [9, 6]
343/400 complete: [3, 15]
344/400 unsupported: [10, 10]
345/400 complete: [5, 18]
346/400 unsupported: [4, 2]
347/400 complete: [8, 17]
348/400 complete: [15, 7]
349/400 unsupported: [0, 4]
350/400 unsupported: [12, 2]
351/400 unsupported: [4, 8]
352/400 complete: [15, 16]
353/400 complete: [6, 15]
354/400 complete: [16, 7]
355/400 complete: [1, 15]
356/400 complete: [17, 8]
357/400 unsupported: [5, 9]
358/400 unsupported: [1, 0]
359/400 complete: [10, 16]
360/400 complete: [15, 6]
361/400 unsupported: [7, 7]
362/400 complete: [15, 2]
363/400 complete: [9, 16]
364/400 unsupported: [1, 5]
365/400 complete: [12, 18]
366/400 complete: [16, 3]
367/400 unsupported: [4, 7]
368/400 complete: [18, 8]
369/400 complete: [9, 15]
370/400 unsupported: [2, 4]
371/400 unsupported: [2, 5]
372/400 complete: [17, 2]
373/400 complete: [8, 16]
374/400 complete: [17, 10]
375/400 unsupported: [12, 9]
376/400 unsupported: [4, 0]
377/400 complete: [13, 19]
378/400 complete: [15, 5]
379/400 unsupported: [1, 1]
380/400 unsupported: [9, 6]
381/400 unsupported: [1, 2]
382/400 complete: [16, 4]
383/400 complete: [7, 15]
384/400 unsupported: [6, 1]
385/400 unsupported: [1, 0]
386/400 unsupported: [5, 4]
387/400 complete: [5, 16]
388/400 unsupported: [0, 6]
389/400 complete: [4, 15]
390/400 complete: [15, 3]
391/400 complete: [7, 15]
392/400 unsupported: [4, 1]
393/400 unsupported: [0, 0]
394/400 unsupported: [0, 0]
395/400 complete: [4, 15]
396/400 complete: [16, 6]
397/400 complete: [7, 15]
398/400 complete: [15, 0]
399/400 complete: [10, 16]
400/400 unsupported: [7, 0]
