{
  "arms": {
    "control": [
      0.276,
      0.276
    ],
    "blind-alpha": [
      0.2925,
      0.2925
    ],
    "privileged-sr": [
      0.29925,
      0.29925
    ]
  },
  "contrasts": {
    "blind-alpha": {
      "delta_credit_bounds": [
        0.0165,
        0.0165
      ],
      "paired_bootstrap95": [
        -0.0022499999999999742,
        0.03475
      ],
      "paired_bootstrap97_5": [
        -0.0050000000000000044,
        0.037500000000000006
      ],
      "simultaneous_hoeffding95": [
        -0.07711652241643972,
        0.11011652241643972
      ],
      "control_gap_reduced_fraction_bounds": [
        0.0736607142857143,
        0.0736607142857143
      ],
      "control_gap_reduced_fraction_bootstrap95": [
        -0.009858424707822189,
        0.15074826701347196
      ]
    },
    "privileged-sr": {
      "delta_credit_bounds": [
        0.02325,
        0.02325
      ],
      "paired_bootstrap95": [
        -0.004249999999999976,
        0.05025000000000002
      ],
      "paired_bootstrap97_5": [
        -0.007749999999999979,
        0.05399999999999999
      ],
      "simultaneous_hoeffding95": [
        -0.07036652241643973,
        0.11686652241643972
      ],
      "control_gap_reduced_fraction_bounds": [
        0.10379464285714286,
        0.10379464285714286
      ],
      "control_gap_reduced_fraction_bootstrap95": [
        -0.019729123792911363,
        0.2126502151362278
      ]
    }
  }
}
