{
  "schema": "information-fair-lossless-chunks-v1",
  "raw_file": "games.jsonl",
  "raw_sha256": "2ac96a6a1e29f7fe4a8ca3401657b17de5667d3d85dde1af6798b36082134b15",
  "games": 2000,
  "chunks": [
    {
      "file": "games.part-00.jsonl.gz",
      "archive_sha256": "8b4c06ddc1a25df200f6d7d0deed143665cbc8515cd5dc7fb54747c2dec30bc8",
      "raw_sha256": "2ac96a6a1e29f7fe4a8ca3401657b17de5667d3d85dde1af6798b36082134b15",
      "raw_bytes": 26595145,
      "archive_bytes": 11374027,
      "games": 2000
    }
  ],
  "shards": [
    {
      "file": "shard-00.jsonl",
      "raw_sha256": "5a26a8a49bfda06aa9b4bacb871bef14f6769992554e76325b652ddbf0f82434",
      "start_index": 0,
      "games": 250
    },
    {
      "file": "shard-01.jsonl",
      "raw_sha256": "d8132a2168e071967f4eab4e3bc5ecb0a120e68a1f56668e02b59415253459c4",
      "start_index": 250,
      "games": 250
    },
    {
      "file": "shard-02.jsonl",
      "raw_sha256": "5ac52e9cbdcff9dc963135ee3eab60179441f83332ef6477aaf052d2f738d3a3",
      "start_index": 500,
      "games": 250
    },
    {
      "file": "shard-03.jsonl",
      "raw_sha256": "9ce9af06bc29903e5f22c83a55090bcb5754ef3d5843b27da393a3fbd68c7698",
      "start_index": 750,
      "games": 250
    },
    {
      "file": "shard-04.jsonl",
      "raw_sha256": "444ef5f0002c9692eceaf27cc801a4d0697353eaa8469d609b5cee1ad3b7479a",
      "start_index": 1000,
      "games": 250
    },
    {
      "file": "shard-05.jsonl",
      "raw_sha256": "0194fea40303b4a5f4d885b70ccdd037c9176a7b744113040e95bbda215725a7",
      "start_index": 1250,
      "games": 250
    },
    {
      "file": "shard-06.jsonl",
      "raw_sha256": "f1546392607f9b350da2a83c0f4903326b09491784a86ec275743443b38fa6b2",
      "start_index": 1500,
      "games": 250
    },
    {
      "file": "shard-07.jsonl",
      "raw_sha256": "3a3cc6773849857b83de30d0d424d55e19e4dabe43277a79e87bdcf03c108ae8",
      "start_index": 1750,
      "games": 250
    }
  ],
  "restore": "Concatenate gzip-decompressed chunks in listed order to recover games.jsonl exactly. Shard headers are in shard_metadata; select rows by start_index/games to recover each shard exactly."
}
