{
  "schema": "information-fair-lossless-chunks-v1",
  "raw_file": "games.jsonl",
  "raw_sha256": "f612d9fd2a8ba74b215dbe59dc4e706f755706f0b77a9d5d038d4a186ea3a67e",
  "games": 20000,
  "chunks": [
    {
      "file": "games.part-00.jsonl.gz",
      "archive_sha256": "75cc19ba418150addfd1887ae87b0e6a7b3828be7992d7cee45b038c7f182811",
      "raw_sha256": "301fa9597c10f6b636a6f6177bd5f39d4b7f269294848a4e4e7e19e93a8e0079",
      "raw_bytes": 33172036,
      "archive_bytes": 14181357,
      "games": 2500
    },
    {
      "file": "games.part-01.jsonl.gz",
      "archive_sha256": "edcdb90ef5be5a2887335afd9e13be143f02a43fb01c749df825dd4329c7779a",
      "raw_sha256": "f5a72a0c8b9b7efa3863ff39be19695337143596d27f628a1abd17485f974bff",
      "raw_bytes": 33214008,
      "archive_bytes": 14227746,
      "games": 2500
    },
    {
      "file": "games.part-02.jsonl.gz",
      "archive_sha256": "5aa09f10037fb1a0d97d27324ebc0c578d391769862627cb44748d7f67e56072",
      "raw_sha256": "1e9c8c657d59cff814da8f232c6232f671c556a69c6087bc3e316eaaf87dd3d6",
      "raw_bytes": 33139603,
      "archive_bytes": 14184533,
      "games": 2500
    },
    {
      "file": "games.part-03.jsonl.gz",
      "archive_sha256": "fadadac20d4f5b4ecec5134ceb6467778783d22f0e084f92bbd59f15d8d8186f",
      "raw_sha256": "e538dc11e36cda6703b7c3738f8103d11fd17061eaf95bd7ddef530917ed6f62",
      "raw_bytes": 33171345,
      "archive_bytes": 14200109,
      "games": 2500
    },
    {
      "file": "games.part-04.jsonl.gz",
      "archive_sha256": "b6811273af7c9aea7065d92f81645a41041dd13e9cf7d0b3843ea6c1984ee0ce",
      "raw_sha256": "fcd46647bb901a81e8d9bed2ed627dd040be92b20ddce41c665268dc5cad4bb9",
      "raw_bytes": 33195672,
      "archive_bytes": 14209744,
      "games": 2500
    },
    {
      "file": "games.part-05.jsonl.gz",
      "archive_sha256": "746e740efbf92494da33ca17ce310340fe40a7580ac1b5ed836b2591b3361e69",
      "raw_sha256": "eb2894856343d6bc0a65a61890f49dafce1c7c1197903b0b22d1d259b0d7e75a",
      "raw_bytes": 33131079,
      "archive_bytes": 14170482,
      "games": 2500
    },
    {
      "file": "games.part-06.jsonl.gz",
      "archive_sha256": "24862847a48addecea7840793dc1be44d6a50524fb2833e34e768258f60cf4c2",
      "raw_sha256": "fc26175ce6459b633afb20669e1c89e30f2742b41a143c91091ec984761a8fd3",
      "raw_bytes": 33142036,
      "archive_bytes": 14166348,
      "games": 2500
    },
    {
      "file": "games.part-07.jsonl.gz",
      "archive_sha256": "3addbd79578cd48f085e62fbd3574d43b41e157465225a1a0b3d726b309a0017",
      "raw_sha256": "ee5b7a6c550484b4e53e7f8d834d5f41388c192ae2638e652b7cd06b25754df6",
      "raw_bytes": 33126377,
      "archive_bytes": 14169302,
      "games": 2500
    }
  ],
  "shards": [
    {
      "file": "shard-00.jsonl",
      "raw_sha256": "b110d2679fd300ec46006ac6571cd897109cdc8275c295c7615bd6c1219ee283",
      "start_index": 0,
      "games": 2500
    },
    {
      "file": "shard-01.jsonl",
      "raw_sha256": "b96a58d7d89ce5694d093969191cf845db0d831fab9c72afef33caaa7c736dc2",
      "start_index": 2500,
      "games": 2500
    },
    {
      "file": "shard-02.jsonl",
      "raw_sha256": "314bdfab0532ec7dc00596f186cba8bf4808e5dcb1c84097580b280df806369f",
      "start_index": 5000,
      "games": 2500
    },
    {
      "file": "shard-03.jsonl",
      "raw_sha256": "37b9828c750ffea9442ddcbf714147db9afec8eea095a6b85d7ee0608de1aa18",
      "start_index": 7500,
      "games": 2500
    },
    {
      "file": "shard-04.jsonl",
      "raw_sha256": "707b991050ffce8f7d03260e924c682ffa3d7f21ac09cbd3a18909b78e604002",
      "start_index": 10000,
      "games": 2500
    },
    {
      "file": "shard-05.jsonl",
      "raw_sha256": "e336bbc9cf881dda6d8a584fdd774960d2bade26d287aaeb4f4781c4ff9f722a",
      "start_index": 12500,
      "games": 2500
    },
    {
      "file": "shard-06.jsonl",
      "raw_sha256": "56cbc8914fee2eb65f5a1b43d717d3da1dca8ae56d9a28f4d93f2b4ac09a5ae6",
      "start_index": 15000,
      "games": 2500
    },
    {
      "file": "shard-07.jsonl",
      "raw_sha256": "fea2b7a06be0df0fc4aafe0e17334a5b49f68728a63c341a33be896808d40af1",
      "start_index": 17500,
      "games": 2500
    }
  ],
  "restore": "Concatenate gzip-decompressed chunks in listed order to recover games.jsonl exactly. Shard headers are in shard_metadata; select rows by start_index/games to recover each shard exactly."
}
