{
  "schema": "information-fair-lossless-chunks-v1",
  "raw_file": "games.jsonl",
  "raw_sha256": "927101a3c61b692f84690a7a4c5279127b2ce288e20925459f2b2daf2565a501",
  "games": 20000,
  "chunks": [
    {
      "file": "games.part-00.jsonl.gz",
      "archive_sha256": "8297ea1d46e8e584bb08d4562f7f6691badb4fa5b92f804fe7d5d2ea862aa0a7",
      "raw_sha256": "e80bbe4b2c8d7eeaf244a42cefba37582b51256335cccffc85202465bdd78349",
      "raw_bytes": 33293583,
      "archive_bytes": 14090174,
      "games": 2500
    },
    {
      "file": "games.part-01.jsonl.gz",
      "archive_sha256": "a98ef21fb5464f43b0139af26b43ecda3961fcc59ee87cbcda2a9f4b26331f7d",
      "raw_sha256": "ebfabc471dcec92cc2820e4c29a9a6f7165dd9d463d7705a4ddb8bfbed014760",
      "raw_bytes": 33199025,
      "archive_bytes": 14056502,
      "games": 2500
    },
    {
      "file": "games.part-02.jsonl.gz",
      "archive_sha256": "3a3aae18341c0040c89ac22484897d50b81ddf00e2686831d657ddfd62e322cb",
      "raw_sha256": "0d5e9d7cf6105f08b747e72f0eca23a21e33ba28213bce8b1e9667f549e412d0",
      "raw_bytes": 33294838,
      "archive_bytes": 14097708,
      "games": 2500
    },
    {
      "file": "games.part-03.jsonl.gz",
      "archive_sha256": "01301ea566ca56710f8f38d762caf27fdac98c971f7d9a97f9b7048d4d98394c",
      "raw_sha256": "4db42a8fb9a175e82e6ab769e12648f64d940c5848efce2b1982c50276008d44",
      "raw_bytes": 33317758,
      "archive_bytes": 14112044,
      "games": 2500
    },
    {
      "file": "games.part-04.jsonl.gz",
      "archive_sha256": "6294fa40b5d2c1a37800e7a745d48c536aacf2cb844ba65d69fbc7f290b50372",
      "raw_sha256": "7351ca0aea05430ba50d3d383f9fe2a9e5808f030bff2b98f7022191b5e7d3c8",
      "raw_bytes": 33260244,
      "archive_bytes": 14091721,
      "games": 2500
    },
    {
      "file": "games.part-05.jsonl.gz",
      "archive_sha256": "982ae9b00a3bb8487946a1e651d6986be97f49795d07e41c8a9c8490ab6d8d77",
      "raw_sha256": "a97e76985572ed6c376d9072b4d3d703b46c0129ab9ab6cd2a12e5daf1ba772b",
      "raw_bytes": 33242954,
      "archive_bytes": 14075963,
      "games": 2500
    },
    {
      "file": "games.part-06.jsonl.gz",
      "archive_sha256": "7095a4073c75d1b9d78c0117c8ae65c0dedc4c4b7a257af3020c7581ffffbdf7",
      "raw_sha256": "1c2b63f0d427caf4b1581899898e0dd7654517869348a1b9368e519d9ba0f418",
      "raw_bytes": 33182964,
      "archive_bytes": 14049317,
      "games": 2500
    },
    {
      "file": "games.part-07.jsonl.gz",
      "archive_sha256": "4e82a9b1023899a429b06d0868ffacbb4e29a06a6adff1930fe474751fad21ab",
      "raw_sha256": "ec91cee32924641f722eaff1b357140feadbb9f085f4deed79b66b3a0d4fd02f",
      "raw_bytes": 33191027,
      "archive_bytes": 14052551,
      "games": 2500
    }
  ],
  "shards": [
    {
      "file": "shard-00.jsonl",
      "raw_sha256": "4bb152f4a8d3dc40c0555efe6b92a5f8087501f4f4f399d1e6e9ac6502779a81",
      "start_index": 0,
      "games": 2500
    },
    {
      "file": "shard-01.jsonl",
      "raw_sha256": "a8118684f1f7cced6f813ab7828289469fb53a8b2c49333caea79cdd8db5f22e",
      "start_index": 2500,
      "games": 2500
    },
    {
      "file": "shard-02.jsonl",
      "raw_sha256": "131a6c5c6845ffcecf772f1c457229f617a7da56d69824a8433f2b78a16ebb03",
      "start_index": 5000,
      "games": 2500
    },
    {
      "file": "shard-03.jsonl",
      "raw_sha256": "ed2fcef0d86bc9b5c5f957b0315c2c7b764621960d26a221359fa1835608be36",
      "start_index": 7500,
      "games": 2500
    },
    {
      "file": "shard-04.jsonl",
      "raw_sha256": "3828e5ea96174293bc2d145a73da28793dbf110c9004020186b9c676f06a44f9",
      "start_index": 10000,
      "games": 2500
    },
    {
      "file": "shard-05.jsonl",
      "raw_sha256": "850dcb554b8371ff2339358f201033047c1ad967ecb666a2889e73e107a6e81e",
      "start_index": 12500,
      "games": 2500
    },
    {
      "file": "shard-06.jsonl",
      "raw_sha256": "9eaffb1600be7aa2813bb77d2cbab51d74889bbc367a51158d8879641bb1748a",
      "start_index": 15000,
      "games": 2500
    },
    {
      "file": "shard-07.jsonl",
      "raw_sha256": "2c6b04205bc9045f0a4902ffadf0bf8c73bbd49b9e1d10723f5e18d76cceab58",
      "start_index": 17500,
      "games": 2500
    }
  ],
  "restore": "Concatenate gzip-decompressed chunks in listed order to recover games.jsonl exactly. Shard headers are in shard_metadata; select rows by start_index/games to recover each shard exactly."
}
