trace,profile,phase,repeat,iterations,operations,seconds,operations_per_second
/Users/payton.jones/dev/splendorust/benchmarks/results/current-20261006/replay-forward/seed-424285.txt,original_full_turn_trace,all_turns,0,100000,7600000,0.303263834,2.51e+07
/Users/payton.jones/dev/splendorust/benchmarks/results/current-20261006/replay-forward/seed-424285.txt,mask_generation,regular,0,100000,7000000,0.110740458,6.32e+07
/Users/payton.jones/dev/splendorust/benchmarks/results/current-20261006/replay-forward/seed-424285.txt,mask_generation,return,0,100000,500000,0.00219775,2.28e+08
/Users/payton.jones/dev/splendorust/benchmarks/results/current-20261006/replay-forward/seed-424285.txt,mask_generation,noble,0,100000,100000,0.004172375,2.4e+07
/Users/payton.jones/dev/splendorust/benchmarks/results/current-20261006/replay-forward/seed-424285.txt,mask_generation,terminal,0,100000,0,4.2e-08,0
/Users/payton.jones/dev/splendorust/benchmarks/results/current-20261006/replay-forward/seed-424285.txt,pregenerated_mask_membership,all,0,100000,7600000,0.004814083,1.58e+09
/Users/payton.jones/dev/splendorust/benchmarks/results/current-20261006/replay-forward/seed-424285.txt,canonical_payment_check,buy,0,100000,4700000,0.012227333,3.84e+08
/Users/payton.jones/dev/splendorust/benchmarks/results/current-20261006/replay-forward/seed-424285.txt,clone_only,all,0,100000,7600000,1.38424171,5.49e+06
/Users/payton.jones/dev/splendorust/benchmarks/results/current-20261006/replay-forward/seed-424285.txt,clone_plus_apply,all,0,100000,7600000,1.64882788,4.61e+06
/Users/payton.jones/dev/splendorust/benchmarks/results/current-20261006/replay-forward/seed-424285.txt,predecoded_full_enum_apply,all_turns,0,100000,7600000,0.265549666,2.86e+07
/Users/payton.jones/dev/splendorust/benchmarks/results/current-20261006/replay-forward/seed-424285.txt,predecoded_checked_apply_only,all_turns,0,100000,7600000,0.140246541,5.42e+07
/Users/payton.jones/dev/splendorust/benchmarks/results/current-20261006/replay-forward/seed-424285.txt,original_full_turn_trace,all_turns,1,100000,7600000,0.288790792,2.63e+07
/Users/payton.jones/dev/splendorust/benchmarks/results/current-20261006/replay-forward/seed-424285.txt,mask_generation,regular,1,100000,7000000,0.103932958,6.74e+07
/Users/payton.jones/dev/splendorust/benchmarks/results/current-20261006/replay-forward/seed-424285.txt,mask_generation,return,1,100000,500000,0.001864875,2.68e+08
/Users/payton.jones/dev/splendorust/benchmarks/results/current-20261006/replay-forward/seed-424285.txt,mask_generation,noble,1,100000,100000,0.00391275,2.56e+07
/Users/payton.jones/dev/splendorust/benchmarks/results/current-20261006/replay-forward/seed-424285.txt,mask_generation,terminal,1,100000,0,0,0
/Users/payton.jones/dev/splendorust/benchmarks/results/current-20261006/replay-forward/seed-424285.txt,pregenerated_mask_membership,all,1,100000,7600000,0.004945875,1.54e+09
/Users/payton.jones/dev/splendorust/benchmarks/results/current-20261006/replay-forward/seed-424285.txt,canonical_payment_check,buy,1,100000,4700000,0.01190925,3.95e+08
/Users/payton.jones/dev/splendorust/benchmarks/results/current-20261006/replay-forward/seed-424285.txt,clone_only,all,1,100000,7600000,1.39514379,5.45e+06
/Users/payton.jones/dev/splendorust/benchmarks/results/current-20261006/replay-forward/seed-424285.txt,clone_plus_apply,all,1,100000,7600000,1.63425125,4.65e+06
/Users/payton.jones/dev/splendorust/benchmarks/results/current-20261006/replay-forward/seed-424285.txt,predecoded_full_enum_apply,all_turns,1,100000,7600000,0.262446125,2.9e+07
/Users/payton.jones/dev/splendorust/benchmarks/results/current-20261006/replay-forward/seed-424285.txt,predecoded_checked_apply_only,all_turns,1,100000,7600000,0.13773025,5.52e+07
/Users/payton.jones/dev/splendorust/benchmarks/results/current-20261006/replay-forward/seed-424285.txt,original_full_turn_trace,all_turns,2,100000,7600000,0.28933175,2.63e+07
/Users/payton.jones/dev/splendorust/benchmarks/results/current-20261006/replay-forward/seed-424285.txt,mask_generation,regular,2,100000,7000000,0.105972292,6.61e+07
/Users/payton.jones/dev/splendorust/benchmarks/results/current-20261006/replay-forward/seed-424285.txt,mask_generation,return,2,100000,500000,0.001877166,2.66e+08
/Users/payton.jones/dev/splendorust/benchmarks/results/current-20261006/replay-forward/seed-424285.txt,mask_generation,noble,2,100000,100000,0.004204666,2.38e+07
/Users/payton.jones/dev/splendorust/benchmarks/results/current-20261006/replay-forward/seed-424285.txt,mask_generation,terminal,2,100000,0,0,0
/Users/payton.jones/dev/splendorust/benchmarks/results/current-20261006/replay-forward/seed-424285.txt,pregenerated_mask_membership,all,2,100000,7600000,0.005065125,1.5e+09
/Users/payton.jones/dev/splendorust/benchmarks/results/current-20261006/replay-forward/seed-424285.txt,canonical_payment_check,buy,2,100000,4700000,0.012065041,3.9e+08
/Users/payton.jones/dev/splendorust/benchmarks/results/current-20261006/replay-forward/seed-424285.txt,clone_only,all,2,100000,7600000,1.36771288,5.56e+06
/Users/payton.jones/dev/splendorust/benchmarks/results/current-20261006/replay-forward/seed-424285.txt,clone_plus_apply,all,2,100000,7600000,1.66453363,4.57e+06
/Users/payton.jones/dev/splendorust/benchmarks/results/current-20261006/replay-forward/seed-424285.txt,predecoded_full_enum_apply,all_turns,2,100000,7600000,0.26254325,2.89e+07
/Users/payton.jones/dev/splendorust/benchmarks/results/current-20261006/replay-forward/seed-424285.txt,predecoded_checked_apply_only,all_turns,2,100000,7600000,0.137686666,5.52e+07
/Users/payton.jones/dev/splendorust/benchmarks/results/current-20261006/replay-forward/seed-424285.txt,original_full_turn_trace,all_turns,3,100000,7600000,0.299257708,2.54e+07
/Users/payton.jones/dev/splendorust/benchmarks/results/current-20261006/replay-forward/seed-424285.txt,mask_generation,regular,3,100000,7000000,0.105856709,6.61e+07
/Users/payton.jones/dev/splendorust/benchmarks/results/current-20261006/replay-forward/seed-424285.txt,mask_generation,return,3,100000,500000,0.001818,2.75e+08
/Users/payton.jones/dev/splendorust/benchmarks/results/current-20261006/replay-forward/seed-424285.txt,mask_generation,noble,3,100000,100000,0.00402125,2.49e+07
/Users/payton.jones/dev/splendorust/benchmarks/results/current-20261006/replay-forward/seed-424285.txt,mask_generation,terminal,3,100000,0,0,0
/Users/payton.jones/dev/splendorust/benchmarks/results/current-20261006/replay-forward/seed-424285.txt,pregenerated_mask_membership,all,3,100000,7600000,0.005101958,1.49e+09
/Users/payton.jones/dev/splendorust/benchmarks/results/current-20261006/replay-forward/seed-424285.txt,canonical_payment_check,buy,3,100000,4700000,0.012012416,3.91e+08
/Users/payton.jones/dev/splendorust/benchmarks/results/current-20261006/replay-forward/seed-424285.txt,clone_only,all,3,100000,7600000,1.39837733,5.43e+06
/Users/payton.jones/dev/splendorust/benchmarks/results/current-20261006/replay-forward/seed-424285.txt,clone_plus_apply,all,3,100000,7600000,1.66931292,4.55e+06
/Users/payton.jones/dev/splendorust/benchmarks/results/current-20261006/replay-forward/seed-424285.txt,predecoded_full_enum_apply,all_turns,3,100000,7600000,0.265923083,2.86e+07
/Users/payton.jones/dev/splendorust/benchmarks/results/current-20261006/replay-forward/seed-424285.txt,predecoded_checked_apply_only,all_turns,3,100000,7600000,0.13986825,5.43e+07
/Users/payton.jones/dev/splendorust/benchmarks/results/current-20261006/replay-forward/seed-424285.txt,original_full_turn_trace,all_turns,4,100000,7600000,0.294350542,2.58e+07
/Users/payton.jones/dev/splendorust/benchmarks/results/current-20261006/replay-forward/seed-424285.txt,mask_generation,regular,4,100000,7000000,0.107236292,6.53e+07
/Users/payton.jones/dev/splendorust/benchmarks/results/current-20261006/replay-forward/seed-424285.txt,mask_generation,return,4,100000,500000,0.001981875,2.52e+08
/Users/payton.jones/dev/splendorust/benchmarks/results/current-20261006/replay-forward/seed-424285.txt,mask_generation,noble,4,100000,100000,0.003753417,2.66e+07
/Users/payton.jones/dev/splendorust/benchmarks/results/current-20261006/replay-forward/seed-424285.txt,mask_generation,terminal,4,100000,0,4.2e-08,0
/Users/payton.jones/dev/splendorust/benchmarks/results/current-20261006/replay-forward/seed-424285.txt,pregenerated_mask_membership,all,4,100000,7600000,0.00504125,1.51e+09
/Users/payton.jones/dev/splendorust/benchmarks/results/current-20261006/replay-forward/seed-424285.txt,canonical_payment_check,buy,4,100000,4700000,0.011922375,3.94e+08
/Users/payton.jones/dev/splendorust/benchmarks/results/current-20261006/replay-forward/seed-424285.txt,clone_only,all,4,100000,7600000,1.37575837,5.52e+06
/Users/payton.jones/dev/splendorust/benchmarks/results/current-20261006/replay-forward/seed-424285.txt,clone_plus_apply,all,4,100000,7600000,1.63501996,4.65e+06
/Users/payton.jones/dev/splendorust/benchmarks/results/current-20261006/replay-forward/seed-424285.txt,predecoded_full_enum_apply,all_turns,4,100000,7600000,0.262438,2.9e+07
/Users/payton.jones/dev/splendorust/benchmarks/results/current-20261006/replay-forward/seed-424285.txt,predecoded_checked_apply_only,all_turns,4,100000,7600000,0.139377875,5.45e+07
/Users/payton.jones/dev/splendorust/benchmarks/results/current-20261006/replay-forward/seed-424285.txt,original_full_turn_trace,all_turns,5,100000,7600000,0.290728458,2.61e+07
/Users/payton.jones/dev/splendorust/benchmarks/results/current-20261006/replay-forward/seed-424285.txt,mask_generation,regular,5,100000,7000000,0.1072615,6.53e+07
/Users/payton.jones/dev/splendorust/benchmarks/results/current-20261006/replay-forward/seed-424285.txt,mask_generation,return,5,100000,500000,0.001840375,2.72e+08
/Users/payton.jones/dev/splendorust/benchmarks/results/current-20261006/replay-forward/seed-424285.txt,mask_generation,noble,5,100000,100000,0.004135083,2.42e+07
/Users/payton.jones/dev/splendorust/benchmarks/results/current-20261006/replay-forward/seed-424285.txt,mask_generation,terminal,5,100000,0,0,0
/Users/payton.jones/dev/splendorust/benchmarks/results/current-20261006/replay-forward/seed-424285.txt,pregenerated_mask_membership,all,5,100000,7600000,0.005062417,1.5e+09
/Users/payton.jones/dev/splendorust/benchmarks/results/current-20261006/replay-forward/seed-424285.txt,canonical_payment_check,buy,5,100000,4700000,0.011880042,3.96e+08
/Users/payton.jones/dev/splendorust/benchmarks/results/current-20261006/replay-forward/seed-424285.txt,clone_only,all,5,100000,7600000,1.3510725,5.63e+06
/Users/payton.jones/dev/splendorust/benchmarks/results/current-20261006/replay-forward/seed-424285.txt,clone_plus_apply,all,5,100000,7600000,1.63935554,4.64e+06
/Users/payton.jones/dev/splendorust/benchmarks/results/current-20261006/replay-forward/seed-424285.txt,predecoded_full_enum_apply,all_turns,5,100000,7600000,0.263376208,2.89e+07
/Users/payton.jones/dev/splendorust/benchmarks/results/current-20261006/replay-forward/seed-424285.txt,predecoded_checked_apply_only,all_turns,5,100000,7600000,0.137152916,5.54e+07
/Users/payton.jones/dev/splendorust/benchmarks/results/current-20261006/replay-forward/seed-424285.txt,original_full_turn_trace,all_turns,6,100000,7600000,0.287864458,2.64e+07
/Users/payton.jones/dev/splendorust/benchmarks/results/current-20261006/replay-forward/seed-424285.txt,mask_generation,regular,6,100000,7000000,0.104091791,6.72e+07
/Users/payton.jones/dev/splendorust/benchmarks/results/current-20261006/replay-forward/seed-424285.txt,mask_generation,return,6,100000,500000,0.001907375,2.62e+08
/Users/payton.jones/dev/splendorust/benchmarks/results/current-20261006/replay-forward/seed-424285.txt,mask_generation,noble,6,100000,100000,0.004059334,2.46e+07
/Users/payton.jones/dev/splendorust/benchmarks/results/current-20261006/replay-forward/seed-424285.txt,mask_generation,terminal,6,100000,0,4.1e-08,0
/Users/payton.jones/dev/splendorust/benchmarks/results/current-20261006/replay-forward/seed-424285.txt,pregenerated_mask_membership,all,6,100000,7600000,0.005081041,1.5e+09
/Users/payton.jones/dev/splendorust/benchmarks/results/current-20261006/replay-forward/seed-424285.txt,canonical_payment_check,buy,6,100000,4700000,0.011854958,3.96e+08
/Users/payton.jones/dev/splendorust/benchmarks/results/current-20261006/replay-forward/seed-424285.txt,clone_only,all,6,100000,7600000,1.36797975,5.56e+06
/Users/payton.jones/dev/splendorust/benchmarks/results/current-20261006/replay-forward/seed-424285.txt,clone_plus_apply,all,6,100000,7600000,1.62764296,4.67e+06
/Users/payton.jones/dev/splendorust/benchmarks/results/current-20261006/replay-forward/seed-424285.txt,predecoded_full_enum_apply,all_turns,6,100000,7600000,0.262374834,2.9e+07
/Users/payton.jones/dev/splendorust/benchmarks/results/current-20261006/replay-forward/seed-424285.txt,predecoded_checked_apply_only,all_turns,6,100000,7600000,0.138722584,5.48e+07
