trace,profile,phase,repeat,iterations,operations,seconds,operations_per_second
/Users/payton.jones/dev/splendorust/benchmarks/results/current-20261006/replay-forward/seed-424268.txt,original_full_turn_trace,all_turns,0,100000,6400000,0.274846125,2.33e+07
/Users/payton.jones/dev/splendorust/benchmarks/results/current-20261006/replay-forward/seed-424268.txt,mask_generation,regular,0,100000,6400000,0.110022,5.82e+07
/Users/payton.jones/dev/splendorust/benchmarks/results/current-20261006/replay-forward/seed-424268.txt,mask_generation,return,0,100000,0,0,0
/Users/payton.jones/dev/splendorust/benchmarks/results/current-20261006/replay-forward/seed-424268.txt,mask_generation,noble,0,100000,0,0,0
/Users/payton.jones/dev/splendorust/benchmarks/results/current-20261006/replay-forward/seed-424268.txt,mask_generation,terminal,0,100000,0,4.1e-08,0
/Users/payton.jones/dev/splendorust/benchmarks/results/current-20261006/replay-forward/seed-424268.txt,pregenerated_mask_membership,all,0,100000,6400000,0.004281875,1.49e+09
/Users/payton.jones/dev/splendorust/benchmarks/results/current-20261006/replay-forward/seed-424268.txt,canonical_payment_check,buy,0,100000,4900000,0.013162875,3.72e+08
/Users/payton.jones/dev/splendorust/benchmarks/results/current-20261006/replay-forward/seed-424268.txt,clone_only,all,0,100000,6400000,1.265842,5.06e+06
/Users/payton.jones/dev/splendorust/benchmarks/results/current-20261006/replay-forward/seed-424268.txt,clone_plus_apply,all,0,100000,6400000,1.49991337,4.27e+06
/Users/payton.jones/dev/splendorust/benchmarks/results/current-20261006/replay-forward/seed-424268.txt,predecoded_full_enum_apply,all_turns,0,100000,6400000,0.2201305,2.91e+07
/Users/payton.jones/dev/splendorust/benchmarks/results/current-20261006/replay-forward/seed-424268.txt,predecoded_checked_apply_only,all_turns,0,100000,6400000,0.115178041,5.56e+07
/Users/payton.jones/dev/splendorust/benchmarks/results/current-20261006/replay-forward/seed-424268.txt,original_full_turn_trace,all_turns,1,100000,6400000,0.24916625,2.57e+07
/Users/payton.jones/dev/splendorust/benchmarks/results/current-20261006/replay-forward/seed-424268.txt,mask_generation,regular,1,100000,6400000,0.098748125,6.48e+07
/Users/payton.jones/dev/splendorust/benchmarks/results/current-20261006/replay-forward/seed-424268.txt,mask_generation,return,1,100000,0,4.1e-08,0
/Users/payton.jones/dev/splendorust/benchmarks/results/current-20261006/replay-forward/seed-424268.txt,mask_generation,noble,1,100000,0,4.2e-08,0
/Users/payton.jones/dev/splendorust/benchmarks/results/current-20261006/replay-forward/seed-424268.txt,mask_generation,terminal,1,100000,0,0,0
/Users/payton.jones/dev/splendorust/benchmarks/results/current-20261006/replay-forward/seed-424268.txt,pregenerated_mask_membership,all,1,100000,6400000,0.003813625,1.68e+09
/Users/payton.jones/dev/splendorust/benchmarks/results/current-20261006/replay-forward/seed-424268.txt,canonical_payment_check,buy,1,100000,4900000,0.012413541,3.95e+08
/Users/payton.jones/dev/splendorust/benchmarks/results/current-20261006/replay-forward/seed-424268.txt,clone_only,all,1,100000,6400000,1.24361612,5.15e+06
/Users/payton.jones/dev/splendorust/benchmarks/results/current-20261006/replay-forward/seed-424268.txt,clone_plus_apply,all,1,100000,6400000,1.48054304,4.32e+06
/Users/payton.jones/dev/splendorust/benchmarks/results/current-20261006/replay-forward/seed-424268.txt,predecoded_full_enum_apply,all_turns,1,100000,6400000,0.21668375,2.95e+07
/Users/payton.jones/dev/splendorust/benchmarks/results/current-20261006/replay-forward/seed-424268.txt,predecoded_checked_apply_only,all_turns,1,100000,6400000,0.114818958,5.57e+07
/Users/payton.jones/dev/splendorust/benchmarks/results/current-20261006/replay-forward/seed-424268.txt,original_full_turn_trace,all_turns,2,100000,6400000,0.244493792,2.62e+07
/Users/payton.jones/dev/splendorust/benchmarks/results/current-20261006/replay-forward/seed-424268.txt,mask_generation,regular,2,100000,6400000,0.095441458,6.71e+07
/Users/payton.jones/dev/splendorust/benchmarks/results/current-20261006/replay-forward/seed-424268.txt,mask_generation,return,2,100000,0,0,0
/Users/payton.jones/dev/splendorust/benchmarks/results/current-20261006/replay-forward/seed-424268.txt,mask_generation,noble,2,100000,0,0,0
/Users/payton.jones/dev/splendorust/benchmarks/results/current-20261006/replay-forward/seed-424268.txt,mask_generation,terminal,2,100000,0,4.2e-08,0
/Users/payton.jones/dev/splendorust/benchmarks/results/current-20261006/replay-forward/seed-424268.txt,pregenerated_mask_membership,all,2,100000,6400000,0.003799458,1.68e+09
/Users/payton.jones/dev/splendorust/benchmarks/results/current-20261006/replay-forward/seed-424268.txt,canonical_payment_check,buy,2,100000,4900000,0.012662458,3.87e+08
/Users/payton.jones/dev/splendorust/benchmarks/results/current-20261006/replay-forward/seed-424268.txt,clone_only,all,2,100000,6400000,1.28676167,4.97e+06
/Users/payton.jones/dev/splendorust/benchmarks/results/current-20261006/replay-forward/seed-424268.txt,clone_plus_apply,all,2,100000,6400000,1.50306354,4.26e+06
/Users/payton.jones/dev/splendorust/benchmarks/results/current-20261006/replay-forward/seed-424268.txt,predecoded_full_enum_apply,all_turns,2,100000,6400000,0.2210065,2.9e+07
/Users/payton.jones/dev/splendorust/benchmarks/results/current-20261006/replay-forward/seed-424268.txt,predecoded_checked_apply_only,all_turns,2,100000,6400000,0.116592458,5.49e+07
/Users/payton.jones/dev/splendorust/benchmarks/results/current-20261006/replay-forward/seed-424268.txt,original_full_turn_trace,all_turns,3,100000,6400000,0.246416958,2.6e+07
/Users/payton.jones/dev/splendorust/benchmarks/results/current-20261006/replay-forward/seed-424268.txt,mask_generation,regular,3,100000,6400000,0.0981465,6.52e+07
/Users/payton.jones/dev/splendorust/benchmarks/results/current-20261006/replay-forward/seed-424268.txt,mask_generation,return,3,100000,0,0,0
/Users/payton.jones/dev/splendorust/benchmarks/results/current-20261006/replay-forward/seed-424268.txt,mask_generation,noble,3,100000,0,0,0
/Users/payton.jones/dev/splendorust/benchmarks/results/current-20261006/replay-forward/seed-424268.txt,mask_generation,terminal,3,100000,0,0,0
/Users/payton.jones/dev/splendorust/benchmarks/results/current-20261006/replay-forward/seed-424268.txt,pregenerated_mask_membership,all,3,100000,6400000,0.003808375,1.68e+09
/Users/payton.jones/dev/splendorust/benchmarks/results/current-20261006/replay-forward/seed-424268.txt,canonical_payment_check,buy,3,100000,4900000,0.012400666,3.95e+08
/Users/payton.jones/dev/splendorust/benchmarks/results/current-20261006/replay-forward/seed-424268.txt,clone_only,all,3,100000,6400000,1.28727242,4.97e+06
/Users/payton.jones/dev/splendorust/benchmarks/results/current-20261006/replay-forward/seed-424268.txt,clone_plus_apply,all,3,100000,6400000,1.54996713,4.13e+06
/Users/payton.jones/dev/splendorust/benchmarks/results/current-20261006/replay-forward/seed-424268.txt,predecoded_full_enum_apply,all_turns,3,100000,6400000,0.220189375,2.91e+07
/Users/payton.jones/dev/splendorust/benchmarks/results/current-20261006/replay-forward/seed-424268.txt,predecoded_checked_apply_only,all_turns,3,100000,6400000,0.1140045,5.61e+07
/Users/payton.jones/dev/splendorust/benchmarks/results/current-20261006/replay-forward/seed-424268.txt,original_full_turn_trace,all_turns,4,100000,6400000,0.24745825,2.59e+07
/Users/payton.jones/dev/splendorust/benchmarks/results/current-20261006/replay-forward/seed-424268.txt,mask_generation,regular,4,100000,6400000,0.098044584,6.53e+07
/Users/payton.jones/dev/splendorust/benchmarks/results/current-20261006/replay-forward/seed-424268.txt,mask_generation,return,4,100000,0,0,0
/Users/payton.jones/dev/splendorust/benchmarks/results/current-20261006/replay-forward/seed-424268.txt,mask_generation,noble,4,100000,0,0,0
/Users/payton.jones/dev/splendorust/benchmarks/results/current-20261006/replay-forward/seed-424268.txt,mask_generation,terminal,4,100000,0,4.2e-08,0
/Users/payton.jones/dev/splendorust/benchmarks/results/current-20261006/replay-forward/seed-424268.txt,pregenerated_mask_membership,all,4,100000,6400000,0.00379925,1.68e+09
/Users/payton.jones/dev/splendorust/benchmarks/results/current-20261006/replay-forward/seed-424268.txt,canonical_payment_check,buy,4,100000,4900000,0.012347583,3.97e+08
/Users/payton.jones/dev/splendorust/benchmarks/results/current-20261006/replay-forward/seed-424268.txt,clone_only,all,4,100000,6400000,1.24391196,5.15e+06
/Users/payton.jones/dev/splendorust/benchmarks/results/current-20261006/replay-forward/seed-424268.txt,clone_plus_apply,all,4,100000,6400000,1.48342279,4.31e+06
/Users/payton.jones/dev/splendorust/benchmarks/results/current-20261006/replay-forward/seed-424268.txt,predecoded_full_enum_apply,all_turns,4,100000,6400000,0.220466958,2.9e+07
/Users/payton.jones/dev/splendorust/benchmarks/results/current-20261006/replay-forward/seed-424268.txt,predecoded_checked_apply_only,all_turns,4,100000,6400000,0.116678667,5.49e+07
/Users/payton.jones/dev/splendorust/benchmarks/results/current-20261006/replay-forward/seed-424268.txt,original_full_turn_trace,all_turns,5,100000,6400000,0.248572208,2.57e+07
/Users/payton.jones/dev/splendorust/benchmarks/results/current-20261006/replay-forward/seed-424268.txt,mask_generation,regular,5,100000,6400000,0.099421833,6.44e+07
/Users/payton.jones/dev/splendorust/benchmarks/results/current-20261006/replay-forward/seed-424268.txt,mask_generation,return,5,100000,0,0,0
/Users/payton.jones/dev/splendorust/benchmarks/results/current-20261006/replay-forward/seed-424268.txt,mask_generation,noble,5,100000,0,4.2e-08,0
/Users/payton.jones/dev/splendorust/benchmarks/results/current-20261006/replay-forward/seed-424268.txt,mask_generation,terminal,5,100000,0,0,0
/Users/payton.jones/dev/splendorust/benchmarks/results/current-20261006/replay-forward/seed-424268.txt,pregenerated_mask_membership,all,5,100000,6400000,0.003781583,1.69e+09
/Users/payton.jones/dev/splendorust/benchmarks/results/current-20261006/replay-forward/seed-424268.txt,canonical_payment_check,buy,5,100000,4900000,0.0124015,3.95e+08
/Users/payton.jones/dev/splendorust/benchmarks/results/current-20261006/replay-forward/seed-424268.txt,clone_only,all,5,100000,6400000,1.30024279,4.92e+06
/Users/payton.jones/dev/splendorust/benchmarks/results/current-20261006/replay-forward/seed-424268.txt,clone_plus_apply,all,5,100000,6400000,1.55919479,4.1e+06
/Users/payton.jones/dev/splendorust/benchmarks/results/current-20261006/replay-forward/seed-424268.txt,predecoded_full_enum_apply,all_turns,5,100000,6400000,0.220376333,2.9e+07
/Users/payton.jones/dev/splendorust/benchmarks/results/current-20261006/replay-forward/seed-424268.txt,predecoded_checked_apply_only,all_turns,5,100000,6400000,0.116037333,5.52e+07
/Users/payton.jones/dev/splendorust/benchmarks/results/current-20261006/replay-forward/seed-424268.txt,original_full_turn_trace,all_turns,6,100000,6400000,0.250328667,2.56e+07
/Users/payton.jones/dev/splendorust/benchmarks/results/current-20261006/replay-forward/seed-424268.txt,mask_generation,regular,6,100000,6400000,0.099198292,6.45e+07
/Users/payton.jones/dev/splendorust/benchmarks/results/current-20261006/replay-forward/seed-424268.txt,mask_generation,return,6,100000,0,0,0
/Users/payton.jones/dev/splendorust/benchmarks/results/current-20261006/replay-forward/seed-424268.txt,mask_generation,noble,6,100000,0,0,0
/Users/payton.jones/dev/splendorust/benchmarks/results/current-20261006/replay-forward/seed-424268.txt,mask_generation,terminal,6,100000,0,0,0
/Users/payton.jones/dev/splendorust/benchmarks/results/current-20261006/replay-forward/seed-424268.txt,pregenerated_mask_membership,all,6,100000,6400000,0.003803042,1.68e+09
/Users/payton.jones/dev/splendorust/benchmarks/results/current-20261006/replay-forward/seed-424268.txt,canonical_payment_check,buy,6,100000,4900000,0.012475708,3.93e+08
/Users/payton.jones/dev/splendorust/benchmarks/results/current-20261006/replay-forward/seed-424268.txt,clone_only,all,6,100000,6400000,1.26650308,5.05e+06
/Users/payton.jones/dev/splendorust/benchmarks/results/current-20261006/replay-forward/seed-424268.txt,clone_plus_apply,all,6,100000,6400000,1.58566121,4.04e+06
/Users/payton.jones/dev/splendorust/benchmarks/results/current-20261006/replay-forward/seed-424268.txt,predecoded_full_enum_apply,all_turns,6,100000,6400000,0.220024417,2.91e+07
/Users/payton.jones/dev/splendorust/benchmarks/results/current-20261006/replay-forward/seed-424268.txt,predecoded_checked_apply_only,all_turns,6,100000,6400000,0.114541,5.59e+07
