trace,profile,phase,repeat,iterations,operations,seconds,operations_per_second
/Users/payton.jones/dev/splendorust/benchmarks/results/current-20261006/replay-forward/seed-424262.txt,original_full_turn_trace,all_turns,0,100000,7100000,0.324882541,2.19e+07
/Users/payton.jones/dev/splendorust/benchmarks/results/current-20261006/replay-forward/seed-424262.txt,mask_generation,regular,0,100000,6800000,0.108878208,6.25e+07
/Users/payton.jones/dev/splendorust/benchmarks/results/current-20261006/replay-forward/seed-424262.txt,mask_generation,return,0,100000,200000,0.00072725,2.75e+08
/Users/payton.jones/dev/splendorust/benchmarks/results/current-20261006/replay-forward/seed-424262.txt,mask_generation,noble,0,100000,100000,0.003914667,2.55e+07
/Users/payton.jones/dev/splendorust/benchmarks/results/current-20261006/replay-forward/seed-424262.txt,mask_generation,terminal,0,100000,0,0,0
/Users/payton.jones/dev/splendorust/benchmarks/results/current-20261006/replay-forward/seed-424262.txt,pregenerated_mask_membership,all,0,100000,7100000,0.004938958,1.44e+09
/Users/payton.jones/dev/splendorust/benchmarks/results/current-20261006/replay-forward/seed-424262.txt,canonical_payment_check,buy,0,100000,4600000,0.012608625,3.65e+08
/Users/payton.jones/dev/splendorust/benchmarks/results/current-20261006/replay-forward/seed-424262.txt,clone_only,all,0,100000,7100000,1.35197992,5.25e+06
/Users/payton.jones/dev/splendorust/benchmarks/results/current-20261006/replay-forward/seed-424262.txt,clone_plus_apply,all,0,100000,7100000,1.6550755,4.29e+06
/Users/payton.jones/dev/splendorust/benchmarks/results/current-20261006/replay-forward/seed-424262.txt,predecoded_full_enum_apply,all_turns,0,100000,7100000,0.251399125,2.82e+07
/Users/payton.jones/dev/splendorust/benchmarks/results/current-20261006/replay-forward/seed-424262.txt,predecoded_checked_apply_only,all_turns,0,100000,7100000,0.129751958,5.47e+07
/Users/payton.jones/dev/splendorust/benchmarks/results/current-20261006/replay-forward/seed-424262.txt,original_full_turn_trace,all_turns,1,100000,7100000,0.275710625,2.58e+07
/Users/payton.jones/dev/splendorust/benchmarks/results/current-20261006/replay-forward/seed-424262.txt,mask_generation,regular,1,100000,6800000,0.100955083,6.74e+07
/Users/payton.jones/dev/splendorust/benchmarks/results/current-20261006/replay-forward/seed-424262.txt,mask_generation,return,1,100000,200000,0.000753125,2.66e+08
/Users/payton.jones/dev/splendorust/benchmarks/results/current-20261006/replay-forward/seed-424262.txt,mask_generation,noble,1,100000,100000,0.003831541,2.61e+07
/Users/payton.jones/dev/splendorust/benchmarks/results/current-20261006/replay-forward/seed-424262.txt,mask_generation,terminal,1,100000,0,0,0
/Users/payton.jones/dev/splendorust/benchmarks/results/current-20261006/replay-forward/seed-424262.txt,pregenerated_mask_membership,all,1,100000,7100000,0.004915416,1.44e+09
/Users/payton.jones/dev/splendorust/benchmarks/results/current-20261006/replay-forward/seed-424262.txt,canonical_payment_check,buy,1,100000,4600000,0.01188575,3.87e+08
/Users/payton.jones/dev/splendorust/benchmarks/results/current-20261006/replay-forward/seed-424262.txt,clone_only,all,1,100000,7100000,1.31744862,5.39e+06
/Users/payton.jones/dev/splendorust/benchmarks/results/current-20261006/replay-forward/seed-424262.txt,clone_plus_apply,all,1,100000,7100000,1.61488688,4.4e+06
/Users/payton.jones/dev/splendorust/benchmarks/results/current-20261006/replay-forward/seed-424262.txt,predecoded_full_enum_apply,all_turns,1,100000,7100000,0.253962334,2.8e+07
/Users/payton.jones/dev/splendorust/benchmarks/results/current-20261006/replay-forward/seed-424262.txt,predecoded_checked_apply_only,all_turns,1,100000,7100000,0.13809,5.14e+07
/Users/payton.jones/dev/splendorust/benchmarks/results/current-20261006/replay-forward/seed-424262.txt,original_full_turn_trace,all_turns,2,100000,7100000,0.28376575,2.5e+07
/Users/payton.jones/dev/splendorust/benchmarks/results/current-20261006/replay-forward/seed-424262.txt,mask_generation,regular,2,100000,6800000,0.102493,6.63e+07
/Users/payton.jones/dev/splendorust/benchmarks/results/current-20261006/replay-forward/seed-424262.txt,mask_generation,return,2,100000,200000,0.000719959,2.78e+08
/Users/payton.jones/dev/splendorust/benchmarks/results/current-20261006/replay-forward/seed-424262.txt,mask_generation,noble,2,100000,100000,0.003921792,2.55e+07
/Users/payton.jones/dev/splendorust/benchmarks/results/current-20261006/replay-forward/seed-424262.txt,mask_generation,terminal,2,100000,0,4.1e-08,0
/Users/payton.jones/dev/splendorust/benchmarks/results/current-20261006/replay-forward/seed-424262.txt,pregenerated_mask_membership,all,2,100000,7100000,0.004784792,1.48e+09
/Users/payton.jones/dev/splendorust/benchmarks/results/current-20261006/replay-forward/seed-424262.txt,canonical_payment_check,buy,2,100000,4600000,0.011776958,3.91e+08
/Users/payton.jones/dev/splendorust/benchmarks/results/current-20261006/replay-forward/seed-424262.txt,clone_only,all,2,100000,7100000,1.33028242,5.34e+06
/Users/payton.jones/dev/splendorust/benchmarks/results/current-20261006/replay-forward/seed-424262.txt,clone_plus_apply,all,2,100000,7100000,1.60312108,4.43e+06
/Users/payton.jones/dev/splendorust/benchmarks/results/current-20261006/replay-forward/seed-424262.txt,predecoded_full_enum_apply,all_turns,2,100000,7100000,0.245728041,2.89e+07
/Users/payton.jones/dev/splendorust/benchmarks/results/current-20261006/replay-forward/seed-424262.txt,predecoded_checked_apply_only,all_turns,2,100000,7100000,0.129423459,5.49e+07
/Users/payton.jones/dev/splendorust/benchmarks/results/current-20261006/replay-forward/seed-424262.txt,original_full_turn_trace,all_turns,3,100000,7100000,0.271841375,2.61e+07
/Users/payton.jones/dev/splendorust/benchmarks/results/current-20261006/replay-forward/seed-424262.txt,mask_generation,regular,3,100000,6800000,0.10139775,6.71e+07
/Users/payton.jones/dev/splendorust/benchmarks/results/current-20261006/replay-forward/seed-424262.txt,mask_generation,return,3,100000,200000,0.000740916,2.7e+08
/Users/payton.jones/dev/splendorust/benchmarks/results/current-20261006/replay-forward/seed-424262.txt,mask_generation,noble,3,100000,100000,0.004014292,2.49e+07
/Users/payton.jones/dev/splendorust/benchmarks/results/current-20261006/replay-forward/seed-424262.txt,mask_generation,terminal,3,100000,0,0,0
/Users/payton.jones/dev/splendorust/benchmarks/results/current-20261006/replay-forward/seed-424262.txt,pregenerated_mask_membership,all,3,100000,7100000,0.004753,1.49e+09
/Users/payton.jones/dev/splendorust/benchmarks/results/current-20261006/replay-forward/seed-424262.txt,canonical_payment_check,buy,3,100000,4600000,0.011526166,3.99e+08
/Users/payton.jones/dev/splendorust/benchmarks/results/current-20261006/replay-forward/seed-424262.txt,clone_only,all,3,100000,7100000,1.31962388,5.38e+06
/Users/payton.jones/dev/splendorust/benchmarks/results/current-20261006/replay-forward/seed-424262.txt,clone_plus_apply,all,3,100000,7100000,1.64055112,4.33e+06
/Users/payton.jones/dev/splendorust/benchmarks/results/current-20261006/replay-forward/seed-424262.txt,predecoded_full_enum_apply,all_turns,3,100000,7100000,0.243191541,2.92e+07
/Users/payton.jones/dev/splendorust/benchmarks/results/current-20261006/replay-forward/seed-424262.txt,predecoded_checked_apply_only,all_turns,3,100000,7100000,0.12881075,5.51e+07
/Users/payton.jones/dev/splendorust/benchmarks/results/current-20261006/replay-forward/seed-424262.txt,original_full_turn_trace,all_turns,4,100000,7100000,0.285851333,2.48e+07
/Users/payton.jones/dev/splendorust/benchmarks/results/current-20261006/replay-forward/seed-424262.txt,mask_generation,regular,4,100000,6800000,0.100826958,6.74e+07
/Users/payton.jones/dev/splendorust/benchmarks/results/current-20261006/replay-forward/seed-424262.txt,mask_generation,return,4,100000,200000,0.000700083,2.86e+08
/Users/payton.jones/dev/splendorust/benchmarks/results/current-20261006/replay-forward/seed-424262.txt,mask_generation,noble,4,100000,100000,0.003772833,2.65e+07
/Users/payton.jones/dev/splendorust/benchmarks/results/current-20261006/replay-forward/seed-424262.txt,mask_generation,terminal,4,100000,0,4.1e-08,0
/Users/payton.jones/dev/splendorust/benchmarks/results/current-20261006/replay-forward/seed-424262.txt,pregenerated_mask_membership,all,4,100000,7100000,0.004947958,1.43e+09
/Users/payton.jones/dev/splendorust/benchmarks/results/current-20261006/replay-forward/seed-424262.txt,canonical_payment_check,buy,4,100000,4600000,0.011822333,3.89e+08
/Users/payton.jones/dev/splendorust/benchmarks/results/current-20261006/replay-forward/seed-424262.txt,clone_only,all,4,100000,7100000,1.37572154,5.16e+06
/Users/payton.jones/dev/splendorust/benchmarks/results/current-20261006/replay-forward/seed-424262.txt,clone_plus_apply,all,4,100000,7100000,1.64057771,4.33e+06
/Users/payton.jones/dev/splendorust/benchmarks/results/current-20261006/replay-forward/seed-424262.txt,predecoded_full_enum_apply,all_turns,4,100000,7100000,0.251530375,2.82e+07
/Users/payton.jones/dev/splendorust/benchmarks/results/current-20261006/replay-forward/seed-424262.txt,predecoded_checked_apply_only,all_turns,4,100000,7100000,0.129004,5.5e+07
/Users/payton.jones/dev/splendorust/benchmarks/results/current-20261006/replay-forward/seed-424262.txt,original_full_turn_trace,all_turns,5,100000,7100000,0.273194209,2.6e+07
/Users/payton.jones/dev/splendorust/benchmarks/results/current-20261006/replay-forward/seed-424262.txt,mask_generation,regular,5,100000,6800000,0.102579458,6.63e+07
/Users/payton.jones/dev/splendorust/benchmarks/results/current-20261006/replay-forward/seed-424262.txt,mask_generation,return,5,100000,200000,0.000762167,2.62e+08
/Users/payton.jones/dev/splendorust/benchmarks/results/current-20261006/replay-forward/seed-424262.txt,mask_generation,noble,5,100000,100000,0.003799209,2.63e+07
/Users/payton.jones/dev/splendorust/benchmarks/results/current-20261006/replay-forward/seed-424262.txt,mask_generation,terminal,5,100000,0,0,0
/Users/payton.jones/dev/splendorust/benchmarks/results/current-20261006/replay-forward/seed-424262.txt,pregenerated_mask_membership,all,5,100000,7100000,0.004903917,1.45e+09
/Users/payton.jones/dev/splendorust/benchmarks/results/current-20261006/replay-forward/seed-424262.txt,canonical_payment_check,buy,5,100000,4600000,0.011634375,3.95e+08
/Users/payton.jones/dev/splendorust/benchmarks/results/current-20261006/replay-forward/seed-424262.txt,clone_only,all,5,100000,7100000,1.35414492,5.24e+06
/Users/payton.jones/dev/splendorust/benchmarks/results/current-20261006/replay-forward/seed-424262.txt,clone_plus_apply,all,5,100000,7100000,1.751336,4.05e+06
/Users/payton.jones/dev/splendorust/benchmarks/results/current-20261006/replay-forward/seed-424262.txt,predecoded_full_enum_apply,all_turns,5,100000,7100000,0.247441584,2.87e+07
/Users/payton.jones/dev/splendorust/benchmarks/results/current-20261006/replay-forward/seed-424262.txt,predecoded_checked_apply_only,all_turns,5,100000,7100000,0.130720667,5.43e+07
/Users/payton.jones/dev/splendorust/benchmarks/results/current-20261006/replay-forward/seed-424262.txt,original_full_turn_trace,all_turns,6,100000,7100000,0.282284166,2.52e+07
/Users/payton.jones/dev/splendorust/benchmarks/results/current-20261006/replay-forward/seed-424262.txt,mask_generation,regular,6,100000,6800000,0.108198375,6.28e+07
/Users/payton.jones/dev/splendorust/benchmarks/results/current-20261006/replay-forward/seed-424262.txt,mask_generation,return,6,100000,200000,0.000687792,2.91e+08
/Users/payton.jones/dev/splendorust/benchmarks/results/current-20261006/replay-forward/seed-424262.txt,mask_generation,noble,6,100000,100000,0.003784292,2.64e+07
/Users/payton.jones/dev/splendorust/benchmarks/results/current-20261006/replay-forward/seed-424262.txt,mask_generation,terminal,6,100000,0,0,0
/Users/payton.jones/dev/splendorust/benchmarks/results/current-20261006/replay-forward/seed-424262.txt,pregenerated_mask_membership,all,6,100000,7100000,0.00493475,1.44e+09
/Users/payton.jones/dev/splendorust/benchmarks/results/current-20261006/replay-forward/seed-424262.txt,canonical_payment_check,buy,6,100000,4600000,0.011957625,3.85e+08
/Users/payton.jones/dev/splendorust/benchmarks/results/current-20261006/replay-forward/seed-424262.txt,clone_only,all,6,100000,7100000,1.34562204,5.28e+06
/Users/payton.jones/dev/splendorust/benchmarks/results/current-20261006/replay-forward/seed-424262.txt,clone_plus_apply,all,6,100000,7100000,1.61275992,4.4e+06
/Users/payton.jones/dev/splendorust/benchmarks/results/current-20261006/replay-forward/seed-424262.txt,predecoded_full_enum_apply,all_turns,6,100000,7100000,0.246966917,2.87e+07
/Users/payton.jones/dev/splendorust/benchmarks/results/current-20261006/replay-forward/seed-424262.txt,predecoded_checked_apply_only,all_turns,6,100000,7100000,0.12585025,5.64e+07
