trace,profile,phase,repeat,iterations,operations,seconds,operations_per_second
/Users/payton.jones/dev/splendorust/benchmarks/results/current-20261006/replay-forward/seed-424287.txt,original_full_turn_trace,all_turns,0,100000,6500000,0.260723,2.49e+07
/Users/payton.jones/dev/splendorust/benchmarks/results/current-20261006/replay-forward/seed-424287.txt,mask_generation,regular,0,100000,6200000,0.097064667,6.39e+07
/Users/payton.jones/dev/splendorust/benchmarks/results/current-20261006/replay-forward/seed-424287.txt,mask_generation,return,0,100000,200000,0.000896792,2.23e+08
/Users/payton.jones/dev/splendorust/benchmarks/results/current-20261006/replay-forward/seed-424287.txt,mask_generation,noble,0,100000,100000,0.00393975,2.54e+07
/Users/payton.jones/dev/splendorust/benchmarks/results/current-20261006/replay-forward/seed-424287.txt,mask_generation,terminal,0,100000,0,0,0
/Users/payton.jones/dev/splendorust/benchmarks/results/current-20261006/replay-forward/seed-424287.txt,pregenerated_mask_membership,all,0,100000,6500000,0.004022084,1.62e+09
/Users/payton.jones/dev/splendorust/benchmarks/results/current-20261006/replay-forward/seed-424287.txt,canonical_payment_check,buy,0,100000,4000000,0.012075792,3.31e+08
/Users/payton.jones/dev/splendorust/benchmarks/results/current-20261006/replay-forward/seed-424287.txt,clone_only,all,0,100000,6500000,1.20841129,5.38e+06
/Users/payton.jones/dev/splendorust/benchmarks/results/current-20261006/replay-forward/seed-424287.txt,clone_plus_apply,all,0,100000,6500000,1.44470529,4.5e+06
/Users/payton.jones/dev/splendorust/benchmarks/results/current-20261006/replay-forward/seed-424287.txt,predecoded_full_enum_apply,all_turns,0,100000,6500000,0.235747541,2.76e+07
/Users/payton.jones/dev/splendorust/benchmarks/results/current-20261006/replay-forward/seed-424287.txt,predecoded_checked_apply_only,all_turns,0,100000,6500000,0.126311875,5.15e+07
/Users/payton.jones/dev/splendorust/benchmarks/results/current-20261006/replay-forward/seed-424287.txt,original_full_turn_trace,all_turns,1,100000,6500000,0.2543845,2.56e+07
/Users/payton.jones/dev/splendorust/benchmarks/results/current-20261006/replay-forward/seed-424287.txt,mask_generation,regular,1,100000,6200000,0.091841709,6.75e+07
/Users/payton.jones/dev/splendorust/benchmarks/results/current-20261006/replay-forward/seed-424287.txt,mask_generation,return,1,100000,200000,0.000729083,2.74e+08
/Users/payton.jones/dev/splendorust/benchmarks/results/current-20261006/replay-forward/seed-424287.txt,mask_generation,noble,1,100000,100000,0.004030125,2.48e+07
/Users/payton.jones/dev/splendorust/benchmarks/results/current-20261006/replay-forward/seed-424287.txt,mask_generation,terminal,1,100000,0,0,0
/Users/payton.jones/dev/splendorust/benchmarks/results/current-20261006/replay-forward/seed-424287.txt,pregenerated_mask_membership,all,1,100000,6500000,0.003898416,1.67e+09
/Users/payton.jones/dev/splendorust/benchmarks/results/current-20261006/replay-forward/seed-424287.txt,canonical_payment_check,buy,1,100000,4000000,0.010562542,3.79e+08
/Users/payton.jones/dev/splendorust/benchmarks/results/current-20261006/replay-forward/seed-424287.txt,clone_only,all,1,100000,6500000,1.21535933,5.35e+06
/Users/payton.jones/dev/splendorust/benchmarks/results/current-20261006/replay-forward/seed-424287.txt,clone_plus_apply,all,1,100000,6500000,1.45921283,4.45e+06
/Users/payton.jones/dev/splendorust/benchmarks/results/current-20261006/replay-forward/seed-424287.txt,predecoded_full_enum_apply,all_turns,1,100000,6500000,0.237941709,2.73e+07
/Users/payton.jones/dev/splendorust/benchmarks/results/current-20261006/replay-forward/seed-424287.txt,predecoded_checked_apply_only,all_turns,1,100000,6500000,0.130169709,4.99e+07
/Users/payton.jones/dev/splendorust/benchmarks/results/current-20261006/replay-forward/seed-424287.txt,original_full_turn_trace,all_turns,2,100000,6500000,0.261652,2.48e+07
/Users/payton.jones/dev/splendorust/benchmarks/results/current-20261006/replay-forward/seed-424287.txt,mask_generation,regular,2,100000,6200000,0.096874,6.4e+07
/Users/payton.jones/dev/splendorust/benchmarks/results/current-20261006/replay-forward/seed-424287.txt,mask_generation,return,2,100000,200000,0.000692334,2.89e+08
/Users/payton.jones/dev/splendorust/benchmarks/results/current-20261006/replay-forward/seed-424287.txt,mask_generation,noble,2,100000,100000,0.00378725,2.64e+07
/Users/payton.jones/dev/splendorust/benchmarks/results/current-20261006/replay-forward/seed-424287.txt,mask_generation,terminal,2,100000,0,0,0
/Users/payton.jones/dev/splendorust/benchmarks/results/current-20261006/replay-forward/seed-424287.txt,pregenerated_mask_membership,all,2,100000,6500000,0.003985792,1.63e+09
/Users/payton.jones/dev/splendorust/benchmarks/results/current-20261006/replay-forward/seed-424287.txt,canonical_payment_check,buy,2,100000,4000000,0.010596917,3.77e+08
/Users/payton.jones/dev/splendorust/benchmarks/results/current-20261006/replay-forward/seed-424287.txt,clone_only,all,2,100000,6500000,1.21375642,5.36e+06
/Users/payton.jones/dev/splendorust/benchmarks/results/current-20261006/replay-forward/seed-424287.txt,clone_plus_apply,all,2,100000,6500000,1.46642942,4.43e+06
/Users/payton.jones/dev/splendorust/benchmarks/results/current-20261006/replay-forward/seed-424287.txt,predecoded_full_enum_apply,all_turns,2,100000,6500000,0.241655416,2.69e+07
/Users/payton.jones/dev/splendorust/benchmarks/results/current-20261006/replay-forward/seed-424287.txt,predecoded_checked_apply_only,all_turns,2,100000,6500000,0.130744875,4.97e+07
/Users/payton.jones/dev/splendorust/benchmarks/results/current-20261006/replay-forward/seed-424287.txt,original_full_turn_trace,all_turns,3,100000,6500000,0.261862709,2.48e+07
/Users/payton.jones/dev/splendorust/benchmarks/results/current-20261006/replay-forward/seed-424287.txt,mask_generation,regular,3,100000,6200000,0.093918333,6.6e+07
/Users/payton.jones/dev/splendorust/benchmarks/results/current-20261006/replay-forward/seed-424287.txt,mask_generation,return,3,100000,200000,0.000757208,2.64e+08
/Users/payton.jones/dev/splendorust/benchmarks/results/current-20261006/replay-forward/seed-424287.txt,mask_generation,noble,3,100000,100000,0.004213375,2.37e+07
/Users/payton.jones/dev/splendorust/benchmarks/results/current-20261006/replay-forward/seed-424287.txt,mask_generation,terminal,3,100000,0,0,0
/Users/payton.jones/dev/splendorust/benchmarks/results/current-20261006/replay-forward/seed-424287.txt,pregenerated_mask_membership,all,3,100000,6500000,0.003776792,1.72e+09
/Users/payton.jones/dev/splendorust/benchmarks/results/current-20261006/replay-forward/seed-424287.txt,canonical_payment_check,buy,3,100000,4000000,0.0106055,3.77e+08
/Users/payton.jones/dev/splendorust/benchmarks/results/current-20261006/replay-forward/seed-424287.txt,clone_only,all,3,100000,6500000,1.19881013,5.42e+06
/Users/payton.jones/dev/splendorust/benchmarks/results/current-20261006/replay-forward/seed-424287.txt,clone_plus_apply,all,3,100000,6500000,1.43686908,4.52e+06
/Users/payton.jones/dev/splendorust/benchmarks/results/current-20261006/replay-forward/seed-424287.txt,predecoded_full_enum_apply,all_turns,3,100000,6500000,0.233814542,2.78e+07
/Users/payton.jones/dev/splendorust/benchmarks/results/current-20261006/replay-forward/seed-424287.txt,predecoded_checked_apply_only,all_turns,3,100000,6500000,0.127224292,5.11e+07
/Users/payton.jones/dev/splendorust/benchmarks/results/current-20261006/replay-forward/seed-424287.txt,original_full_turn_trace,all_turns,4,100000,6500000,0.256832458,2.53e+07
/Users/payton.jones/dev/splendorust/benchmarks/results/current-20261006/replay-forward/seed-424287.txt,mask_generation,regular,4,100000,6200000,0.091821834,6.75e+07
/Users/payton.jones/dev/splendorust/benchmarks/results/current-20261006/replay-forward/seed-424287.txt,mask_generation,return,4,100000,200000,0.000754208,2.65e+08
/Users/payton.jones/dev/splendorust/benchmarks/results/current-20261006/replay-forward/seed-424287.txt,mask_generation,noble,4,100000,100000,0.004077459,2.45e+07
/Users/payton.jones/dev/splendorust/benchmarks/results/current-20261006/replay-forward/seed-424287.txt,mask_generation,terminal,4,100000,0,0,0
/Users/payton.jones/dev/splendorust/benchmarks/results/current-20261006/replay-forward/seed-424287.txt,pregenerated_mask_membership,all,4,100000,6500000,0.003910125,1.66e+09
/Users/payton.jones/dev/splendorust/benchmarks/results/current-20261006/replay-forward/seed-424287.txt,canonical_payment_check,buy,4,100000,4000000,0.010585708,3.78e+08
/Users/payton.jones/dev/splendorust/benchmarks/results/current-20261006/replay-forward/seed-424287.txt,clone_only,all,4,100000,6500000,1.19143633,5.46e+06
/Users/payton.jones/dev/splendorust/benchmarks/results/current-20261006/replay-forward/seed-424287.txt,clone_plus_apply,all,4,100000,6500000,1.43578571,4.53e+06
/Users/payton.jones/dev/splendorust/benchmarks/results/current-20261006/replay-forward/seed-424287.txt,predecoded_full_enum_apply,all_turns,4,100000,6500000,0.239323,2.72e+07
/Users/payton.jones/dev/splendorust/benchmarks/results/current-20261006/replay-forward/seed-424287.txt,predecoded_checked_apply_only,all_turns,4,100000,6500000,0.12509875,5.2e+07
/Users/payton.jones/dev/splendorust/benchmarks/results/current-20261006/replay-forward/seed-424287.txt,original_full_turn_trace,all_turns,5,100000,6500000,0.251144958,2.59e+07
/Users/payton.jones/dev/splendorust/benchmarks/results/current-20261006/replay-forward/seed-424287.txt,mask_generation,regular,5,100000,6200000,0.090448875,6.85e+07
/Users/payton.jones/dev/splendorust/benchmarks/results/current-20261006/replay-forward/seed-424287.txt,mask_generation,return,5,100000,200000,0.000744167,2.69e+08
/Users/payton.jones/dev/splendorust/benchmarks/results/current-20261006/replay-forward/seed-424287.txt,mask_generation,noble,5,100000,100000,0.003982708,2.51e+07
/Users/payton.jones/dev/splendorust/benchmarks/results/current-20261006/replay-forward/seed-424287.txt,mask_generation,terminal,5,100000,0,4.2e-08,0
/Users/payton.jones/dev/splendorust/benchmarks/results/current-20261006/replay-forward/seed-424287.txt,pregenerated_mask_membership,all,5,100000,6500000,0.003864292,1.68e+09
/Users/payton.jones/dev/splendorust/benchmarks/results/current-20261006/replay-forward/seed-424287.txt,canonical_payment_check,buy,5,100000,4000000,0.010407916,3.84e+08
/Users/payton.jones/dev/splendorust/benchmarks/results/current-20261006/replay-forward/seed-424287.txt,clone_only,all,5,100000,6500000,1.20558733,5.39e+06
/Users/payton.jones/dev/splendorust/benchmarks/results/current-20261006/replay-forward/seed-424287.txt,clone_plus_apply,all,5,100000,6500000,1.44710279,4.49e+06
/Users/payton.jones/dev/splendorust/benchmarks/results/current-20261006/replay-forward/seed-424287.txt,predecoded_full_enum_apply,all_turns,5,100000,6500000,0.2300695,2.83e+07
/Users/payton.jones/dev/splendorust/benchmarks/results/current-20261006/replay-forward/seed-424287.txt,predecoded_checked_apply_only,all_turns,5,100000,6500000,0.126323958,5.15e+07
/Users/payton.jones/dev/splendorust/benchmarks/results/current-20261006/replay-forward/seed-424287.txt,original_full_turn_trace,all_turns,6,100000,6500000,0.2536305,2.56e+07
/Users/payton.jones/dev/splendorust/benchmarks/results/current-20261006/replay-forward/seed-424287.txt,mask_generation,regular,6,100000,6200000,0.091367417,6.79e+07
/Users/payton.jones/dev/splendorust/benchmarks/results/current-20261006/replay-forward/seed-424287.txt,mask_generation,return,6,100000,200000,0.000744208,2.69e+08
/Users/payton.jones/dev/splendorust/benchmarks/results/current-20261006/replay-forward/seed-424287.txt,mask_generation,noble,6,100000,100000,0.004187916,2.39e+07
/Users/payton.jones/dev/splendorust/benchmarks/results/current-20261006/replay-forward/seed-424287.txt,mask_generation,terminal,6,100000,0,0,0
/Users/payton.jones/dev/splendorust/benchmarks/results/current-20261006/replay-forward/seed-424287.txt,pregenerated_mask_membership,all,6,100000,6500000,0.003867333,1.68e+09
/Users/payton.jones/dev/splendorust/benchmarks/results/current-20261006/replay-forward/seed-424287.txt,canonical_payment_check,buy,6,100000,4000000,0.010638625,3.76e+08
/Users/payton.jones/dev/splendorust/benchmarks/results/current-20261006/replay-forward/seed-424287.txt,clone_only,all,6,100000,6500000,1.20539987,5.39e+06
/Users/payton.jones/dev/splendorust/benchmarks/results/current-20261006/replay-forward/seed-424287.txt,clone_plus_apply,all,6,100000,6500000,1.43335342,4.53e+06
/Users/payton.jones/dev/splendorust/benchmarks/results/current-20261006/replay-forward/seed-424287.txt,predecoded_full_enum_apply,all_turns,6,100000,6500000,0.231395542,2.81e+07
/Users/payton.jones/dev/splendorust/benchmarks/results/current-20261006/replay-forward/seed-424287.txt,predecoded_checked_apply_only,all_turns,6,100000,6500000,0.126307833,5.15e+07
