engine,workload,repeat,replayed_games,complete_turns,canonical_actions,native_apply_calls,legal_enumerations,seconds,turns_per_second,games_per_second,operation_count
rust,full_new_buffer_checked,0,100000,6400000,11300000,11300000,11300000,0.471007,13587896.43,212310.8817,11300000
rust,full_new_buffer_checked,1,100000,6400000,11300000,11300000,11300000,0.492020,13007610.12,203243.9081,11300000
rust,full_new_buffer_checked,2,100000,6400000,11300000,11300000,11300000,0.500035,12799095.51,199985.8674,11300000
rust,full_new_buffer_checked,3,100000,6400000,11300000,11300000,11300000,0.468944,13647681.37,213245.0215,11300000
rust,full_new_buffer_checked,4,100000,6400000,11300000,11300000,11300000,0.475482,13460028.18,210312.9403,11300000
rust,full_new_buffer_checked,5,100000,6400000,11300000,11300000,11300000,0.467072,13702397.68,214099.9638,11300000
rust,full_new_buffer_checked,6,100000,6400000,11300000,11300000,11300000,0.471468,13574623.45,212103.4915,11300000
rust,full_reused_buffer_checked,0,100000,6400000,11300000,11300000,11300000,0.469068,13644089.32,213188.8956,11300000
rust,full_reused_buffer_checked,1,100000,6400000,11300000,11300000,11300000,0.483546,13235546.55,206805.4149,11300000
rust,full_reused_buffer_checked,2,100000,6400000,11300000,11300000,11300000,0.526087,12165294.03,190082.7192,11300000
rust,full_reused_buffer_checked,3,100000,6400000,11300000,11300000,11300000,0.501377,12764835.00,199450.5469,11300000
rust,full_reused_buffer_checked,4,100000,6400000,11300000,11300000,11300000,0.471623,13570164.51,212033.8205,11300000
rust,full_reused_buffer_checked,5,100000,6400000,11300000,11300000,11300000,0.464742,13771087.75,215173.2461,11300000
rust,full_reused_buffer_checked,6,100000,6400000,11300000,11300000,11300000,0.468201,13669331.92,213583.3112,11300000
rust,full_checked_apply_only,0,100000,6400000,11300000,11300000,0,0.088520,72300249.38,1129691.3966,11300000
rust,full_checked_apply_only,1,100000,6400000,11300000,11300000,0,0.089124,71809894.79,1122029.6061,11300000
rust,full_checked_apply_only,2,100000,6400000,11300000,11300000,0,0.088037,72696672.38,1135885.5060,11300000
rust,full_checked_apply_only,3,100000,6400000,11300000,11300000,0,0.088952,71948916.27,1124201.8167,11300000
rust,full_checked_apply_only,4,100000,6400000,11300000,11300000,0,0.088894,71995826.22,1124934.7847,11300000
rust,full_checked_apply_only,5,100000,6400000,11300000,11300000,0,0.089044,71874747.56,1123042.9306,11300000
rust,full_checked_apply_only,6,100000,6400000,11300000,11300000,0,0.089297,71671174.35,1119862.0993,11300000
rust,full_trace_traversal_clone,0,0,0,0,0,0,0.003902,0.00,0.0000,11300000
rust,full_trace_traversal_clone,1,0,0,0,0,0,0.003885,0.00,0.0000,11300000
rust,full_trace_traversal_clone,2,0,0,0,0,0,0.003700,0.00,0.0000,11300000
rust,full_trace_traversal_clone,3,0,0,0,0,0,0.003685,0.00,0.0000,11300000
rust,full_trace_traversal_clone,4,0,0,0,0,0,0.003694,0.00,0.0000,11300000
rust,full_trace_traversal_clone,5,0,0,0,0,0,0.003725,0.00,0.0000,11300000
rust,full_trace_traversal_clone,6,0,0,0,0,0,0.003697,0.00,0.0000,11300000
rust,full_optimized_enum_checked,0,100000,6400000,11300000,11300000,11300000,0.236770,27030404.00,422350.0625,11300000
rust,full_optimized_enum_checked,1,100000,6400000,11300000,11300000,11300000,0.248615,25742579.60,402227.8063,11300000
rust,full_optimized_enum_checked,2,100000,6400000,11300000,11300000,11300000,0.264592,24188203.09,377940.6732,11300000
rust,full_optimized_enum_checked,3,100000,6400000,11300000,11300000,11300000,0.242358,26407252.06,412613.3134,11300000
rust,full_optimized_enum_checked,4,100000,6400000,11300000,11300000,11300000,0.255676,25031725.56,391120.7119,11300000
rust,full_optimized_enum_checked,5,100000,6400000,11300000,11300000,11300000,0.274491,23315918.19,364311.2217,11300000
rust,full_optimized_enum_checked,6,100000,6400000,11300000,11300000,11300000,0.271735,23552365.28,368005.7074,11300000
rust,full_optimized_reused_checked,0,100000,6400000,11300000,11300000,11300000,0.318602,20087768.86,313871.3884,11300000
rust,full_optimized_reused_checked,1,100000,6400000,11300000,11300000,11300000,0.312394,20486930.02,320108.2816,11300000
rust,full_optimized_reused_checked,2,100000,6400000,11300000,11300000,11300000,0.285682,22402567.40,350040.1156,11300000
rust,full_optimized_reused_checked,3,100000,6400000,11300000,11300000,11300000,0.280043,22853619.56,357087.8057,11300000
rust,full_optimized_reused_checked,4,100000,6400000,11300000,11300000,11300000,0.276667,23132516.13,361445.5645,11300000
rust,full_optimized_reused_checked,5,100000,6400000,11300000,11300000,11300000,0.292799,21857979.49,341530.9295,11300000
rust,full_optimized_reused_checked,6,100000,6400000,11300000,11300000,11300000,0.309701,20665079.23,322891.8629,11300000
rust,full_validated_decision,0,100000,6400000,11300000,11300000,11300000,0.208650,30673327.51,479270.7424,11300000
rust,full_validated_decision,1,100000,6400000,11300000,11300000,11300000,0.208676,30669487.40,479210.7407,11300000
rust,full_validated_decision,2,100000,6400000,11300000,11300000,11300000,0.206916,30930456.97,483288.3901,11300000
rust,full_validated_decision,3,100000,6400000,11300000,11300000,11300000,0.212010,30187190.11,471674.8454,11300000
rust,full_validated_decision,4,100000,6400000,11300000,11300000,11300000,0.210741,30369001.21,474515.6439,11300000
rust,full_validated_decision,5,100000,6400000,11300000,11300000,11300000,0.214049,29899736.65,467183.3852,11300000
rust,full_validated_decision,6,100000,6400000,11300000,11300000,11300000,0.211480,30262932.92,472858.3269,11300000
rust,enumeration_reference_main,0,0,0,0,0,6400000,0.247277,0.00,0.0000,6400000
rust,enumeration_reference_payment,0,0,0,0,0,4900000,0.097212,0.00,0.0000,4900000
rust,enumeration_reference_return,0,0,0,0,0,0,0.000000,0.00,0.0000,0
rust,enumeration_reference_noble,0,0,0,0,0,0,0.000000,0.00,0.0000,0
rust,enumeration_reference_terminal,0,0,0,0,0,0,0.000000,0.00,0.0000,0
rust,enumeration_optimized_main,0,0,0,0,0,6400000,0.116349,0.00,0.0000,6400000
rust,enumeration_optimized_payment,0,0,0,0,0,4900000,0.018465,0.00,0.0000,4900000
rust,enumeration_optimized_return,0,0,0,0,0,0,0.000000,0.00,0.0000,0
rust,enumeration_optimized_noble,0,0,0,0,0,0,0.000000,0.00,0.0000,0
rust,enumeration_optimized_terminal,0,0,0,0,0,0,0.000000,0.00,0.0000,0
rust,cached_membership,0,0,0,0,0,0,0.036400,0.00,0.0000,11300000
rust,cached_clone_checked_apply,0,0,0,0,11300000,0,0.143680,0.00,0.0000,11300000
rust,cached_clone_only,0,0,0,0,0,0,0.039627,0.00,0.0000,11300000
rust,enumeration_reference_main,1,0,0,0,0,6400000,0.255206,0.00,0.0000,6400000
rust,enumeration_reference_payment,1,0,0,0,0,4900000,0.096481,0.00,0.0000,4900000
rust,enumeration_reference_return,1,0,0,0,0,0,0.000000,0.00,0.0000,0
rust,enumeration_reference_noble,1,0,0,0,0,0,0.000000,0.00,0.0000,0
rust,enumeration_reference_terminal,1,0,0,0,0,0,0.000000,0.00,0.0000,0
rust,enumeration_optimized_main,1,0,0,0,0,6400000,0.114168,0.00,0.0000,6400000
rust,enumeration_optimized_payment,1,0,0,0,0,4900000,0.018129,0.00,0.0000,4900000
rust,enumeration_optimized_return,1,0,0,0,0,0,0.000000,0.00,0.0000,0
rust,enumeration_optimized_noble,1,0,0,0,0,0,0.000000,0.00,0.0000,0
rust,enumeration_optimized_terminal,1,0,0,0,0,0,0.000000,0.00,0.0000,0
rust,cached_membership,1,0,0,0,0,0,0.037685,0.00,0.0000,11300000
rust,cached_clone_checked_apply,1,0,0,0,11300000,0,0.145560,0.00,0.0000,11300000
rust,cached_clone_only,1,0,0,0,0,0,0.041474,0.00,0.0000,11300000
rust,enumeration_reference_main,2,0,0,0,0,6400000,0.253324,0.00,0.0000,6400000
rust,enumeration_reference_payment,2,0,0,0,0,4900000,0.096873,0.00,0.0000,4900000
rust,enumeration_reference_return,2,0,0,0,0,0,0.000000,0.00,0.0000,0
rust,enumeration_reference_noble,2,0,0,0,0,0,0.000000,0.00,0.0000,0
rust,enumeration_reference_terminal,2,0,0,0,0,0,0.000000,0.00,0.0000,0
rust,enumeration_optimized_main,2,0,0,0,0,6400000,0.113510,0.00,0.0000,6400000
rust,enumeration_optimized_payment,2,0,0,0,0,4900000,0.018376,0.00,0.0000,4900000
rust,enumeration_optimized_return,2,0,0,0,0,0,0.000000,0.00,0.0000,0
rust,enumeration_optimized_noble,2,0,0,0,0,0,0.000000,0.00,0.0000,0
rust,enumeration_optimized_terminal,2,0,0,0,0,0,0.000000,0.00,0.0000,0
rust,cached_membership,2,0,0,0,0,0,0.038127,0.00,0.0000,11300000
rust,cached_clone_checked_apply,2,0,0,0,11300000,0,0.156186,0.00,0.0000,11300000
rust,cached_clone_only,2,0,0,0,0,0,0.046110,0.00,0.0000,11300000
rust,enumeration_reference_main,3,0,0,0,0,6400000,0.265381,0.00,0.0000,6400000
rust,enumeration_reference_payment,3,0,0,0,0,4900000,0.109115,0.00,0.0000,4900000
rust,enumeration_reference_return,3,0,0,0,0,0,0.000000,0.00,0.0000,0
rust,enumeration_reference_noble,3,0,0,0,0,0,0.000000,0.00,0.0000,0
rust,enumeration_reference_terminal,3,0,0,0,0,0,0.000000,0.00,0.0000,0
rust,enumeration_optimized_main,3,0,0,0,0,6400000,0.130474,0.00,0.0000,6400000
rust,enumeration_optimized_payment,3,0,0,0,0,4900000,0.018847,0.00,0.0000,4900000
rust,enumeration_optimized_return,3,0,0,0,0,0,0.000001,0.00,0.0000,0
rust,enumeration_optimized_noble,3,0,0,0,0,0,0.000000,0.00,0.0000,0
rust,enumeration_optimized_terminal,3,0,0,0,0,0,0.000000,0.00,0.0000,0
rust,cached_membership,3,0,0,0,0,0,0.037181,0.00,0.0000,11300000
rust,cached_clone_checked_apply,3,0,0,0,11300000,0,0.148469,0.00,0.0000,11300000
rust,cached_clone_only,3,0,0,0,0,0,0.042471,0.00,0.0000,11300000
rust,enumeration_reference_main,4,0,0,0,0,6400000,0.278782,0.00,0.0000,6400000
rust,enumeration_reference_payment,4,0,0,0,0,4900000,0.109863,0.00,0.0000,4900000
rust,enumeration_reference_return,4,0,0,0,0,0,0.000001,0.00,0.0000,0
rust,enumeration_reference_noble,4,0,0,0,0,0,0.000000,0.00,0.0000,0
rust,enumeration_reference_terminal,4,0,0,0,0,0,0.000000,0.00,0.0000,0
rust,enumeration_optimized_main,4,0,0,0,0,6400000,0.121329,0.00,0.0000,6400000
rust,enumeration_optimized_payment,4,0,0,0,0,4900000,0.020665,0.00,0.0000,4900000
rust,enumeration_optimized_return,4,0,0,0,0,0,0.000000,0.00,0.0000,0
rust,enumeration_optimized_noble,4,0,0,0,0,0,0.000000,0.00,0.0000,0
rust,enumeration_optimized_terminal,4,0,0,0,0,0,0.000000,0.00,0.0000,0
rust,cached_membership,4,0,0,0,0,0,0.040658,0.00,0.0000,11300000
rust,cached_clone_checked_apply,4,0,0,0,11300000,0,0.147713,0.00,0.0000,11300000
rust,cached_clone_only,4,0,0,0,0,0,0.042058,0.00,0.0000,11300000
rust,enumeration_reference_main,5,0,0,0,0,6400000,0.244281,0.00,0.0000,6400000
rust,enumeration_reference_payment,5,0,0,0,0,4900000,0.097446,0.00,0.0000,4900000
rust,enumeration_reference_return,5,0,0,0,0,0,0.000001,0.00,0.0000,0
rust,enumeration_reference_noble,5,0,0,0,0,0,0.000000,0.00,0.0000,0
rust,enumeration_reference_terminal,5,0,0,0,0,0,0.000000,0.00,0.0000,0
rust,enumeration_optimized_main,5,0,0,0,0,6400000,0.113476,0.00,0.0000,6400000
rust,enumeration_optimized_payment,5,0,0,0,0,4900000,0.018525,0.00,0.0000,4900000
rust,enumeration_optimized_return,5,0,0,0,0,0,0.000001,0.00,0.0000,0
rust,enumeration_optimized_noble,5,0,0,0,0,0,0.000000,0.00,0.0000,0
rust,enumeration_optimized_terminal,5,0,0,0,0,0,0.000000,0.00,0.0000,0
rust,cached_membership,5,0,0,0,0,0,0.036088,0.00,0.0000,11300000
rust,cached_clone_checked_apply,5,0,0,0,11300000,0,0.143099,0.00,0.0000,11300000
rust,cached_clone_only,5,0,0,0,0,0,0.039508,0.00,0.0000,11300000
rust,enumeration_reference_main,6,0,0,0,0,6400000,0.248333,0.00,0.0000,6400000
rust,enumeration_reference_payment,6,0,0,0,0,4900000,0.095448,0.00,0.0000,4900000
rust,enumeration_reference_return,6,0,0,0,0,0,0.000001,0.00,0.0000,0
rust,enumeration_reference_noble,6,0,0,0,0,0,0.000000,0.00,0.0000,0
rust,enumeration_reference_terminal,6,0,0,0,0,0,0.000000,0.00,0.0000,0
rust,enumeration_optimized_main,6,0,0,0,0,6400000,0.114472,0.00,0.0000,6400000
rust,enumeration_optimized_payment,6,0,0,0,0,4900000,0.018249,0.00,0.0000,4900000
rust,enumeration_optimized_return,6,0,0,0,0,0,0.000000,0.00,0.0000,0
rust,enumeration_optimized_noble,6,0,0,0,0,0,0.000000,0.00,0.0000,0
rust,enumeration_optimized_terminal,6,0,0,0,0,0,0.000000,0.00,0.0000,0
rust,cached_membership,6,0,0,0,0,0,0.036382,0.00,0.0000,11300000
rust,cached_clone_checked_apply,6,0,0,0,11300000,0,0.140892,0.00,0.0000,11300000
rust,cached_clone_only,6,0,0,0,0,0,0.039146,0.00,0.0000,11300000
