engine,workload,repeat,replayed_games,complete_turns,canonical_actions,native_apply_calls,legal_enumerations,seconds,turns_per_second,games_per_second,operation_count
rust,full_new_buffer_checked,0,100000,6800000,11700000,11700000,11700000,0.514423,13218681.77,194392.3790,11700000
rust,full_new_buffer_checked,1,100000,6800000,11700000,11700000,11700000,0.503707,13499918.36,198528.2111,11700000
rust,full_new_buffer_checked,2,100000,6800000,11700000,11700000,11700000,0.502680,13527500.50,198933.8308,11700000
rust,full_new_buffer_checked,3,100000,6800000,11700000,11700000,11700000,0.498606,13638028.50,200559.2426,11700000
rust,full_new_buffer_checked,4,100000,6800000,11700000,11700000,11700000,0.495325,13728360.17,201887.6495,11700000
rust,full_new_buffer_checked,5,100000,6800000,11700000,11700000,11700000,0.508292,13378147.93,196737.4695,11700000
rust,full_new_buffer_checked,6,100000,6800000,11700000,11700000,11700000,0.515748,13184743.22,193893.2826,11700000
rust,full_reused_buffer_checked,0,100000,6800000,11700000,11700000,11700000,0.507854,13389682.66,196907.0979,11700000
rust,full_reused_buffer_checked,1,100000,6800000,11700000,11700000,11700000,0.502880,13522112.63,198854.5975,11700000
rust,full_reused_buffer_checked,2,100000,6800000,11700000,11700000,11700000,0.512024,13280624.23,195303.2975,11700000
rust,full_reused_buffer_checked,3,100000,6800000,11700000,11700000,11700000,0.504059,13490494.29,198389.6218,11700000
rust,full_reused_buffer_checked,4,100000,6800000,11700000,11700000,11700000,0.501519,13558818.48,199394.3894,11700000
rust,full_reused_buffer_checked,5,100000,6800000,11700000,11700000,11700000,0.503614,13502418.02,198564.9710,11700000
rust,full_reused_buffer_checked,6,100000,6800000,11700000,11700000,11700000,0.516578,13163559.98,193581.7645,11700000
rust,full_checked_apply_only,0,100000,6800000,11700000,11700000,0,0.097176,69975855.76,1029056.7023,11700000
rust,full_checked_apply_only,1,100000,6800000,11700000,11700000,0,0.101639,66903233.22,983871.0768,11700000
rust,full_checked_apply_only,2,100000,6800000,11700000,11700000,0,0.095708,71049782.80,1044849.7470,11700000
rust,full_checked_apply_only,3,100000,6800000,11700000,11700000,0,0.096404,70536522.26,1037301.7979,11700000
rust,full_checked_apply_only,4,100000,6800000,11700000,11700000,0,0.096835,70222302.02,1032680.9120,11700000
rust,full_checked_apply_only,5,100000,6800000,11700000,11700000,0,0.095982,70846709.34,1041863.3726,11700000
rust,full_checked_apply_only,6,100000,6800000,11700000,11700000,0,0.095061,71533140.56,1051957.9494,11700000
rust,full_trace_traversal_clone,0,0,0,0,0,0,0.004162,0.00,0.0000,11700000
rust,full_trace_traversal_clone,1,0,0,0,0,0,0.004241,0.00,0.0000,11700000
rust,full_trace_traversal_clone,2,0,0,0,0,0,0.004219,0.00,0.0000,11700000
rust,full_trace_traversal_clone,3,0,0,0,0,0,0.004217,0.00,0.0000,11700000
rust,full_trace_traversal_clone,4,0,0,0,0,0,0.004212,0.00,0.0000,11700000
rust,full_trace_traversal_clone,5,0,0,0,0,0,0.004217,0.00,0.0000,11700000
rust,full_trace_traversal_clone,6,0,0,0,0,0,0.004184,0.00,0.0000,11700000
rust,full_optimized_enum_checked,0,100000,6800000,11700000,11700000,11700000,0.254721,26695905.59,392586.8470,11700000
rust,full_optimized_enum_checked,1,100000,6800000,11700000,11700000,11700000,0.256190,26542821.82,390335.6149,11700000
rust,full_optimized_enum_checked,2,100000,6800000,11700000,11700000,11700000,0.257258,26432561.45,388714.1390,11700000
rust,full_optimized_enum_checked,3,100000,6800000,11700000,11700000,11700000,0.256648,26495459.24,389639.1065,11700000
rust,full_optimized_enum_checked,4,100000,6800000,11700000,11700000,11700000,0.258030,26353554.50,387552.2721,11700000
rust,full_optimized_enum_checked,5,100000,6800000,11700000,11700000,11700000,0.256755,26484426.08,389476.8542,11700000
rust,full_optimized_enum_checked,6,100000,6800000,11700000,11700000,11700000,0.260235,26130249.43,384268.3740,11700000
rust,full_optimized_reused_checked,0,100000,6800000,11700000,11700000,11700000,0.306710,22170780.22,326040.8855,11700000
rust,full_optimized_reused_checked,1,100000,6800000,11700000,11700000,11700000,0.307970,22080063.77,324706.8202,11700000
rust,full_optimized_reused_checked,2,100000,6800000,11700000,11700000,11700000,0.305382,22267211.45,327458.9919,11700000
rust,full_optimized_reused_checked,3,100000,6800000,11700000,11700000,11700000,0.307675,22101243.19,325018.2823,11700000
rust,full_optimized_reused_checked,4,100000,6800000,11700000,11700000,11700000,0.307285,22129257.64,325430.2595,11700000
rust,full_optimized_reused_checked,5,100000,6800000,11700000,11700000,11700000,0.309942,21939556.28,322640.5335,11700000
rust,full_optimized_reused_checked,6,100000,6800000,11700000,11700000,11700000,0.305054,22291111.01,327810.4560,11700000
rust,full_validated_decision,0,100000,6800000,11700000,11700000,11700000,0.226935,29964582.22,440655.6208,11700000
rust,full_validated_decision,1,100000,6800000,11700000,11700000,11700000,0.221846,30651887.85,450763.0567,11700000
rust,full_validated_decision,2,100000,6800000,11700000,11700000,11700000,0.230783,29464972.43,433308.4181,11700000
rust,full_validated_decision,3,100000,6800000,11700000,11700000,11700000,0.223503,30424653.26,447421.3715,11700000
rust,full_validated_decision,4,100000,6800000,11700000,11700000,11700000,0.229035,29689758.44,436614.0947,11700000
rust,full_validated_decision,5,100000,6800000,11700000,11700000,11700000,0.224028,30353326.06,446372.4421,11700000
rust,full_validated_decision,6,100000,6800000,11700000,11700000,11700000,0.225248,30188952.92,443955.1900,11700000
rust,enumeration_reference_main,0,0,0,0,0,6800000,0.280521,0.00,0.0000,6800000
rust,enumeration_reference_payment,0,0,0,0,0,4600000,0.095588,0.00,0.0000,4600000
rust,enumeration_reference_return,0,0,0,0,0,200000,0.007066,0.00,0.0000,200000
rust,enumeration_reference_noble,0,0,0,0,0,100000,0.000376,0.00,0.0000,100000
rust,enumeration_reference_terminal,0,0,0,0,0,0,0.000000,0.00,0.0000,0
rust,enumeration_optimized_main,0,0,0,0,0,6800000,0.120531,0.00,0.0000,6800000
rust,enumeration_optimized_payment,0,0,0,0,0,4600000,0.019517,0.00,0.0000,4600000
rust,enumeration_optimized_return,0,0,0,0,0,200000,0.007164,0.00,0.0000,200000
rust,enumeration_optimized_noble,0,0,0,0,0,100000,0.000324,0.00,0.0000,100000
rust,enumeration_optimized_terminal,0,0,0,0,0,0,0.000000,0.00,0.0000,0
rust,cached_membership,0,0,0,0,0,0,0.032950,0.00,0.0000,11700000
rust,cached_clone_checked_apply,0,0,0,0,11700000,0,0.147445,0.00,0.0000,11700000
rust,cached_clone_only,0,0,0,0,0,0,0.041894,0.00,0.0000,11700000
rust,enumeration_reference_main,1,0,0,0,0,6800000,0.268097,0.00,0.0000,6800000
rust,enumeration_reference_payment,1,0,0,0,0,4600000,0.093157,0.00,0.0000,4600000
rust,enumeration_reference_return,1,0,0,0,0,200000,0.007057,0.00,0.0000,200000
rust,enumeration_reference_noble,1,0,0,0,0,100000,0.000378,0.00,0.0000,100000
rust,enumeration_reference_terminal,1,0,0,0,0,0,0.000000,0.00,0.0000,0
rust,enumeration_optimized_main,1,0,0,0,0,6800000,0.122731,0.00,0.0000,6800000
rust,enumeration_optimized_payment,1,0,0,0,0,4600000,0.019776,0.00,0.0000,4600000
rust,enumeration_optimized_return,1,0,0,0,0,200000,0.006990,0.00,0.0000,200000
rust,enumeration_optimized_noble,1,0,0,0,0,100000,0.000322,0.00,0.0000,100000
rust,enumeration_optimized_terminal,1,0,0,0,0,0,0.000000,0.00,0.0000,0
rust,cached_membership,1,0,0,0,0,0,0.031162,0.00,0.0000,11700000
rust,cached_clone_checked_apply,1,0,0,0,11700000,0,0.153158,0.00,0.0000,11700000
rust,cached_clone_only,1,0,0,0,0,0,0.047631,0.00,0.0000,11700000
rust,enumeration_reference_main,2,0,0,0,0,6800000,0.300878,0.00,0.0000,6800000
rust,enumeration_reference_payment,2,0,0,0,0,4600000,0.106063,0.00,0.0000,4600000
rust,enumeration_reference_return,2,0,0,0,0,200000,0.007146,0.00,0.0000,200000
rust,enumeration_reference_noble,2,0,0,0,0,100000,0.000411,0.00,0.0000,100000
rust,enumeration_reference_terminal,2,0,0,0,0,0,0.000000,0.00,0.0000,0
rust,enumeration_optimized_main,2,0,0,0,0,6800000,0.123230,0.00,0.0000,6800000
rust,enumeration_optimized_payment,2,0,0,0,0,4600000,0.020379,0.00,0.0000,4600000
rust,enumeration_optimized_return,2,0,0,0,0,200000,0.007669,0.00,0.0000,200000
rust,enumeration_optimized_noble,2,0,0,0,0,100000,0.000330,0.00,0.0000,100000
rust,enumeration_optimized_terminal,2,0,0,0,0,0,0.000000,0.00,0.0000,0
rust,cached_membership,2,0,0,0,0,0,0.032780,0.00,0.0000,11700000
rust,cached_clone_checked_apply,2,0,0,0,11700000,0,0.149981,0.00,0.0000,11700000
rust,cached_clone_only,2,0,0,0,0,0,0.042593,0.00,0.0000,11700000
rust,enumeration_reference_main,3,0,0,0,0,6800000,0.280077,0.00,0.0000,6800000
rust,enumeration_reference_payment,3,0,0,0,0,4600000,0.093859,0.00,0.0000,4600000
rust,enumeration_reference_return,3,0,0,0,0,200000,0.007044,0.00,0.0000,200000
rust,enumeration_reference_noble,3,0,0,0,0,100000,0.000372,0.00,0.0000,100000
rust,enumeration_reference_terminal,3,0,0,0,0,0,0.000000,0.00,0.0000,0
rust,enumeration_optimized_main,3,0,0,0,0,6800000,0.119238,0.00,0.0000,6800000
rust,enumeration_optimized_payment,3,0,0,0,0,4600000,0.019529,0.00,0.0000,4600000
rust,enumeration_optimized_return,3,0,0,0,0,200000,0.007049,0.00,0.0000,200000
rust,enumeration_optimized_noble,3,0,0,0,0,100000,0.000322,0.00,0.0000,100000
rust,enumeration_optimized_terminal,3,0,0,0,0,0,0.000000,0.00,0.0000,0
rust,cached_membership,3,0,0,0,0,0,0.031281,0.00,0.0000,11700000
rust,cached_clone_checked_apply,3,0,0,0,11700000,0,0.148037,0.00,0.0000,11700000
rust,cached_clone_only,3,0,0,0,0,0,0.047366,0.00,0.0000,11700000
rust,enumeration_reference_main,4,0,0,0,0,6800000,0.274800,0.00,0.0000,6800000
rust,enumeration_reference_payment,4,0,0,0,0,4600000,0.091370,0.00,0.0000,4600000
rust,enumeration_reference_return,4,0,0,0,0,200000,0.006999,0.00,0.0000,200000
rust,enumeration_reference_noble,4,0,0,0,0,100000,0.000372,0.00,0.0000,100000
rust,enumeration_reference_terminal,4,0,0,0,0,0,0.000000,0.00,0.0000,0
rust,enumeration_optimized_main,4,0,0,0,0,6800000,0.136515,0.00,0.0000,6800000
rust,enumeration_optimized_payment,4,0,0,0,0,4600000,0.022559,0.00,0.0000,4600000
rust,enumeration_optimized_return,4,0,0,0,0,200000,0.008095,0.00,0.0000,200000
rust,enumeration_optimized_noble,4,0,0,0,0,100000,0.000365,0.00,0.0000,100000
rust,enumeration_optimized_terminal,4,0,0,0,0,0,0.000000,0.00,0.0000,0
rust,cached_membership,4,0,0,0,0,0,0.037044,0.00,0.0000,11700000
rust,cached_clone_checked_apply,4,0,0,0,11700000,0,0.168527,0.00,0.0000,11700000
rust,cached_clone_only,4,0,0,0,0,0,0.044810,0.00,0.0000,11700000
rust,enumeration_reference_main,5,0,0,0,0,6800000,0.277010,0.00,0.0000,6800000
rust,enumeration_reference_payment,5,0,0,0,0,4600000,0.092416,0.00,0.0000,4600000
rust,enumeration_reference_return,5,0,0,0,0,200000,0.007111,0.00,0.0000,200000
rust,enumeration_reference_noble,5,0,0,0,0,100000,0.000372,0.00,0.0000,100000
rust,enumeration_reference_terminal,5,0,0,0,0,0,0.000000,0.00,0.0000,0
rust,enumeration_optimized_main,5,0,0,0,0,6800000,0.119914,0.00,0.0000,6800000
rust,enumeration_optimized_payment,5,0,0,0,0,4600000,0.019867,0.00,0.0000,4600000
rust,enumeration_optimized_return,5,0,0,0,0,200000,0.007179,0.00,0.0000,200000
rust,enumeration_optimized_noble,5,0,0,0,0,100000,0.000336,0.00,0.0000,100000
rust,enumeration_optimized_terminal,5,0,0,0,0,0,0.000000,0.00,0.0000,0
rust,cached_membership,5,0,0,0,0,0,0.033235,0.00,0.0000,11700000
rust,cached_clone_checked_apply,5,0,0,0,11700000,0,0.151197,0.00,0.0000,11700000
rust,cached_clone_only,5,0,0,0,0,0,0.041351,0.00,0.0000,11700000
rust,enumeration_reference_main,6,0,0,0,0,6800000,0.269304,0.00,0.0000,6800000
rust,enumeration_reference_payment,6,0,0,0,0,4600000,0.093035,0.00,0.0000,4600000
rust,enumeration_reference_return,6,0,0,0,0,200000,0.007394,0.00,0.0000,200000
rust,enumeration_reference_noble,6,0,0,0,0,100000,0.000333,0.00,0.0000,100000
rust,enumeration_reference_terminal,6,0,0,0,0,0,0.000000,0.00,0.0000,0
rust,enumeration_optimized_main,6,0,0,0,0,6800000,0.125803,0.00,0.0000,6800000
rust,enumeration_optimized_payment,6,0,0,0,0,4600000,0.019512,0.00,0.0000,4600000
rust,enumeration_optimized_return,6,0,0,0,0,200000,0.006927,0.00,0.0000,200000
rust,enumeration_optimized_noble,6,0,0,0,0,100000,0.000314,0.00,0.0000,100000
rust,enumeration_optimized_terminal,6,0,0,0,0,0,0.000000,0.00,0.0000,0
rust,cached_membership,6,0,0,0,0,0,0.030708,0.00,0.0000,11700000
rust,cached_clone_checked_apply,6,0,0,0,11700000,0,0.151490,0.00,0.0000,11700000
rust,cached_clone_only,6,0,0,0,0,0,0.041813,0.00,0.0000,11700000
