engine,workload,repeat,replayed_games,complete_turns,canonical_actions,native_apply_calls,legal_enumerations,seconds,turns_per_second,games_per_second,operation_count
rust,full_new_buffer_checked,0,100000,7000000,12300000,12300000,12300000,0.504761,13867950.54,198113.5791,12300000
rust,full_new_buffer_checked,1,100000,7000000,12300000,12300000,12300000,0.503961,13889967.15,198428.1022,12300000
rust,full_new_buffer_checked,2,100000,7000000,12300000,12300000,12300000,0.518218,13507821.14,192968.8734,12300000
rust,full_new_buffer_checked,3,100000,7000000,12300000,12300000,12300000,0.526585,13293199.47,189902.8495,12300000
rust,full_new_buffer_checked,4,100000,7000000,12300000,12300000,12300000,0.548615,12759395.48,182277.0783,12300000
rust,full_new_buffer_checked,5,100000,7000000,12300000,12300000,12300000,0.568557,12311880.14,175884.0021,12300000
rust,full_new_buffer_checked,6,100000,7000000,12300000,12300000,12300000,0.518790,13492931.14,192756.1592,12300000
rust,full_reused_buffer_checked,0,100000,7000000,12300000,12300000,12300000,0.500708,13980204.03,199717.2004,12300000
rust,full_reused_buffer_checked,1,100000,7000000,12300000,12300000,12300000,0.508193,13774306.85,196775.8122,12300000
rust,full_reused_buffer_checked,2,100000,7000000,12300000,12300000,12300000,0.510164,13721081.29,196015.4470,12300000
rust,full_reused_buffer_checked,3,100000,7000000,12300000,12300000,12300000,0.524330,13350379.43,190719.7061,12300000
rust,full_reused_buffer_checked,4,100000,7000000,12300000,12300000,12300000,0.539637,12971691.83,185309.8833,12300000
rust,full_reused_buffer_checked,5,100000,7000000,12300000,12300000,12300000,0.521539,13421823.62,191740.3374,12300000
rust,full_reused_buffer_checked,6,100000,7000000,12300000,12300000,12300000,0.512181,13667041.27,195243.4467,12300000
rust,full_checked_apply_only,0,100000,7000000,12300000,12300000,0,0.098257,71241381.07,1017734.0152,12300000
rust,full_checked_apply_only,1,100000,7000000,12300000,12300000,0,0.096463,72566871.67,1036669.5953,12300000
rust,full_checked_apply_only,2,100000,7000000,12300000,12300000,0,0.097185,72027823.07,1028968.9010,12300000
rust,full_checked_apply_only,3,100000,7000000,12300000,12300000,0,0.097367,71893249.04,1027046.4149,12300000
rust,full_checked_apply_only,4,100000,7000000,12300000,12300000,0,0.109485,63935674.43,913366.7775,12300000
rust,full_checked_apply_only,5,100000,7000000,12300000,12300000,0,0.098014,71418186.64,1020259.8092,12300000
rust,full_checked_apply_only,6,100000,7000000,12300000,12300000,0,0.098846,70817171.38,1011673.8768,12300000
rust,full_trace_traversal_clone,0,0,0,0,0,0,0.004539,0.00,0.0000,12300000
rust,full_trace_traversal_clone,1,0,0,0,0,0,0.004365,0.00,0.0000,12300000
rust,full_trace_traversal_clone,2,0,0,0,0,0,0.004122,0.00,0.0000,12300000
rust,full_trace_traversal_clone,3,0,0,0,0,0,0.004450,0.00,0.0000,12300000
rust,full_trace_traversal_clone,4,0,0,0,0,0,0.004501,0.00,0.0000,12300000
rust,full_trace_traversal_clone,5,0,0,0,0,0,0.004457,0.00,0.0000,12300000
rust,full_trace_traversal_clone,6,0,0,0,0,0,0.004700,0.00,0.0000,12300000
rust,full_optimized_enum_checked,0,100000,7000000,12300000,12300000,12300000,0.286732,24413058.46,348757.9780,12300000
rust,full_optimized_enum_checked,1,100000,7000000,12300000,12300000,12300000,0.286483,24434284.44,349061.2063,12300000
rust,full_optimized_enum_checked,2,100000,7000000,12300000,12300000,12300000,0.289499,24179731.37,345424.7339,12300000
rust,full_optimized_enum_checked,3,100000,7000000,12300000,12300000,12300000,0.289671,24165346.20,345219.2315,12300000
rust,full_optimized_enum_checked,4,100000,7000000,12300000,12300000,12300000,0.286351,24445558.67,349222.2666,12300000
rust,full_optimized_enum_checked,5,100000,7000000,12300000,12300000,12300000,0.306927,22806732.20,325810.4600,12300000
rust,full_optimized_enum_checked,6,100000,7000000,12300000,12300000,12300000,0.316389,22124665.93,316066.6562,12300000
rust,full_optimized_reused_checked,0,100000,7000000,12300000,12300000,12300000,0.367813,19031425.09,271877.5013,12300000
rust,full_optimized_reused_checked,1,100000,7000000,12300000,12300000,12300000,0.363019,19282755.01,275467.9287,12300000
rust,full_optimized_reused_checked,2,100000,7000000,12300000,12300000,12300000,0.372765,18778601.76,268265.7394,12300000
rust,full_optimized_reused_checked,3,100000,7000000,12300000,12300000,12300000,0.331139,21139164.38,301988.0626,12300000
rust,full_optimized_reused_checked,4,100000,7000000,12300000,12300000,12300000,0.333920,20963104.94,299472.9276,12300000
rust,full_optimized_reused_checked,5,100000,7000000,12300000,12300000,12300000,0.336056,20829833.30,297569.0472,12300000
rust,full_optimized_reused_checked,6,100000,7000000,12300000,12300000,12300000,0.366364,19106659.04,272952.2720,12300000
rust,full_validated_decision,0,100000,7000000,12300000,12300000,12300000,0.268251,26094991.70,372785.5958,12300000
rust,full_validated_decision,1,100000,7000000,12300000,12300000,12300000,0.253796,27581179.78,394016.8541,12300000
rust,full_validated_decision,2,100000,7000000,12300000,12300000,12300000,0.248490,28170171.27,402431.0182,12300000
rust,full_validated_decision,3,100000,7000000,12300000,12300000,12300000,0.253694,27592291.77,394175.5967,12300000
rust,full_validated_decision,4,100000,7000000,12300000,12300000,12300000,0.252831,27686501.10,395521.4442,12300000
rust,full_validated_decision,5,100000,7000000,12300000,12300000,12300000,0.249527,28053113.86,400758.7694,12300000
rust,full_validated_decision,6,100000,7000000,12300000,12300000,12300000,0.251066,27881110.37,398301.5768,12300000
rust,enumeration_reference_main,0,0,0,0,0,7000000,0.260530,0.00,0.0000,7000000
rust,enumeration_reference_payment,0,0,0,0,0,4700000,0.100184,0.00,0.0000,4700000
rust,enumeration_reference_return,0,0,0,0,0,500000,0.017581,0.00,0.0000,500000
rust,enumeration_reference_noble,0,0,0,0,0,100000,0.000485,0.00,0.0000,100000
rust,enumeration_reference_terminal,0,0,0,0,0,0,0.000000,0.00,0.0000,0
rust,enumeration_optimized_main,0,0,0,0,0,7000000,0.125544,0.00,0.0000,7000000
rust,enumeration_optimized_payment,0,0,0,0,0,4700000,0.023439,0.00,0.0000,4700000
rust,enumeration_optimized_return,0,0,0,0,0,500000,0.017533,0.00,0.0000,500000
rust,enumeration_optimized_noble,0,0,0,0,0,100000,0.000337,0.00,0.0000,100000
rust,enumeration_optimized_terminal,0,0,0,0,0,0,0.000000,0.00,0.0000,0
rust,cached_membership,0,0,0,0,0,0,0.033887,0.00,0.0000,12300000
rust,cached_clone_checked_apply,0,0,0,0,12300000,0,0.158747,0.00,0.0000,12300000
rust,cached_clone_only,0,0,0,0,0,0,0.046861,0.00,0.0000,12300000
rust,enumeration_reference_main,1,0,0,0,0,7000000,0.253649,0.00,0.0000,7000000
rust,enumeration_reference_payment,1,0,0,0,0,4700000,0.110033,0.00,0.0000,4700000
rust,enumeration_reference_return,1,0,0,0,0,500000,0.019042,0.00,0.0000,500000
rust,enumeration_reference_noble,1,0,0,0,0,100000,0.000400,0.00,0.0000,100000
rust,enumeration_reference_terminal,1,0,0,0,0,0,0.000000,0.00,0.0000,0
rust,enumeration_optimized_main,1,0,0,0,0,7000000,0.142581,0.00,0.0000,7000000
rust,enumeration_optimized_payment,1,0,0,0,0,4700000,0.026891,0.00,0.0000,4700000
rust,enumeration_optimized_return,1,0,0,0,0,500000,0.019393,0.00,0.0000,500000
rust,enumeration_optimized_noble,1,0,0,0,0,100000,0.000367,0.00,0.0000,100000
rust,enumeration_optimized_terminal,1,0,0,0,0,0,0.000000,0.00,0.0000,0
rust,cached_membership,1,0,0,0,0,0,0.039948,0.00,0.0000,12300000
rust,cached_clone_checked_apply,1,0,0,0,12300000,0,0.182719,0.00,0.0000,12300000
rust,cached_clone_only,1,0,0,0,0,0,0.057760,0.00,0.0000,12300000
rust,enumeration_reference_main,2,0,0,0,0,7000000,0.273988,0.00,0.0000,7000000
rust,enumeration_reference_payment,2,0,0,0,0,4700000,0.096845,0.00,0.0000,4700000
rust,enumeration_reference_return,2,0,0,0,0,500000,0.017538,0.00,0.0000,500000
rust,enumeration_reference_noble,2,0,0,0,0,100000,0.000365,0.00,0.0000,100000
rust,enumeration_reference_terminal,2,0,0,0,0,0,0.000000,0.00,0.0000,0
rust,enumeration_optimized_main,2,0,0,0,0,7000000,0.121922,0.00,0.0000,7000000
rust,enumeration_optimized_payment,2,0,0,0,0,4700000,0.023326,0.00,0.0000,4700000
rust,enumeration_optimized_return,2,0,0,0,0,500000,0.017250,0.00,0.0000,500000
rust,enumeration_optimized_noble,2,0,0,0,0,100000,0.000323,0.00,0.0000,100000
rust,enumeration_optimized_terminal,2,0,0,0,0,0,0.000001,0.00,0.0000,0
rust,cached_membership,2,0,0,0,0,0,0.033146,0.00,0.0000,12300000
rust,cached_clone_checked_apply,2,0,0,0,12300000,0,0.162011,0.00,0.0000,12300000
rust,cached_clone_only,2,0,0,0,0,0,0.048541,0.00,0.0000,12300000
rust,enumeration_reference_main,3,0,0,0,0,7000000,0.273078,0.00,0.0000,7000000
rust,enumeration_reference_payment,3,0,0,0,0,4700000,0.097970,0.00,0.0000,4700000
rust,enumeration_reference_return,3,0,0,0,0,500000,0.017603,0.00,0.0000,500000
rust,enumeration_reference_noble,3,0,0,0,0,100000,0.000344,0.00,0.0000,100000
rust,enumeration_reference_terminal,3,0,0,0,0,0,0.000000,0.00,0.0000,0
rust,enumeration_optimized_main,3,0,0,0,0,7000000,0.121817,0.00,0.0000,7000000
rust,enumeration_optimized_payment,3,0,0,0,0,4700000,0.023374,0.00,0.0000,4700000
rust,enumeration_optimized_return,3,0,0,0,0,500000,0.017345,0.00,0.0000,500000
rust,enumeration_optimized_noble,3,0,0,0,0,100000,0.000328,0.00,0.0000,100000
rust,enumeration_optimized_terminal,3,0,0,0,0,0,0.000000,0.00,0.0000,0
rust,cached_membership,3,0,0,0,0,0,0.035234,0.00,0.0000,12300000
rust,cached_clone_checked_apply,3,0,0,0,12300000,0,0.158034,0.00,0.0000,12300000
rust,cached_clone_only,3,0,0,0,0,0,0.046492,0.00,0.0000,12300000
rust,enumeration_reference_main,4,0,0,0,0,7000000,0.259286,0.00,0.0000,7000000
rust,enumeration_reference_payment,4,0,0,0,0,4700000,0.096691,0.00,0.0000,4700000
rust,enumeration_reference_return,4,0,0,0,0,500000,0.017594,0.00,0.0000,500000
rust,enumeration_reference_noble,4,0,0,0,0,100000,0.000362,0.00,0.0000,100000
rust,enumeration_reference_terminal,4,0,0,0,0,0,0.000000,0.00,0.0000,0
rust,enumeration_optimized_main,4,0,0,0,0,7000000,0.141774,0.00,0.0000,7000000
rust,enumeration_optimized_payment,4,0,0,0,0,4700000,0.025966,0.00,0.0000,4700000
rust,enumeration_optimized_return,4,0,0,0,0,500000,0.023120,0.00,0.0000,500000
rust,enumeration_optimized_noble,4,0,0,0,0,100000,0.000362,0.00,0.0000,100000
rust,enumeration_optimized_terminal,4,0,0,0,0,0,0.000000,0.00,0.0000,0
rust,cached_membership,4,0,0,0,0,0,0.038880,0.00,0.0000,12300000
rust,cached_clone_checked_apply,4,0,0,0,12300000,0,0.164437,0.00,0.0000,12300000
rust,cached_clone_only,4,0,0,0,0,0,0.049149,0.00,0.0000,12300000
rust,enumeration_reference_main,5,0,0,0,0,7000000,0.261960,0.00,0.0000,7000000
rust,enumeration_reference_payment,5,0,0,0,0,4700000,0.098558,0.00,0.0000,4700000
rust,enumeration_reference_return,5,0,0,0,0,500000,0.017702,0.00,0.0000,500000
rust,enumeration_reference_noble,5,0,0,0,0,100000,0.000353,0.00,0.0000,100000
rust,enumeration_reference_terminal,5,0,0,0,0,0,0.000000,0.00,0.0000,0
rust,enumeration_optimized_main,5,0,0,0,0,7000000,0.123910,0.00,0.0000,7000000
rust,enumeration_optimized_payment,5,0,0,0,0,4700000,0.024175,0.00,0.0000,4700000
rust,enumeration_optimized_return,5,0,0,0,0,500000,0.018251,0.00,0.0000,500000
rust,enumeration_optimized_noble,5,0,0,0,0,100000,0.000309,0.00,0.0000,100000
rust,enumeration_optimized_terminal,5,0,0,0,0,0,0.000000,0.00,0.0000,0
rust,cached_membership,5,0,0,0,0,0,0.038672,0.00,0.0000,12300000
rust,cached_clone_checked_apply,5,0,0,0,12300000,0,0.170162,0.00,0.0000,12300000
rust,cached_clone_only,5,0,0,0,0,0,0.049421,0.00,0.0000,12300000
rust,enumeration_reference_main,6,0,0,0,0,7000000,0.266992,0.00,0.0000,7000000
rust,enumeration_reference_payment,6,0,0,0,0,4700000,0.098679,0.00,0.0000,4700000
rust,enumeration_reference_return,6,0,0,0,0,500000,0.018130,0.00,0.0000,500000
rust,enumeration_reference_noble,6,0,0,0,0,100000,0.000359,0.00,0.0000,100000
rust,enumeration_reference_terminal,6,0,0,0,0,0,0.000000,0.00,0.0000,0
rust,enumeration_optimized_main,6,0,0,0,0,7000000,0.124941,0.00,0.0000,7000000
rust,enumeration_optimized_payment,6,0,0,0,0,4700000,0.023455,0.00,0.0000,4700000
rust,enumeration_optimized_return,6,0,0,0,0,500000,0.017421,0.00,0.0000,500000
rust,enumeration_optimized_noble,6,0,0,0,0,100000,0.000317,0.00,0.0000,100000
rust,enumeration_optimized_terminal,6,0,0,0,0,0,0.000000,0.00,0.0000,0
rust,cached_membership,6,0,0,0,0,0,0.034441,0.00,0.0000,12300000
rust,cached_clone_checked_apply,6,0,0,0,12300000,0,0.161491,0.00,0.0000,12300000
rust,cached_clone_only,6,0,0,0,0,0,0.052081,0.00,0.0000,12300000
