engine,workload,repeat,replayed_games,complete_turns,canonical_actions,native_apply_calls,legal_enumerations,seconds,turns_per_second,games_per_second,operation_count
rust,full_new_buffer_checked,0,100000,6200000,10500000,10500000,10500000,0.406713,15244181.97,245873.9028,10500000
rust,full_new_buffer_checked,1,100000,6200000,10500000,10500000,10500000,0.407682,15207934.81,245289.2711,10500000
rust,full_new_buffer_checked,2,100000,6200000,10500000,10500000,10500000,0.415359,14926838.90,240755.4662,10500000
rust,full_new_buffer_checked,3,100000,6200000,10500000,10500000,10500000,0.409960,15123443.57,243926.5092,10500000
rust,full_new_buffer_checked,4,100000,6200000,10500000,10500000,10500000,0.404190,15339315.87,247408.3205,10500000
rust,full_new_buffer_checked,5,100000,6200000,10500000,10500000,10500000,0.407998,15196157.58,245099.3158,10500000
rust,full_new_buffer_checked,6,100000,6200000,10500000,10500000,10500000,0.405827,15277434.82,246410.2390,10500000
rust,full_reused_buffer_checked,0,100000,6200000,10500000,10500000,10500000,0.405875,15275643.76,246381.3509,10500000
rust,full_reused_buffer_checked,1,100000,6200000,10500000,10500000,10500000,0.418835,14802962.40,238757.4581,10500000
rust,full_reused_buffer_checked,2,100000,6200000,10500000,10500000,10500000,0.412674,15023973.26,242322.1493,10500000
rust,full_reused_buffer_checked,3,100000,6200000,10500000,10500000,10500000,0.425256,14579446.15,235152.3573,10500000
rust,full_reused_buffer_checked,4,100000,6200000,10500000,10500000,10500000,0.444282,13955104.52,225082.3309,10500000
rust,full_reused_buffer_checked,5,100000,6200000,10500000,10500000,10500000,0.408602,15173697.53,244737.0569,10500000
rust,full_reused_buffer_checked,6,100000,6200000,10500000,10500000,10500000,0.404020,15345790.80,247512.7548,10500000
rust,full_checked_apply_only,0,100000,6200000,10500000,10500000,0,0.085242,72734098.21,1173130.6164,10500000
rust,full_checked_apply_only,1,100000,6200000,10500000,10500000,0,0.091308,67902386.42,1095199.7810,10500000
rust,full_checked_apply_only,2,100000,6200000,10500000,10500000,0,0.097580,63537854.34,1024804.1023,10500000
rust,full_checked_apply_only,3,100000,6200000,10500000,10500000,0,0.085377,72618734.76,1171269.9156,10500000
rust,full_checked_apply_only,4,100000,6200000,10500000,10500000,0,0.085712,72335402.37,1166700.0382,10500000
rust,full_checked_apply_only,5,100000,6200000,10500000,10500000,0,0.085157,72806377.60,1174296.4130,10500000
rust,full_checked_apply_only,6,100000,6200000,10500000,10500000,0,0.084665,73230185.00,1181132.0161,10500000
rust,full_trace_traversal_clone,0,0,0,0,0,0,0.003892,0.00,0.0000,10500000
rust,full_trace_traversal_clone,1,0,0,0,0,0,0.003861,0.00,0.0000,10500000
rust,full_trace_traversal_clone,2,0,0,0,0,0,0.003773,0.00,0.0000,10500000
rust,full_trace_traversal_clone,3,0,0,0,0,0,0.004221,0.00,0.0000,10500000
rust,full_trace_traversal_clone,4,0,0,0,0,0,0.003673,0.00,0.0000,10500000
rust,full_trace_traversal_clone,5,0,0,0,0,0,0.004325,0.00,0.0000,10500000
rust,full_trace_traversal_clone,6,0,0,0,0,0,0.004148,0.00,0.0000,10500000
rust,full_optimized_enum_checked,0,100000,6200000,10500000,10500000,10500000,0.230256,26926590.26,434299.8429,10500000
rust,full_optimized_enum_checked,1,100000,6200000,10500000,10500000,10500000,0.229698,26991924.11,435353.6147,10500000
rust,full_optimized_enum_checked,2,100000,6200000,10500000,10500000,10500000,0.229779,26982438.61,435200.6227,10500000
rust,full_optimized_enum_checked,3,100000,6200000,10500000,10500000,10500000,0.230845,26857872.54,433191.4926,10500000
rust,full_optimized_enum_checked,4,100000,6200000,10500000,10500000,10500000,0.229758,26984958.61,435241.2678,10500000
rust,full_optimized_enum_checked,5,100000,6200000,10500000,10500000,10500000,0.229676,26994499.83,435395.1586,10500000
rust,full_optimized_enum_checked,6,100000,6200000,10500000,10500000,10500000,0.241359,25687911.18,414321.1480,10500000
rust,full_optimized_reused_checked,0,100000,6200000,10500000,10500000,10500000,0.276296,22439668.48,361930.1368,10500000
rust,full_optimized_reused_checked,1,100000,6200000,10500000,10500000,10500000,0.271010,22877370.50,368989.8468,10500000
rust,full_optimized_reused_checked,2,100000,6200000,10500000,10500000,10500000,0.269283,23024101.25,371356.4717,10500000
rust,full_optimized_reused_checked,3,100000,6200000,10500000,10500000,10500000,0.283448,21873465.26,352797.8268,10500000
rust,full_optimized_reused_checked,4,100000,6200000,10500000,10500000,10500000,0.269796,22980340.02,370650.6454,10500000
rust,full_optimized_reused_checked,5,100000,6200000,10500000,10500000,10500000,0.271046,22874339.05,368940.9524,10500000
rust,full_optimized_reused_checked,6,100000,6200000,10500000,10500000,10500000,0.267749,23156044.32,373484.5858,10500000
rust,full_validated_decision,0,100000,6200000,10500000,10500000,10500000,0.200249,30961517.47,499379.3140,10500000
rust,full_validated_decision,1,100000,6200000,10500000,10500000,10500000,0.196934,31482562.19,507783.2612,10500000
rust,full_validated_decision,2,100000,6200000,10500000,10500000,10500000,0.200192,30970300.88,499520.9819,10500000
rust,full_validated_decision,3,100000,6200000,10500000,10500000,10500000,0.201580,30757083.17,496081.9866,10500000
rust,full_validated_decision,4,100000,6200000,10500000,10500000,10500000,0.197181,31443145.22,507147.5036,10500000
rust,full_validated_decision,5,100000,6200000,10500000,10500000,10500000,0.198742,31196171.98,503164.0642,10500000
rust,full_validated_decision,6,100000,6200000,10500000,10500000,10500000,0.198666,31208092.91,503356.3373,10500000
rust,enumeration_reference_main,0,0,0,0,0,6200000,0.235379,0.00,0.0000,6200000
rust,enumeration_reference_payment,0,0,0,0,0,4000000,0.078286,0.00,0.0000,4000000
rust,enumeration_reference_return,0,0,0,0,0,200000,0.007022,0.00,0.0000,200000
rust,enumeration_reference_noble,0,0,0,0,0,100000,0.000369,0.00,0.0000,100000
rust,enumeration_reference_terminal,0,0,0,0,0,0,0.000000,0.00,0.0000,0
rust,enumeration_optimized_main,0,0,0,0,0,6200000,0.111864,0.00,0.0000,6200000
rust,enumeration_optimized_payment,0,0,0,0,0,4000000,0.016044,0.00,0.0000,4000000
rust,enumeration_optimized_return,0,0,0,0,0,200000,0.006691,0.00,0.0000,200000
rust,enumeration_optimized_noble,0,0,0,0,0,100000,0.000350,0.00,0.0000,100000
rust,enumeration_optimized_terminal,0,0,0,0,0,0,0.000000,0.00,0.0000,0
rust,cached_membership,0,0,0,0,0,0,0.024160,0.00,0.0000,10500000
rust,cached_clone_checked_apply,0,0,0,0,10500000,0,0.134559,0.00,0.0000,10500000
rust,cached_clone_only,0,0,0,0,0,0,0.044017,0.00,0.0000,10500000
rust,enumeration_reference_main,1,0,0,0,0,6200000,0.224256,0.00,0.0000,6200000
rust,enumeration_reference_payment,1,0,0,0,0,4000000,0.078922,0.00,0.0000,4000000
rust,enumeration_reference_return,1,0,0,0,0,200000,0.006859,0.00,0.0000,200000
rust,enumeration_reference_noble,1,0,0,0,0,100000,0.000386,0.00,0.0000,100000
rust,enumeration_reference_terminal,1,0,0,0,0,0,0.000000,0.00,0.0000,0
rust,enumeration_optimized_main,1,0,0,0,0,6200000,0.109154,0.00,0.0000,6200000
rust,enumeration_optimized_payment,1,0,0,0,0,4000000,0.016148,0.00,0.0000,4000000
rust,enumeration_optimized_return,1,0,0,0,0,200000,0.006780,0.00,0.0000,200000
rust,enumeration_optimized_noble,1,0,0,0,0,100000,0.000310,0.00,0.0000,100000
rust,enumeration_optimized_terminal,1,0,0,0,0,0,0.000000,0.00,0.0000,0
rust,cached_membership,1,0,0,0,0,0,0.025612,0.00,0.0000,10500000
rust,cached_clone_checked_apply,1,0,0,0,10500000,0,0.135043,0.00,0.0000,10500000
rust,cached_clone_only,1,0,0,0,0,0,0.042915,0.00,0.0000,10500000
rust,enumeration_reference_main,2,0,0,0,0,6200000,0.227553,0.00,0.0000,6200000
rust,enumeration_reference_payment,2,0,0,0,0,4000000,0.079486,0.00,0.0000,4000000
rust,enumeration_reference_return,2,0,0,0,0,200000,0.006627,0.00,0.0000,200000
rust,enumeration_reference_noble,2,0,0,0,0,100000,0.000371,0.00,0.0000,100000
rust,enumeration_reference_terminal,2,0,0,0,0,0,0.000000,0.00,0.0000,0
rust,enumeration_optimized_main,2,0,0,0,0,6200000,0.111060,0.00,0.0000,6200000
rust,enumeration_optimized_payment,2,0,0,0,0,4000000,0.016602,0.00,0.0000,4000000
rust,enumeration_optimized_return,2,0,0,0,0,200000,0.007003,0.00,0.0000,200000
rust,enumeration_optimized_noble,2,0,0,0,0,100000,0.000332,0.00,0.0000,100000
rust,enumeration_optimized_terminal,2,0,0,0,0,0,0.000000,0.00,0.0000,0
rust,cached_membership,2,0,0,0,0,0,0.026141,0.00,0.0000,10500000
rust,cached_clone_checked_apply,2,0,0,0,10500000,0,0.137822,0.00,0.0000,10500000
rust,cached_clone_only,2,0,0,0,0,0,0.041610,0.00,0.0000,10500000
rust,enumeration_reference_main,3,0,0,0,0,6200000,0.230185,0.00,0.0000,6200000
rust,enumeration_reference_payment,3,0,0,0,0,4000000,0.079707,0.00,0.0000,4000000
rust,enumeration_reference_return,3,0,0,0,0,200000,0.006817,0.00,0.0000,200000
rust,enumeration_reference_noble,3,0,0,0,0,100000,0.000356,0.00,0.0000,100000
rust,enumeration_reference_terminal,3,0,0,0,0,0,0.000000,0.00,0.0000,0
rust,enumeration_optimized_main,3,0,0,0,0,6200000,0.110886,0.00,0.0000,6200000
rust,enumeration_optimized_payment,3,0,0,0,0,4000000,0.016083,0.00,0.0000,4000000
rust,enumeration_optimized_return,3,0,0,0,0,200000,0.009376,0.00,0.0000,200000
rust,enumeration_optimized_noble,3,0,0,0,0,100000,0.000377,0.00,0.0000,100000
rust,enumeration_optimized_terminal,3,0,0,0,0,0,0.000000,0.00,0.0000,0
rust,cached_membership,3,0,0,0,0,0,0.029798,0.00,0.0000,10500000
rust,cached_clone_checked_apply,3,0,0,0,10500000,0,0.136867,0.00,0.0000,10500000
rust,cached_clone_only,3,0,0,0,0,0,0.044504,0.00,0.0000,10500000
rust,enumeration_reference_main,4,0,0,0,0,6200000,0.228063,0.00,0.0000,6200000
rust,enumeration_reference_payment,4,0,0,0,0,4000000,0.079230,0.00,0.0000,4000000
rust,enumeration_reference_return,4,0,0,0,0,200000,0.006874,0.00,0.0000,200000
rust,enumeration_reference_noble,4,0,0,0,0,100000,0.000379,0.00,0.0000,100000
rust,enumeration_reference_terminal,4,0,0,0,0,0,0.000000,0.00,0.0000,0
rust,enumeration_optimized_main,4,0,0,0,0,6200000,0.109475,0.00,0.0000,6200000
rust,enumeration_optimized_payment,4,0,0,0,0,4000000,0.016056,0.00,0.0000,4000000
rust,enumeration_optimized_return,4,0,0,0,0,200000,0.006790,0.00,0.0000,200000
rust,enumeration_optimized_noble,4,0,0,0,0,100000,0.000337,0.00,0.0000,100000
rust,enumeration_optimized_terminal,4,0,0,0,0,0,0.000000,0.00,0.0000,0
rust,cached_membership,4,0,0,0,0,0,0.025673,0.00,0.0000,10500000
rust,cached_clone_checked_apply,4,0,0,0,10500000,0,0.135356,0.00,0.0000,10500000
rust,cached_clone_only,4,0,0,0,0,0,0.043810,0.00,0.0000,10500000
rust,enumeration_reference_main,5,0,0,0,0,6200000,0.236630,0.00,0.0000,6200000
rust,enumeration_reference_payment,5,0,0,0,0,4000000,0.079571,0.00,0.0000,4000000
rust,enumeration_reference_return,5,0,0,0,0,200000,0.006873,0.00,0.0000,200000
rust,enumeration_reference_noble,5,0,0,0,0,100000,0.000363,0.00,0.0000,100000
rust,enumeration_reference_terminal,5,0,0,0,0,0,0.000000,0.00,0.0000,0
rust,enumeration_optimized_main,5,0,0,0,0,6200000,0.110252,0.00,0.0000,6200000
rust,enumeration_optimized_payment,5,0,0,0,0,4000000,0.016182,0.00,0.0000,4000000
rust,enumeration_optimized_return,5,0,0,0,0,200000,0.006881,0.00,0.0000,200000
rust,enumeration_optimized_noble,5,0,0,0,0,100000,0.000341,0.00,0.0000,100000
rust,enumeration_optimized_terminal,5,0,0,0,0,0,0.000000,0.00,0.0000,0
rust,cached_membership,5,0,0,0,0,0,0.025470,0.00,0.0000,10500000
rust,cached_clone_checked_apply,5,0,0,0,10500000,0,0.135187,0.00,0.0000,10500000
rust,cached_clone_only,5,0,0,0,0,0,0.041003,0.00,0.0000,10500000
rust,enumeration_reference_main,6,0,0,0,0,6200000,0.222103,0.00,0.0000,6200000
rust,enumeration_reference_payment,6,0,0,0,0,4000000,0.078808,0.00,0.0000,4000000
rust,enumeration_reference_return,6,0,0,0,0,200000,0.006854,0.00,0.0000,200000
rust,enumeration_reference_noble,6,0,0,0,0,100000,0.000387,0.00,0.0000,100000
rust,enumeration_reference_terminal,6,0,0,0,0,0,0.000000,0.00,0.0000,0
rust,enumeration_optimized_main,6,0,0,0,0,6200000,0.111105,0.00,0.0000,6200000
rust,enumeration_optimized_payment,6,0,0,0,0,4000000,0.016266,0.00,0.0000,4000000
rust,enumeration_optimized_return,6,0,0,0,0,200000,0.007133,0.00,0.0000,200000
rust,enumeration_optimized_noble,6,0,0,0,0,100000,0.000363,0.00,0.0000,100000
rust,enumeration_optimized_terminal,6,0,0,0,0,0,0.000000,0.00,0.0000,0
rust,cached_membership,6,0,0,0,0,0,0.025948,0.00,0.0000,10500000
rust,cached_clone_checked_apply,6,0,0,0,10500000,0,0.136527,0.00,0.0000,10500000
rust,cached_clone_only,6,0,0,0,0,0,0.045155,0.00,0.0000,10500000
