test_corrupt_chunk_is_rejected (test_archive.ArchiveTests.test_corrupt_chunk_is_rejected) ... ok
test_incomplete_study_is_not_archived (test_archive.ArchiveTests.test_incomplete_study_is_not_archived) ... ok
test_preserve_profiles_sources_and_interrupted_bytes (test_archive.ArchiveTests.test_preserve_profiles_sources_and_interrupted_bytes) ... ok
test_provenance_does_not_claim_study_completion (test_archive.ArchiveTests.test_provenance_does_not_claim_study_completion) ... ok
test_complete_receipt_does_not_restart_a_live_controller (test_continue_study.WaitTests.test_complete_receipt_does_not_restart_a_live_controller) ... ok
test_dead_controller_without_terminal_receipt_stops (test_continue_study.WaitTests.test_dead_controller_without_terminal_receipt_stops) ... ok
test_pid_reuse_is_not_treated_as_a_study_controller (test_continue_study.WaitTests.test_pid_reuse_is_not_treated_as_a_study_controller) ... ok
test_same_script_in_another_directory_is_rejected (test_continue_study.WaitTests.test_same_script_in_another_directory_is_rejected) ... ok
test_truncated_progress_read_does_not_trigger_recovery (test_continue_study.WaitTests.test_truncated_progress_read_does_not_trigger_recovery) ... ok
test_adopted_collection_retains_unknown_exit (test_costs.Costs.test_adopted_collection_retains_unknown_exit) ... ok
test_archive_chunk_directories_are_not_receipts (test_costs.Costs.test_archive_chunk_directories_are_not_receipts) ... ok
test_conflicting_copied_exit_is_rejected (test_costs.Costs.test_conflicting_copied_exit_is_rejected) ... ok
test_copied_pilot_is_counted_once (test_costs.Costs.test_copied_pilot_is_counted_once) ... ok
test_service_counters_are_not_added_to_command_time (test_costs.Costs.test_service_counters_are_not_added_to_command_time) ... ok
test_changed_cap_and_wrong_terminal_labels_are_rejected (test_efficiency.ChunkAccounting.test_changed_cap_and_wrong_terminal_labels_are_rejected) ... ok
test_duplicate_setups_fail_before_combined_output (test_efficiency.ChunkAccounting.test_duplicate_setups_fail_before_combined_output) ... ok
test_excluded_only_chunk_retains_its_paid_work (test_efficiency.ChunkAccounting.test_excluded_only_chunk_retains_its_paid_work) ... ok
test_join_preserves_labels_bytes_exclusions_and_paid_work (test_efficiency.ChunkAccounting.test_join_preserves_labels_bytes_exclusions_and_paid_work) ... ok
test_default_requires_no_new_measurements (test_resources.Resources.test_default_requires_no_new_measurements) ... ok
test_worker_change_requires_parity_and_measured_gain (test_resources.Resources.test_worker_change_requires_parity_and_measured_gain) ... ok
test_parent_identity_q_gradients_and_runtime_stripping (test_strategy.EntityOutput.test_parent_identity_q_gradients_and_runtime_stripping) ... ok
test_incomplete_and_cheap_rows_have_no_training_outcome (test_strategy.Labels.test_incomplete_and_cheap_rows_have_no_training_outcome) ... ok
test_masked_policy_gradient_and_soft_targets (test_strategy.Labels.test_masked_policy_gradient_and_soft_targets) ... ok
test_q_loss_has_no_unknown_edge_gradient (test_strategy.Labels.test_q_loss_has_no_unknown_edge_gradient) ... ok
test_value_sign_and_mix (test_strategy.Labels.test_value_sign_and_mix) ... ok
test_visit_and_q_contract (test_strategy.Labels.test_visit_and_q_contract) ... ok

----------------------------------------------------------------------
Ran 26 tests in 0.225s

OK
