1/400 complete: [3, 15]
2/400 complete: [16, 6]
3/400 unsupported: [0, 0]
4/400 unsupported: [0, 0]
5/400 complete: [14, 16]
6/400 unsupported: [6, 0]
7/400 complete: [8, 15]
8/400 unsupported: [6, 4]
9/400 unsupported: [1, 3]
10/400 unsupported: [0, 0]
11/400 unsupported: [3, 5]
12/400 complete: [15, 14]
13/400 unsupported: [1, 1]
14/400 complete: [18, 8]
15/400 unsupported: [7, 12]
16/400 unsupported: [0, 0]
17/400 unsupported: [2, 2]
18/400 unsupported: [5, 4]
19/400 complete: [6, 15]
20/400 complete: [15, 11]
21/400 unsupported: [3, 8]
22/400 unsupported: [0, 0]
23/400 complete: [8, 16]
24/400 unsupported: [2, 0]
25/400 unsupported: [1, 11]
26/400 unsupported: [0, 2]
27/400 complete: [8, 15]
28/400 complete: [15, 8]
29/400 complete: [6, 16]
30/400 complete: [17, 13]
31/400 unsupported: [4, 9]
32/400 complete: [15, 15]
33/400 complete: [8, 16]
34/400 complete: [15, 6]
35/400 complete: [12, 15]
36/400 complete: [15, 9]
37/400 complete: [3, 16]
38/400 unsupported: [9, 7]
39/400 complete: [17, 15]
40/400 complete: [15, 8]
41/400 complete: [9, 16]
42/400 complete: [14, 16]
43/400 complete: [16, 18]
44/400 complete: [15, 7]
45/400 complete: [3, 15]
46/400 complete: [15, 13]
47/400 complete: [16, 16]
48/400 complete: [15, 13]
49/400 unsupported: [3, 7]
50/400 complete: [15, 3]
51/400 unsupported: [4, 4]
52/400 unsupported: [0, 0]
53/400 complete: [5, 15]
54/400 unsupported: [3, 0]
55/400 unsupported: [0, 0]
56/400 unsupported: [0, 0]
57/400 unsupported: [1, 1]
58/400 unsupported: [11, 12]
59/400 unsupported: [2, 5]
60/400 unsupported: [1, 2]
61/400 complete: [8, 15]
62/400 unsupported: [3, 0]
63/400 unsupported: [3, 3]
64/400 complete: [15, 9]
65/400 unsupported: [1, 1]
66/400 complete: [16, 7]
67/400 unsupported: [0, 3]
68/400 complete: [15, 4]
69/400 unsupported: [0, 0]
70/400 complete: [16, 4]
71/400 unsupported: [4, 10]
72/400 complete: [16, 5]
73/400 complete: [9, 16]
74/400 complete: [15, 8]
75/400 unsupported: [3, 5]
76/400 complete: [16, 7]
77/400 unsupported: [1, 7]
78/400 complete: [15, 7]
79/400 unsupported: [0, 1]
80/400 complete: [15, 12]
81/400 complete: [6, 16]
82/400 complete: [18, 8]
83/400 complete: [16, 14]
84/400 complete: [16, 12]
85/400 unsupported: [0, 5]
86/400 unsupported: [0, 0]
87/400 complete: [3, 16]
88/400 unsupported: [0, 0]
89/400 complete: [13, 16]
90/400 complete: [18, 7]
91/400 complete: [8, 15]
92/400 unsupported: [0, 0]
93/400 complete: [4, 15]
94/400 complete: [15, 3]
95/400 complete: [7, 16]
96/400 complete: [17, 10]
97/400 unsupported: [0, 3]
98/400 unsupported: [0, 0]
99/400 complete: [16, 14]
100/400 complete: [15, 11]
101/400 unsupported: [4, 7]
102/400 complete: [15, 5]
103/400 complete: [11, 16]
104/400 unsupported: [3, 4]
105/400 complete: [7, 15]
106/400 complete: [12, 17]
107/400 complete: [9, 15]
108/400 unsupported: [0, 0]
109/400 unsupported: [0, 0]
110/400 complete: [18, 12]
111/400 unsupported: [6, 7]
112/400 unsupported: [6, 1]
113/400 complete: [11, 15]
114/400 complete: [16, 6]
115/400 complete: [10, 15]
116/400 complete: [18, 6]
117/400 complete: [4, 15]
118/400 complete: [15, 6]
119/400 unsupported: [0, 1]
120/400 complete: [16, 11]
121/400 complete: [7, 15]
122/400 unsupported: [0, 1]
123/400 unsupported: [0, 1]
124/400 complete: [16, 17]
125/400 complete: [12, 15]
126/400 complete: [20, 10]
127/400 complete: [7, 16]
128/400 complete: [15, 8]
129/400 unsupported: [9, 10]
130/400 complete: [17, 12]
131/400 complete: [12, 15]
132/400 complete: [15, 2]
133/400 unsupported: [1, 4]
134/400 complete: [15, 4]
135/400 unsupported: [0, 1]
136/400 unsupported: [0, 0]
137/400 complete: [12, 15]
138/400 complete: [15, 9]
139/400 complete: [13, 15]
140/400 complete: [15, 12]
141/400 unsupported: [0, 2]
142/400 unsupported: [7, 0]
143/400 complete: [7, 16]
144/400 complete: [17, 12]
145/400 complete: [7, 16]
146/400 complete: [15, 6]
147/400 unsupported: [0, 1]
148/400 unsupported: [0, 0]
149/400 complete: [8, 15]
150/400 complete: [17, 9]
151/400 unsupported: [2, 0]
152/400 complete: [15, 12]
153/400 unsupported: [0, 3]
154/400 complete: [15, 11]
155/400 complete: [9, 17]
156/400 complete: [15, 4]
157/400 complete: [10, 16]
158/400 complete: [16, 8]
159/400 complete: [8, 15]
160/400 complete: [15, 9]
161/400 unsupported: [0, 0]
162/400 complete: [16, 7]
163/400 complete: [19, 14]
164/400 unsupported: [5, 1]
165/400 complete: [4, 15]
166/400 unsupported: [4, 1]
167/400 complete: [8, 15]
168/400 complete: [15, 14]
169/400 unsupported: [0, 0]
170/400 unsupported: [6, 1]
171/400 unsupported: [0, 2]
172/400 complete: [15, 11]
173/400 complete: [2, 16]
174/400 unsupported: [4, 0]
175/400 unsupported: [13, 3]
176/400 complete: [15, 8]
177/400 complete: [5, 15]
178/400 complete: [17, 5]
179/400 complete: [17, 17]
180/400 unsupported: [3, 3]
181/400 complete: [4, 15]
182/400 unsupported: [6, 2]
183/400 unsupported: [0, 5]
184/400 unsupported: [6, 4]
185/400 complete: [5, 16]
186/400 complete: [16, 13]
187/400 complete: [5, 16]
188/400 unsupported: [3, 2]
189/400 complete: [15, 15]
190/400 complete: [15, 15]
191/400 complete: [6, 16]
192/400 complete: [15, 10]
193/400 unsupported: [2, 3]
194/400 complete: [16, 14]
195/400 complete: [8, 16]
196/400 unsupported: [0, 0]
197/400 complete: [7, 16]
198/400 complete: [16, 8]
199/400 unsupported: [0, 0]
200/400 complete: [15, 8]
201/400 complete: [9, 15]
202/400 complete: [16, 14]
203/400 unsupported: [0, 2]
204/400 unsupported: [6, 3]
205/400 complete: [18, 11]
206/400 complete: [15, 1]
207/400 unsupported: [2, 7]
208/400 complete: [16, 7]
209/400 unsupported: [2, 4]
210/400 unsupported: [9, 1]
211/400 unsupported: [1, 1]
212/400 unsupported: [10, 6]
213/400 complete: [11, 15]
214/400 unsupported: [0, 0]
215/400 complete: [10, 15]
216/400 complete: [15, 8]
217/400 complete: [12, 17]
218/400 unsupported: [3, 2]
219/400 complete: [12, 16]
220/400 unsupported: [7, 1]
221/400 complete: [11, 15]
222/400 complete: [16, 15]
223/400 complete: [16, 12]
224/400 unsupported: [0, 0]
225/400 complete: [7, 16]
226/400 complete: [17, 12]
227/400 unsupported: [0, 0]
228/400 complete: [16, 6]
229/400 complete: [14, 15]
230/400 complete: [17, 16]
231/400 complete: [8, 15]
232/400 complete: [15, 10]
233/400 unsupported: [5, 13]
234/400 unsupported: [1, 0]
235/400 unsupported: [1, 7]
236/400 unsupported: [2, 0]
237/400 unsupported: [0, 5]
238/400 unsupported: [3, 0]
239/400 complete: [20, 16]
240/400 complete: [15, 12]
241/400 complete: [14, 17]
242/400 complete: [16, 10]
243/400 complete: [16, 15]
244/400 complete: [15, 7]
245/400 complete: [8, 15]
246/400 unsupported: [3, 0]
247/400 complete: [5, 15]
248/400 complete: [16, 7]
249/400 complete: [14, 16]
250/400 unsupported: [9, 5]
251/400 complete: [10, 15]
252/400 complete: [16, 13]
253/400 unsupported: [2, 8]
254/400 complete: [16, 10]
255/400 complete: [9, 15]
256/400 unsupported: [5, 1]
257/400 unsupported: [0, 1]
258/400 unsupported: [0, 0]
259/400 complete: [19, 12]
260/400 unsupported: [8, 9]
261/400 complete: [10, 15]
262/400 complete: [16, 5]
263/400 complete: [7, 16]
264/400 unsupported: [5, 3]
265/400 complete: [2, 16]
266/400 unsupported: [2, 2]
267/400 complete: [3, 16]
268/400 complete: [15, 17]
269/400 unsupported: [2, 5]
270/400 complete: [17, 7]
271/400 unsupported: [1, 3]
272/400 unsupported: [4, 1]
273/400 complete: [10, 15]
274/400 complete: [15, 9]
275/400 complete: [9, 16]
276/400 unsupported: [0, 2]
277/400 complete: [8, 15]
278/400 complete: [17, 2]
279/400 complete: [9, 16]
280/400 complete: [16, 3]
281/400 unsupported: [0, 5]
282/400 complete: [15, 8]
283/400 unsupported: [4, 5]
284/400 complete: [16, 6]
285/400 complete: [8, 16]
286/400 complete: [16, 12]
287/400 unsupported: [10, 10]
288/400 unsupported: [3, 7]
289/400 unsupported: [2, 1]
290/400 complete: [15, 10]
291/400 unsupported: [5, 4]
292/400 unsupported: [5, 10]
293/400 complete: [4, 15]
294/400 complete: [15, 15]
295/400 complete: [11, 19]
296/400 complete: [18, 14]
297/400 unsupported: [0, 1]
298/400 complete: [15, 3]
299/400 unsupported: [0, 0]
300/400 complete: [15, 4]
301/400 complete: [7, 15]
302/400 complete: [16, 12]
303/400 complete: [7, 15]
304/400 complete: [17, 4]
305/400 complete: [5, 15]
306/400 complete: [17, 9]
307/400 complete: [18, 13]
308/400 complete: [15, 7]
309/400 complete: [9, 15]
310/400 unsupported: [8, 6]
311/400 complete: [11, 19]
312/400 unsupported: [6, 0]
313/400 complete: [6, 16]
314/400 complete: [14, 16]
315/400 unsupported: [0, 2]
316/400 complete: [15, 7]
317/400 unsupported: [5, 8]
318/400 unsupported: [4, 2]
319/400 complete: [16, 4]
320/400 complete: [13, 15]
321/400 unsupported: [0, 0]
322/400 unsupported: [11, 5]
323/400 unsupported: [2, 3]
324/400 complete: [16, 13]
325/400 unsupported: [1, 3]
326/400 complete: [14, 16]
327/400 complete: [6, 17]
328/400 unsupported: [11, 7]
329/400 unsupported: [3, 4]
330/400 unsupported: [1, 1]
331/400 unsupported: [0, 0]
332/400 unsupported: [4, 2]
333/400 unsupported: [0, 2]
334/400 complete: [15, 10]
335/400 unsupported: [9, 12]
336/400 unsupported: [5, 4]
337/400 complete: [15, 16]
338/400 unsupported: [6, 2]
339/400 unsupported: [0, 0]
340/400 unsupported: [0, 0]
341/400 unsupported: [0, 0]
342/400 complete: [16, 10]
343/400 unsupported: [7, 7]
344/400 complete: [14, 15]
345/400 complete: [6, 16]
346/400 unsupported: [13, 2]
347/400 complete: [5, 16]
348/400 complete: [16, 13]
349/400 complete: [13, 15]
350/400 complete: [15, 11]
351/400 complete: [8, 15]
352/400 complete: [16, 7]
353/400 complete: [3, 15]
354/400 complete: [17, 6]
355/400 unsupported: [1, 2]
356/400 unsupported: [1, 0]
357/400 complete: [10, 17]
358/400 unsupported: [5, 0]
359/400 unsupported: [0, 0]
360/400 unsupported: [0, 0]
361/400 unsupported: [1, 0]
362/400 unsupported: [0, 0]
363/400 unsupported: [3, 6]
364/400 complete: [17, 7]
365/400 complete: [8, 15]
366/400 unsupported: [5, 2]
367/400 complete: [13, 17]
368/400 complete: [15, 15]
369/400 unsupported: [2, 4]
370/400 unsupported: [0, 0]
371/400 unsupported: [2, 1]
372/400 complete: [15, 4]
373/400 complete: [9, 15]
374/400 complete: [15, 10]
375/400 unsupported: [2, 8]
376/400 unsupported: [2, 2]
377/400 complete: [10, 15]
378/400 unsupported: [0, 0]
379/400 complete: [3, 15]
380/400 complete: [15, 13]
381/400 unsupported: [1, 0]
382/400 complete: [15, 11]
383/400 complete: [8, 15]
384/400 unsupported: [0, 0]
385/400 complete: [13, 15]
386/400 complete: [15, 5]
387/400 complete: [7, 15]
388/400 unsupported: [13, 2]
389/400 unsupported: [0, 0]
390/400 unsupported: [10, 10]
391/400 unsupported: [9, 9]
392/400 unsupported: [0, 0]
393/400 complete: [13, 16]
394/400 complete: [15, 4]
395/400 unsupported: [1, 2]
396/400 unsupported: [12, 9]
397/400 unsupported: [1, 3]
398/400 complete: [15, 7]
399/400 complete: [5, 15]
400/400 complete: [15, 3]
