{
  "arms": {
    "control": [
      0.268775,
      0.268775
    ],
    "blind-alpha": [
      0.29445,
      0.29445
    ],
    "privileged-sr": [
      0.283775,
      0.283775
    ]
  },
  "contrasts": {
    "blind-alpha": {
      "delta_credit_bounds": [
        0.025675,
        0.025675
      ],
      "paired_bootstrap95": [
        0.01974999999999999,
        0.03142499999999998
      ],
      "paired_bootstrap97_5": [
        0.018974999999999964,
        0.032225000000000004
      ],
      "simultaneous_hoeffding95": [
        -0.003929143746015967,
        0.05527914374601597
      ],
      "control_gap_reduced_fraction_bounds": [
        0.11103903124662125,
        0.11103903124662125
      ],
      "control_gap_reduced_fraction_bootstrap95": [
        0.08629626250446656,
        0.13458860759493652
      ]
    },
    "privileged-sr": {
      "delta_credit_bounds": [
        0.015,
        0.015
      ],
      "paired_bootstrap95": [
        0.006699999999999984,
        0.023375000000000035
      ],
      "paired_bootstrap97_5": [
        0.005475000000000008,
        0.024675312500000022
      ],
      "simultaneous_hoeffding95": [
        -0.014604143746015968,
        0.04460414374601597
      ],
      "control_gap_reduced_fraction_bounds": [
        0.06487187804086927,
        0.06487187804086927
      ],
      "control_gap_reduced_fraction_bootstrap95": [
        0.02950723050661871,
        0.09941281947152476
      ]
    }
  }
}
