   Compiling proc-macro2 v1.0.107
   Compiling quote v1.0.47
   Compiling unicode-ident v1.0.26
   Compiling libc v0.2.189
    Checking cfg-if v1.0.5
   Compiling serde_core v1.0.229
   Compiling zerocopy v0.8.59
   Compiling crossbeam-utils v0.8.23
   Compiling syn v2.0.119
   Compiling syn v3.0.6
   Compiling crossbeam-epoch v0.9.21
   Compiling zmij v1.0.23
   Compiling serde v1.0.229
   Compiling zerocopy-derive v0.8.59
    Checking utf8parse v0.2.2
   Compiling crossbeam-deque v0.8.8
   Compiling serde_derive v1.0.229
    Checking anstyle-parse v1.0.0
   Compiling serde_json v1.0.151
   Compiling rayon-core v1.13.0
    Checking colorchoice v1.0.5
    Checking either v1.18.0
    Checking anstyle v1.0.14
    Checking anstyle-query v1.1.5
   Compiling autocfg v1.5.1
    Checking is_terminal_polyfill v1.70.2
    Checking anstream v1.0.0
   Compiling num-traits v0.2.19
    Checking strsim v0.11.1
   Compiling heck v0.5.0
    Checking memchr v2.8.3
    Checking clap_lex v1.1.1
    Checking itoa v1.0.18
    Checking arrayvec v0.7.8
    Checking clap_builder v4.6.7
   Compiling clap_derive v4.6.7
    Checking regex-syntax v0.8.11
    Checking once_cell v1.21.4
    Checking half v2.7.1
    Checking rayon v1.12.0
    Checking clap v4.6.7
    Checking splendor-core v0.1.0 (/Users/payton.jones/dev/splendorust-entity-baseline/crates/splendor-core)
    Checking plotters-backend v0.3.7
    Checking ciborium-io v0.2.2
    Checking regex-automata v0.4.18
    Checking ciborium-ll v0.2.2
    Checking plotters-svg v0.3.7
    Checking itertools v0.10.5
    Checking cast v0.3.0
    Checking same-file v1.0.6
    Checking walkdir v2.5.0
    Checking plotters v0.3.7
    Checking ciborium v0.2.2
    Checking tinytemplate v1.2.1
    Checking criterion-plot v0.5.0
    Checking is-terminal v0.4.17
    Checking anes v0.1.6
    Checking oorandom v11.1.5
    Checking regex v1.13.1
   Compiling splendor-arena v0.1.0 (/Users/payton.jones/dev/splendorust-entity-baseline/crates/splendor-arena)
    Checking splendor-agents v0.1.0 (/Users/payton.jones/dev/splendorust-entity-baseline/crates/splendor-agents)
   Compiling getrandom v0.3.4
    Checking criterion v0.5.1
   Compiling rustix v1.1.5
   Compiling getrandom v0.4.3
    Checking rand_core v0.9.5
    Checking errno v0.3.14
    Checking bitflags v2.13.2
    Checking fastrand v2.5.0
    Checking ppv-lite86 v0.2.21
    Checking wait-timeout v0.2.1
    Checking quick-error v1.2.3
    Checking fnv v1.0.7
    Checking bit-vec v0.8.0
    Checking rand_chacha v0.9.0
    Checking bit-set v0.8.0
    Checking rand_xorshift v0.4.0
    Checking rand v0.9.5
    Checking unarray v0.1.4
    Checking tempfile v3.27.0
    Checking rusty-fork v0.3.1
    Checking proptest v1.11.0
    Finished `release` profile [optimized] target(s) in 12.70s
