1/400 complete: [17, 16]
2/400 complete: [15, 14]
3/400 complete: [3, 15]
4/400 complete: [15, 13]
5/400 complete: [15, 13]
6/400 complete: [12, 16]
7/400 complete: [15, 14]
8/400 unsupported: [2, 3]
9/400 unsupported: [2, 0]
10/400 unsupported: [2, 0]
11/400 unsupported: [0, 0]
12/400 complete: [18, 15]
13/400 unsupported: [9, 7]
14/400 unsupported: [1, 0]
15/400 unsupported: [8, 7]
16/400 complete: [14, 15]
17/400 unsupported: [12, 11]
18/400 unsupported: [0, 0]
19/400 complete: [15, 12]
20/400 unsupported: [3, 4]
21/400 unsupported: [6, 9]
22/400 unsupported: [9, 10]
23/400 complete: [16, 16]
24/400 complete: [16, 16]
25/400 unsupported: [0, 0]
26/400 complete: [8, 15]
27/400 unsupported: [2, 3]
28/400 complete: [9, 15]
29/400 complete: [15, 14]
30/400 unsupported: [7, 9]
31/400 unsupported: [9, 7]
32/400 complete: [15, 11]
33/400 unsupported: [3, 0]
34/400 unsupported: [0, 0]
35/400 complete: [6, 15]
36/400 complete: [12, 15]
37/400 complete: [11, 15]
38/400 unsupported: [0, 0]
39/400 unsupported: [1, 0]
40/400 unsupported: [3, 1]
41/400 complete: [14, 15]
42/400 unsupported: [9, 10]
43/400 unsupported: [0, 0]
44/400 complete: [16, 14]
45/400 complete: [14, 15]
46/400 complete: [11, 15]
47/400 unsupported: [6, 1]
48/400 complete: [18, 16]
49/400 unsupported: [12, 7]
50/400 unsupported: [3, 7]
51/400 unsupported: [4, 11]
52/400 unsupported: [4, 2]
53/400 unsupported: [5, 3]
54/400 unsupported: [1, 0]
55/400 complete: [14, 16]
56/400 unsupported: [0, 0]
57/400 complete: [16, 17]
58/400 unsupported: [2, 3]
59/400 unsupported: [5, 2]
60/400 complete: [15, 12]
61/400 complete: [15, 12]
62/400 complete: [15, 12]
63/400 complete: [16, 14]
64/400 unsupported: [3, 3]
65/400 unsupported: [0, 0]
66/400 unsupported: [1, 0]
67/400 complete: [14, 15]
68/400 complete: [17, 15]
69/400 unsupported: [0, 2]
70/400 complete: [15, 18]
71/400 complete: [13, 15]
72/400 complete: [16, 14]
73/400 unsupported: [8, 4]
74/400 complete: [15, 16]
75/400 complete: [15, 16]
76/400 complete: [16, 10]
77/400 complete: [14, 17]
78/400 unsupported: [5, 6]
79/400 unsupported: [2, 7]
80/400 complete: [14, 16]
81/400 complete: [15, 14]
82/400 unsupported: [1, 4]
83/400 complete: [8, 16]
84/400 unsupported: [0, 5]
85/400 unsupported: [0, 1]
86/400 unsupported: [4, 5]
87/400 unsupported: [9, 7]
88/400 complete: [10, 16]
89/400 unsupported: [9, 5]
90/400 unsupported: [0, 0]
91/400 unsupported: [1, 0]
92/400 unsupported: [9, 7]
93/400 unsupported: [7, 2]
94/400 unsupported: [0, 0]
95/400 complete: [15, 11]
96/400 complete: [15, 17]
97/400 unsupported: [3, 1]
98/400 complete: [17, 15]
99/400 unsupported: [12, 12]
100/400 complete: [19, 8]
101/400 unsupported: [0, 0]
102/400 complete: [15, 18]
103/400 complete: [15, 14]
104/400 unsupported: [5, 9]
105/400 unsupported: [5, 2]
106/400 unsupported: [0, 1]
107/400 complete: [12, 15]
108/400 unsupported: [0, 0]
109/400 complete: [16, 15]
110/400 complete: [17, 15]
111/400 unsupported: [4, 4]
112/400 complete: [18, 18]
113/400 complete: [7, 15]
114/400 complete: [16, 14]
115/400 unsupported: [3, 2]
116/400 unsupported: [0, 5]
117/400 complete: [9, 17]
118/400 complete: [15, 11]
119/400 complete: [15, 9]
120/400 complete: [12, 15]
121/400 unsupported: [2, 0]
122/400 complete: [7, 15]
123/400 unsupported: [6, 6]
124/400 complete: [10, 15]
125/400 complete: [15, 17]
126/400 unsupported: [5, 10]
127/400 complete: [13, 16]
128/400 unsupported: [6, 4]
129/400 complete: [15, 15]
130/400 complete: [13, 15]
131/400 complete: [16, 15]
132/400 complete: [15, 10]
133/400 unsupported: [4, 8]
134/400 unsupported: [4, 1]
135/400 complete: [15, 12]
136/400 complete: [7, 17]
137/400 complete: [15, 11]
138/400 complete: [12, 15]
139/400 complete: [7, 15]
140/400 complete: [15, 12]
141/400 complete: [15, 14]
142/400 unsupported: [1, 3]
143/400 complete: [17, 13]
144/400 complete: [11, 17]
145/400 complete: [11, 16]
146/400 unsupported: [1, 2]
147/400 complete: [15, 14]
148/400 complete: [16, 14]
149/400 unsupported: [0, 2]
150/400 unsupported: [10, 12]
151/400 unsupported: [8, 9]
152/400 complete: [15, 14]
153/400 complete: [16, 14]
154/400 unsupported: [3, 0]
155/400 complete: [12, 17]
156/400 complete: [15, 12]
157/400 complete: [7, 16]
158/400 unsupported: [1, 1]
159/400 complete: [16, 14]
160/400 unsupported: [0, 2]
161/400 unsupported: [4, 6]
162/400 unsupported: [0, 1]
163/400 complete: [16, 14]
164/400 complete: [16, 15]
165/400 complete: [10, 15]
166/400 unsupported: [0, 0]
167/400 complete: [16, 13]
168/400 complete: [14, 17]
169/400 unsupported: [1, 0]
170/400 unsupported: [1, 3]
171/400 complete: [15, 15]
172/400 complete: [15, 6]
173/400 complete: [15, 5]
174/400 unsupported: [1, 0]
175/400 complete: [10, 15]
176/400 unsupported: [0, 8]
177/400 complete: [15, 12]
178/400 complete: [17, 13]
179/400 complete: [13, 18]
180/400 complete: [16, 6]
181/400 unsupported: [13, 13]
182/400 complete: [11, 15]
183/400 unsupported: [10, 5]
184/400 complete: [15, 14]
185/400 unsupported: [1, 0]
186/400 complete: [15, 8]
187/400 unsupported: [2, 1]
188/400 complete: [17, 10]
189/400 complete: [18, 13]
190/400 unsupported: [7, 5]
191/400 complete: [8, 15]
192/400 complete: [14, 16]
193/400 complete: [13, 18]
194/400 complete: [16, 10]
195/400 complete: [8, 16]
196/400 unsupported: [3, 2]
197/400 complete: [17, 13]
198/400 complete: [18, 18]
199/400 unsupported: [5, 0]
200/400 unsupported: [0, 2]
201/400 complete: [14, 15]
202/400 unsupported: [7, 9]
203/400 unsupported: [11, 11]
204/400 unsupported: [5, 4]
205/400 unsupported: [2, 1]
206/400 unsupported: [0, 2]
207/400 complete: [15, 16]
208/400 complete: [9, 18]
209/400 unsupported: [0, 0]
210/400 unsupported: [5, 4]
211/400 complete: [16, 9]
212/400 complete: [12, 15]
213/400 complete: [16, 14]
214/400 complete: [15, 13]
215/400 unsupported: [7, 8]
216/400 unsupported: [0, 1]
217/400 unsupported: [0, 2]
218/400 unsupported: [0, 1]
219/400 complete: [15, 14]
220/400 complete: [15, 14]
221/400 unsupported: [10, 10]
222/400 unsupported: [6, 6]
223/400 unsupported: [0, 0]
224/400 unsupported: [0, 0]
225/400 complete: [15, 13]
226/400 unsupported: [5, 0]
227/400 unsupported: [11, 10]
228/400 complete: [8, 15]
229/400 unsupported: [0, 0]
230/400 complete: [15, 14]
231/400 complete: [3, 16]
232/400 complete: [12, 17]
233/400 complete: [16, 16]
234/400 unsupported: [12, 10]
235/400 unsupported: [1, 1]
236/400 unsupported: [8, 7]
237/400 unsupported: [4, 0]
238/400 unsupported: [0, 0]
239/400 complete: [15, 13]
240/400 complete: [15, 13]
241/400 complete: [15, 15]
242/400 unsupported: [3, 1]
243/400 unsupported: [8, 10]
244/400 unsupported: [10, 9]
245/400 unsupported: [2, 1]
246/400 unsupported: [0, 4]
247/400 complete: [16, 12]
248/400 complete: [15, 17]
249/400 complete: [11, 15]
250/400 complete: [6, 16]
251/400 complete: [15, 14]
252/400 complete: [20, 15]
253/400 unsupported: [3, 1]
254/400 unsupported: [3, 4]
255/400 unsupported: [3, 4]
256/400 complete: [14, 18]
257/400 unsupported: [11, 5]
258/400 unsupported: [4, 5]
259/400 complete: [15, 15]
260/400 unsupported: [8, 9]
261/400 complete: [9, 15]
262/400 complete: [14, 16]
263/400 unsupported: [0, 0]
264/400 complete: [17, 8]
265/400 complete: [11, 15]
266/400 complete: [16, 15]
267/400 unsupported: [1, 2]
268/400 complete: [9, 15]
269/400 complete: [11, 15]
270/400 unsupported: [0, 0]
271/400 unsupported: [5, 3]
272/400 complete: [15, 13]
273/400 unsupported: [0, 4]
274/400 unsupported: [2, 4]
275/400 unsupported: [5, 7]
276/400 complete: [13, 15]
277/400 unsupported: [4, 6]
278/400 unsupported: [5, 5]
279/400 complete: [13, 16]
280/400 complete: [11, 16]
281/400 unsupported: [0, 0]
282/400 complete: [11, 15]
283/400 complete: [15, 15]
284/400 unsupported: [7, 13]
285/400 unsupported: [3, 4]
286/400 complete: [17, 12]
287/400 unsupported: [2, 4]
288/400 complete: [16, 8]
289/400 complete: [14, 15]
290/400 complete: [16, 16]
291/400 unsupported: [0, 2]
292/400 complete: [13, 15]
293/400 unsupported: [0, 0]
294/400 complete: [15, 16]
295/400 complete: [11, 16]
296/400 unsupported: [0, 1]
297/400 unsupported: [0, 1]
298/400 unsupported: [2, 2]
299/400 unsupported: [4, 1]
300/400 unsupported: [8, 7]
301/400 complete: [13, 15]
302/400 unsupported: [0, 0]
303/400 complete: [14, 16]
304/400 unsupported: [4, 8]
305/400 complete: [16, 12]
306/400 unsupported: [0, 0]
307/400 unsupported: [2, 0]
308/400 complete: [15, 9]
309/400 complete: [16, 12]
310/400 complete: [16, 9]
311/400 complete: [12, 17]
312/400 complete: [16, 14]
313/400 unsupported: [1, 4]
314/400 complete: [15, 9]
315/400 unsupported: [0, 0]
316/400 unsupported: [3, 6]
317/400 unsupported: [8, 1]
318/400 unsupported: [0, 1]
319/400 complete: [15, 18]
320/400 complete: [16, 14]
321/400 complete: [8, 17]
322/400 unsupported: [0, 2]
323/400 complete: [10, 16]
324/400 unsupported: [0, 0]
325/400 complete: [17, 14]
326/400 complete: [16, 10]
327/400 complete: [15, 13]
328/400 unsupported: [7, 10]
329/400 unsupported: [4, 8]
330/400 unsupported: [1, 2]
331/400 unsupported: [2, 0]
332/400 unsupported: [0, 1]
333/400 unsupported: [0, 3]
334/400 unsupported: [0, 0]
335/400 complete: [15, 13]
336/400 complete: [14, 15]
337/400 complete: [16, 12]
338/400 complete: [15, 12]
339/400 unsupported: [3, 1]
340/400 unsupported: [0, 0]
341/400 unsupported: [10, 7]
342/400 unsupported: [1, 2]
343/400 complete: [16, 14]
344/400 complete: [15, 16]
345/400 unsupported: [1, 0]
346/400 unsupported: [1, 2]
347/400 unsupported: [1, 2]
348/400 unsupported: [2, 0]
349/400 complete: [16, 17]
350/400 complete: [17, 16]
351/400 complete: [16, 15]
352/400 complete: [14, 18]
353/400 unsupported: [1, 0]
354/400 unsupported: [0, 0]
355/400 unsupported: [6, 1]
356/400 complete: [15, 17]
357/400 complete: [14, 15]
358/400 unsupported: [4, 6]
359/400 complete: [8, 15]
360/400 unsupported: [12, 10]
361/400 complete: [15, 13]
362/400 complete: [14, 16]
363/400 complete: [12, 15]
364/400 unsupported: [1, 0]
365/400 unsupported: [3, 1]
366/400 unsupported: [0, 1]
367/400 unsupported: [1, 0]
368/400 complete: [14, 16]
369/400 unsupported: [0, 0]
370/400 unsupported: [0, 0]
371/400 complete: [20, 14]
372/400 complete: [15, 17]
373/400 complete: [7, 15]
374/400 unsupported: [1, 2]
375/400 unsupported: [5, 3]
376/400 unsupported: [0, 2]
377/400 complete: [15, 11]
378/400 complete: [18, 11]
379/400 complete: [9, 15]
380/400 unsupported: [9, 8]
381/400 unsupported: [3, 1]
382/400 complete: [15, 13]
383/400 complete: [17, 10]
384/400 unsupported: [3, 5]
385/400 unsupported: [0, 1]
386/400 unsupported: [0, 0]
387/400 unsupported: [5, 5]
388/400 complete: [15, 11]
389/400 unsupported: [0, 0]
390/400 unsupported: [3, 2]
391/400 complete: [13, 18]
392/400 unsupported: [0, 0]
393/400 complete: [16, 9]
394/400 unsupported: [0, 0]
395/400 complete: [7, 17]
396/400 complete: [16, 15]
397/400 unsupported: [1, 2]
398/400 unsupported: [3, 2]
399/400 unsupported: [2, 1]
400/400 unsupported: [2, 4]
