+ cargo fmt --all --check
+ cargo clippy --workspace --all-targets --locked -- -D warnings
    Finished `dev` profile [unoptimized + debuginfo] target(s) in 0.23s
+ cargo test --workspace --release --locked
    Finished `release` profile [optimized] target(s) in 0.17s
     Running unittests src/lib.rs (target/release/deps/splendor_agents-b3c226b755997fb5)

running 51 tests
test belief::tests::small_pool_exact_moments_and_public_information ... ok
test learned::tests::pairwise_value_is_symmetric_and_finite ... ok
test neural::tests::hidden_world_and_blind_ids_do_not_enter_features ... ok
test native_environment::tests::native_small_takes_returns_and_pass_are_whole_turns ... ok
test learned::tests::features_do_not_depend_on_sampled_hidden_world ... ok
test native_environment::tests::native_cap_and_shared_reward_differ_from_canonical ... ok
test native_environment::tests::native_reserve_at_cap_omits_gold_and_takes_do_not_overflow ... ok
test native_environment::tests::native_colored_first_payment_and_multiple_nobles_on_purchase_only ... ok
test native_environment::tests::native_observation_is_independent_of_real_blind_identity ... ok
test native_environment::tests::all_eighty_one_native_action_ids_are_supported_without_projection ... ok
test neural_search::tests::completed_q_policy_and_mixed_value ... ok
test native_environment::tests::same_model_feature_contract_in_canonical_and_native_openings ... ok
test neural_search::tests::transferred_keys_include_the_network_turn_input ... ok
test public_history::tests::blind_draw_has_no_private_identity ... ok
test tests::belief_factory_preserves_requested_budget ... ok
test tests::next_turn_bound_counts_depletion_and_market_removal_separately ... ok
test tests::noble_threshold_take_ends_only_from_the_last_seat ... ok
test tests::public_block_filter_never_guesses_blind_reservations ... ok
test tests::return_filter_uses_complete_bundles_and_keeps_uncertified_choices ... ok
test tests::search_cannot_distinguish_unknown_decks ... ok
test neural::tests::main_action_indices_are_unique_on_real_positions ... ok
test tests::search_stops_at_counter_capacity_without_panicking ... ok
test tests::take_filter_keeps_uncertified_choices_without_a_safe_alternative ... ok
test neural_search::tests::belief_transform_runs_only_at_the_root ... ok
test neural_search::tests::public_native_leaf_preserves_teacher_noble_order ... ok
test neural_search::tests::compact_keys_preserve_exact_observation_identity ... ok
test transfer::remote::tests::reject_nonlocal_service - should panic ... ok
test transfer::remote::tests::reject_checkpoint_mismatch_before_tensor_send ... ok
test tests::large_search_depth_does_not_wrap_at_nonzero_turn ... ok
test transfer::remote::tests::history_versions_preserve_their_registered_public_fields ... ok
test transfer::tests::gated_bitplanes_preserve_signed_byte_semantics ... ok
test transfer::tests::bootstrap_dispatch_preserves_exact_inference ... ok
test transfer::tests::gated_checkpoint_output_bias_and_validation ... ok
test transfer::tests::deeper_identity_trunk_preserves_bootstrap_and_checks_header ... ok
test belief::tests::sampled_world_invariance_and_no_blind_identity ... ok
test transfer::tests::public_projection_identity_and_hidden_world_invariance ... ok
test transfer::tests::information_projection_identity_and_payload_checks ... ok
test neural_search::tests::correction_runs_once_at_root_and_base_runs_at_leaves ... ok
test transfer::tests::translated_main_logits_cover_exactly_native_main_actions ... ok
test neural_search::tests::neural_tree_choices_match_across_hidden_worlds ... ok
test transfer::remote::tests::tensors_are_invariant_across_hidden_samples_and_disabled_history ... ok
test transfer::tests::residual_identity_corrections_and_payload_checks ... ok
test transfer::tests::transferred_search_has_no_hidden_world_access_and_handles_late_turns ... ok
test neural_search::tests::persistent_tree_is_observation_only_and_keeps_actions_legal ... ok
test neural_search::tests::gumbel_exact_budget_legal_targets_and_seed_identity ... ok
test neural_search::tests::learned_public_models_use_only_root_correction ... ok
test transfer::tests::split_model_keeps_critic_independent_and_checks_payloads ... ok
test tests::cached_scores_equal_uncached_scores_for_every_legal_action ... ok
test tests::timed_control_preserves_original_algorithm_settings ... ok
test tests::every_agent_chooses_legal_and_is_reproducible ... ok
test transfer::tests::interleaved_kernel_matches_reference_bits_on_real_observations ... ok

test result: ok. 51 passed; 0 failed; 0 ignored; 0 measured; 0 filtered out; finished in 0.36s

     Running unittests src/lib.rs (target/release/deps/splendor_arena-4aaae32a8d30e80f)

running 11 tests
test tests::confidence_interval_keeps_uncertainty_at_boundaries ... ok
test tests::wire_roundtrip_all_actions ... ok
test tests::direct_game_rejects_invalid_player_counts ... ok
test tests::direct_game_rejects_invalid_run_settings ... ok
test tests::direct_game_rejects_invalid_rotations ... ok
test tests::replay_roundtrip_and_reject_version_and_corruption ... ok
test tests::structured_settings_preserve_all_policies_and_duration_precision ... ok
test tests::incomplete_games_cannot_promote ... ok
test tests::direct_game_matches_tournament_for_every_seat ... ok
test tests::parallel_results_match_serial_bit_for_bit ... ok
test tests::report_rerun_checks_records_and_rejects_unsafe_or_missing_settings ... ok

test result: ok. 11 passed; 0 failed; 0 ignored; 0 measured; 0 filtered out; finished in 0.00s

     Running unittests src/main.rs (target/release/deps/splendor-7feed29404813acc)

running 0 tests

test result: ok. 0 passed; 0 failed; 0 ignored; 0 measured; 0 filtered out; finished in 0.00s

     Running tests/learned.rs (target/release/deps/learned-36bbe3bd4a3a27ae)

running 1 test
test learned_cycle_uses_only_observed_history_and_selects_a_legal_purchase ... ok

test result: ok. 1 passed; 0 failed; 0 ignored; 0 measured; 0 filtered out; finished in 0.00s

     Running tests/replays.rs (target/release/deps/replays-0d2540aa3ea09bf7)

running 12 tests
test old_engine_histories_are_not_silently_relabelled ... ok
test finished_round_observation_cannot_restart_main_phase ... ok
test a_legal_cycle_can_ignore_affordable_purchases ... ok
test recorded_search_cycle_preserves_state_except_turn_count ... ok
test counter_limit_rejects_legal_cycle_action_without_mutation_or_outcome ... ok
test final_round_cannot_put_threshold_scores_in_unplayed_seats ... ok
test published_rule_gap_is_a_reproducible_blocked_state_not_a_victory ... ok
test final_representable_turn_can_still_finish_a_real_game ... ok
test threshold_observations_allow_pending_nobles_but_require_completed_round_flag ... ok
test final_round_requires_a_threshold_player_who_already_finished_this_round ... ok
test legal_histories_cross_high_tier_depletion_and_leave_empty_market_slots ... ok
test golden_completed_game_and_all_prefix_snapshots ... ok

test result: ok. 12 passed; 0 failed; 0 ignored; 0 measured; 0 filtered out; finished in 0.00s

     Running tests/search_safety.rs (target/release/deps/search_safety-2a14b07d633aad31)

running 5 tests
test e19_strong_safe_takes_survive_every_opponent_reply_and_hide_decks ... ok
test e18_previously_blocked_game_completes_with_search_safety ... ok
test e18_safe_take_keeps_a_legal_reply_against_every_opponent_action ... ok
test e20_search_does_not_empty_bank_into_a_known_opponent_block ... ok
test e19_two_player_blocks_are_preserved_and_changed_policies_complete ... ok

test result: ok. 5 passed; 0 failed; 0 ignored; 0 measured; 0 filtered out; finished in 0.08s

     Running unittests examples/block_audit.rs (target/release/examples/block_audit-d20fd390bf8791e1)

running 2 tests
test tests::cutoff_is_not_a_block_but_a_real_block_is_detected_at_zero_depth ... ok
test tests::earlier_takes_have_different_forced_block_risks ... ok

test result: ok. 2 passed; 0 failed; 0 ignored; 0 measured; 0 filtered out; finished in 0.00s

     Running unittests examples/strength_worker.rs (target/release/examples/strength_worker-07cf828d55c78162)

running 1 test
test tests::equal_observations_produce_equal_external_inputs ... ok

test result: ok. 1 passed; 0 failed; 0 ignored; 0 measured; 0 filtered out; finished in 0.00s

     Running unittests src/lib.rs (target/release/deps/splendor_core-bd40fcf362d39bb3)

running 41 tests
test tests::determinization_rejects_market_gap_with_nonempty_deck ... ok
test tests::determinization_rejects_seat_turn_mismatch ... ok
test tests::determinization_rejects_final_round_without_threshold_score ... ok
test tests::determinization_rejects_phantom_reservation_count ... ok
test tests::determinization_rejects_disclosed_opponent_blind_reservation ... ok
test tests::buying_reserved_compacts_slots ... ok
test tests::choose_exactly_one_noble_then_next_turn_can_claim_another ... ok
test tests::depleted_decks_leave_empty_slots ... ok
test tests::buy_payments_include_optional_gold_and_exact_cost ... ok
test tests::determinization_rejects_unlisted_reservation ... ok
test tests::blind_reservation_does_not_refill_market ... ok
test tests::counter_capacity_is_atomic_for_all_generated_actions ... ok
test tests::different_gems_and_double_threshold ... ok
test tests::discounts_and_free_purchase ... ok
test tests::eighth_bonus_of_a_color_is_a_legal_purchase ... ok
test tests::every_optional_gold_payment_preserves_full_state_invariants ... ok
test tests::final_round_waits_for_returns_and_noble_choice ... ok
test tests::initial_actions_exact ... ok
test tests::invalid_observations_are_rejected_without_panics ... ok
test tests::malformed_indices_do_not_panic_or_mutate ... ok
test tests::noble_can_trigger_end_and_last_seat_ends_immediately ... ok
test tests::noble_csv_matches_runtime_data ... ok
test tests::noble_is_mandatory_and_uses_bonuses_not_tokens ... ok
test tests::observations_independent_of_hidden_permutations ... ok
test tests::official_noble_dataset_exact ... ok
test tests::payment_capacity_bound ... ok
test tests::reservation_without_gold_and_three_limit ... ok
test tests::private_information_is_redacted_and_determinization_preserves_observation ... ok
test tests::reserve_at_ten_can_return_the_new_gold ... ok
test tests::rng_golden_sequence ... ok
test tests::setup_counts_and_supply ... ok
test tests::replay_deterministic_every_decision ... ok
test tests::static_data_complete_and_auditable ... ok
test tests::taking_tokens_can_repeat_forever_under_official_rules ... ok
test tests::tie_break_uses_fewest_owned_cards_then_shared_win ... ok
test tests::visible_reservation_and_refill ... ok
test tests::token_returns_allow_old_new_and_gold_tokens ... ok
test tests::return_generator_matches_independent_cartesian_reference ... ok
test tests::payment_generator_matches_independent_cartesian_reference ... ok
test tests::all_generated_actions_preserve_invariants ... ok
test tests::ten_thousand_random_games ... ok

test result: ok. 41 passed; 0 failed; 0 ignored; 0 measured; 0 filtered out; finished in 0.42s

     Running tests/allocations.rs (target/release/deps/allocations-568940d2ecfc27f1)

running 1 test
test normal_core_paths_do_not_allocate ... ok

test result: ok. 1 passed; 0 failed; 0 ignored; 0 measured; 0 filtered out; finished in 0.29s

   Doc-tests splendor_agents

running 0 tests

test result: ok. 0 passed; 0 failed; 0 ignored; 0 measured; 0 filtered out; finished in 0.00s

   Doc-tests splendor_arena

running 0 tests

test result: ok. 0 passed; 0 failed; 0 ignored; 0 measured; 0 filtered out; finished in 0.00s

   Doc-tests splendor_core

running 0 tests

test result: ok. 0 passed; 0 failed; 0 ignored; 0 measured; 0 filtered out; finished in 0.00s

+ cargo build --release --locked --package splendor-arena --bin splendor --message-format=json
    Finished `release` profile [optimized] target(s) in 0.03s
+ /Users/payton.jones/dev/splendorust/target/release/splendor benchmark --games 200 --threads 32
legal/opening: 41.6 ns/op
clone/apply: 18.1 ns/op; state 352 bytes, action 7 bytes
core outcomes: 196 completed, 4 blocked (no winner)
core random: 93770.1 games/s, 10921409 decisions/s (200 games)
splendorust-v2: 192/200 complete, 2 players, 100 setup blocks
  #0 random: 48.96% win credit among completed games, 95% unconditional CI [25.38, 72.26]%, wins 94, shared 0, mean rank 1.510, score 12.833
  #1 random: 51.04% win credit among completed games, 95% unconditional CI [27.74, 74.62]%, wins 98, shared 0, mean rank 1.490, score 12.974
  72.42 turns/game, 0.00s, 125710.4 games/s, 14377501 decisions/s
  reject: incomplete games
Run: 192 completed; 8 blocked; invariant checks disabled
splendorust-v2: 2000/2000 complete, 2 players, 1000 setup blocks
  #0 flywheel-gumbel-candidate: 75.28% win credit among completed games, 95% unconditional CI [71.39, 79.16]%, wins 1499, shared 13, mean rank 1.244, score 15.014
  #1 flywheel-gumbel: 24.73% win credit among completed games, 95% unconditional CI [20.84, 28.61]%, wins 488, shared 13, mean rank 1.750, score 12.410
  55.59 turns/game, 3484.71s, 0.6 games/s, 47 decisions/s
  candidate exceeds equal-seat baseline
promote
