1/400 unsupported: [0, 3]
2/400 complete: [16, 9]
3/400 unsupported: [2, 5]
4/400 unsupported: [0, 0]
5/400 complete: [6, 16]
6/400 unsupported: [0, 0]
7/400 complete: [7, 16]
8/400 complete: [15, 7]
9/400 complete: [7, 15]
10/400 unsupported: [0, 0]
11/400 complete: [4, 16]
12/400 unsupported: [3, 0]
13/400 unsupported: [1, 1]
14/400 complete: [16, 16]
15/400 unsupported: [7, 9]
16/400 complete: [16, 9]
17/400 complete: [3, 16]
18/400 complete: [15, 10]
19/400 unsupported: [0, 1]
20/400 complete: [16, 8]
21/400 unsupported: [3, 8]
22/400 unsupported: [0, 0]
23/400 unsupported: [0, 2]
24/400 complete: [16, 7]
25/400 unsupported: [0, 0]
26/400 unsupported: [8, 5]
27/400 complete: [12, 16]
28/400 unsupported: [3, 0]
29/400 unsupported: [5, 9]
30/400 unsupported: [7, 3]
31/400 unsupported: [2, 6]
32/400 complete: [17, 16]
33/400 unsupported: [0, 4]
34/400 unsupported: [6, 3]
35/400 unsupported: [0, 0]
36/400 complete: [15, 14]
37/400 complete: [3, 15]
38/400 unsupported: [5, 1]
39/400 unsupported: [10, 7]
40/400 unsupported: [11, 4]
41/400 complete: [8, 15]
42/400 complete: [15, 16]
43/400 unsupported: [0, 0]
44/400 complete: [15, 7]
45/400 complete: [13, 16]
46/400 complete: [19, 10]
47/400 complete: [7, 15]
48/400 complete: [15, 5]
49/400 complete: [8, 19]
50/400 unsupported: [0, 0]
51/400 unsupported: [0, 0]
52/400 unsupported: [0, 0]
53/400 complete: [6, 16]
54/400 unsupported: [11, 2]
55/400 unsupported: [0, 0]
56/400 unsupported: [0, 0]
57/400 unsupported: [0, 2]
58/400 complete: [16, 9]
59/400 unsupported: [3, 8]
60/400 unsupported: [5, 0]
61/400 complete: [4, 15]
62/400 complete: [18, 9]
63/400 complete: [9, 16]
64/400 complete: [15, 14]
65/400 complete: [2, 16]
66/400 unsupported: [0, 2]
67/400 complete: [2, 15]
68/400 unsupported: [10, 2]
69/400 unsupported: [6, 10]
70/400 complete: [15, 9]
71/400 complete: [12, 18]
72/400 complete: [15, 5]
73/400 complete: [9, 16]
74/400 complete: [15, 3]
75/400 unsupported: [0, 0]
76/400 complete: [15, 11]
77/400 unsupported: [6, 10]
78/400 complete: [15, 11]
79/400 complete: [6, 17]
80/400 unsupported: [0, 0]
81/400 unsupported: [0, 0]
82/400 complete: [15, 4]
83/400 unsupported: [8, 6]
84/400 unsupported: [12, 7]
85/400 unsupported: [11, 11]
86/400 unsupported: [0, 0]
87/400 unsupported: [2, 3]
88/400 complete: [16, 14]
89/400 complete: [15, 14]
90/400 complete: [18, 6]
91/400 complete: [4, 18]
92/400 unsupported: [0, 0]
93/400 complete: [11, 15]
94/400 complete: [15, 2]
95/400 unsupported: [0, 0]
96/400 unsupported: [0, 0]
97/400 complete: [7, 15]
98/400 unsupported: [0, 0]
99/400 complete: [9, 17]
100/400 complete: [15, 11]
101/400 complete: [9, 15]
102/400 complete: [18, 4]
103/400 complete: [12, 17]
104/400 complete: [15, 13]
105/400 complete: [17, 15]
106/400 complete: [9, 15]
107/400 complete: [6, 16]
108/400 unsupported: [0, 0]
109/400 unsupported: [0, 0]
110/400 complete: [19, 16]
111/400 complete: [7, 16]
112/400 complete: [16, 1]
113/400 complete: [12, 15]
114/400 complete: [16, 7]
115/400 unsupported: [0, 0]
116/400 complete: [15, 6]
117/400 unsupported: [3, 2]
118/400 complete: [15, 6]
119/400 unsupported: [0, 1]
120/400 unsupported: [6, 1]
121/400 complete: [8, 15]
122/400 unsupported: [0, 0]
123/400 complete: [7, 15]
124/400 complete: [15, 10]
125/400 complete: [9, 16]
126/400 unsupported: [9, 12]
127/400 complete: [9, 19]
128/400 complete: [16, 11]
129/400 complete: [10, 16]
130/400 unsupported: [3, 4]
131/400 complete: [8, 16]
132/400 unsupported: [5, 4]
133/400 unsupported: [4, 2]
134/400 unsupported: [2, 2]
135/400 complete: [3, 17]
136/400 complete: [19, 6]
137/400 complete: [10, 16]
138/400 complete: [15, 9]
139/400 complete: [6, 16]
140/400 complete: [15, 9]
141/400 complete: [7, 15]
142/400 unsupported: [4, 0]
143/400 complete: [9, 16]
144/400 complete: [16, 6]
145/400 complete: [7, 15]
146/400 complete: [14, 17]
147/400 unsupported: [0, 0]
148/400 unsupported: [0, 0]
149/400 complete: [5, 15]
150/400 unsupported: [9, 5]
151/400 complete: [7, 18]
152/400 complete: [16, 5]
153/400 unsupported: [0, 3]
154/400 unsupported: [10, 2]
155/400 complete: [7, 15]
156/400 complete: [15, 9]
157/400 complete: [7, 15]
158/400 unsupported: [10, 8]
159/400 complete: [9, 15]
160/400 complete: [15, 6]
161/400 complete: [8, 16]
162/400 unsupported: [3, 0]
163/400 complete: [9, 15]
164/400 unsupported: [14, 3]
165/400 unsupported: [1, 3]
166/400 unsupported: [0, 0]
167/400 complete: [4, 16]
168/400 unsupported: [2, 0]
169/400 complete: [6, 15]
170/400 complete: [18, 6]
171/400 complete: [10, 15]
172/400 complete: [16, 12]
173/400 complete: [5, 15]
174/400 complete: [16, 5]
175/400 complete: [12, 17]
176/400 complete: [16, 7]
177/400 unsupported: [1, 2]
178/400 unsupported: [5, 2]
179/400 unsupported: [5, 9]
180/400 complete: [11, 15]
181/400 unsupported: [2, 4]
182/400 complete: [16, 7]
183/400 complete: [9, 15]
184/400 unsupported: [11, 4]
185/400 complete: [3, 15]
186/400 complete: [15, 9]
187/400 complete: [9, 15]
188/400 unsupported: [0, 0]
189/400 complete: [11, 16]
190/400 complete: [16, 12]
191/400 complete: [9, 16]
192/400 complete: [18, 5]
193/400 unsupported: [2, 4]
194/400 complete: [17, 10]
195/400 unsupported: [2, 8]
196/400 unsupported: [0, 0]
197/400 complete: [6, 16]
198/400 complete: [15, 6]
199/400 unsupported: [0, 0]
200/400 unsupported: [0, 0]
201/400 unsupported: [0, 0]
202/400 unsupported: [13, 12]
203/400 unsupported: [0, 7]
204/400 complete: [16, 6]
205/400 complete: [15, 7]
206/400 unsupported: [0, 0]
207/400 unsupported: [2, 7]
208/400 complete: [15, 10]
209/400 complete: [6, 15]
210/400 complete: [15, 6]
211/400 complete: [7, 15]
212/400 complete: [15, 8]
213/400 unsupported: [8, 4]
214/400 unsupported: [0, 0]
215/400 complete: [8, 15]
216/400 complete: [15, 9]
217/400 unsupported: [4, 7]
218/400 complete: [15, 11]
219/400 complete: [12, 15]
220/400 unsupported: [5, 0]
221/400 complete: [2, 16]
222/400 complete: [12, 16]
223/400 unsupported: [0, 2]
224/400 unsupported: [0, 0]
225/400 complete: [13, 16]
226/400 complete: [19, 10]
227/400 unsupported: [5, 8]
228/400 unsupported: [11, 4]
229/400 complete: [7, 16]
230/400 complete: [16, 13]
231/400 complete: [15, 13]
232/400 complete: [15, 13]
233/400 complete: [5, 15]
234/400 unsupported: [9, 3]
235/400 complete: [6, 15]
236/400 unsupported: [0, 0]
237/400 unsupported: [0, 3]
238/400 unsupported: [3, 0]
239/400 complete: [13, 16]
240/400 complete: [15, 13]
241/400 unsupported: [2, 8]
242/400 complete: [16, 11]
243/400 unsupported: [0, 0]
244/400 complete: [16, 10]
245/400 complete: [5, 16]
246/400 unsupported: [7, 0]
247/400 complete: [10, 18]
248/400 unsupported: [0, 1]
249/400 complete: [4, 15]
250/400 complete: [17, 10]
251/400 unsupported: [0, 3]
252/400 unsupported: [12, 9]
253/400 complete: [10, 16]
254/400 complete: [15, 5]
255/400 complete: [2, 15]
256/400 unsupported: [0, 0]
257/400 complete: [4, 15]
258/400 unsupported: [0, 0]
259/400 complete: [10, 15]
260/400 complete: [18, 4]
261/400 complete: [15, 16]
262/400 unsupported: [6, 2]
263/400 complete: [10, 15]
264/400 complete: [16, 7]
265/400 complete: [9, 16]
266/400 unsupported: [2, 0]
267/400 complete: [6, 15]
268/400 unsupported: [1, 1]
269/400 complete: [10, 16]
270/400 unsupported: [4, 2]
271/400 unsupported: [4, 7]
272/400 unsupported: [1, 2]
273/400 complete: [4, 16]
274/400 complete: [16, 13]
275/400 complete: [7, 15]
276/400 complete: [17, 11]
277/400 unsupported: [4, 10]
278/400 complete: [16, 2]
279/400 complete: [7, 16]
280/400 complete: [16, 5]
281/400 complete: [4, 15]
282/400 complete: [15, 6]
283/400 unsupported: [1, 5]
284/400 complete: [15, 7]
285/400 unsupported: [5, 9]
286/400 complete: [15, 9]
287/400 unsupported: [0, 3]
288/400 unsupported: [0, 0]
289/400 complete: [8, 15]
290/400 unsupported: [2, 2]
291/400 complete: [9, 16]
292/400 complete: [16, 9]
293/400 unsupported: [4, 6]
294/400 complete: [15, 9]
295/400 unsupported: [0, 0]
296/400 complete: [16, 7]
297/400 unsupported: [0, 0]
298/400 complete: [19, 4]
299/400 complete: [6, 17]
300/400 complete: [15, 1]
301/400 complete: [1, 15]
302/400 complete: [17, 12]
303/400 complete: [11, 15]
304/400 complete: [15, 18]
305/400 unsupported: [2, 4]
306/400 complete: [16, 7]
307/400 complete: [13, 16]
308/400 complete: [15, 14]
309/400 complete: [0, 15]
310/400 complete: [11, 16]
311/400 complete: [7, 16]
312/400 unsupported: [2, 1]
313/400 complete: [13, 15]
314/400 complete: [16, 10]
315/400 complete: [0, 15]
316/400 complete: [16, 4]
317/400 complete: [6, 15]
318/400 complete: [15, 8]
319/400 complete: [16, 6]
320/400 complete: [10, 15]
321/400 unsupported: [0, 0]
322/400 unsupported: [7, 2]
323/400 complete: [8, 15]
324/400 complete: [15, 10]
325/400 complete: [7, 16]
326/400 unsupported: [2, 0]
327/400 complete: [4, 15]
328/400 complete: [15, 11]
329/400 unsupported: [8, 10]
330/400 unsupported: [6, 4]
331/400 unsupported: [0, 0]
332/400 unsupported: [4, 0]
333/400 complete: [10, 15]
334/400 unsupported: [2, 0]
335/400 unsupported: [1, 0]
336/400 complete: [16, 7]
337/400 unsupported: [1, 0]
338/400 complete: [15, 15]
339/400 unsupported: [0, 0]
340/400 unsupported: [0, 0]
341/400 complete: [6, 15]
342/400 complete: [15, 6]
343/400 unsupported: [2, 8]
344/400 complete: [18, 5]
345/400 complete: [4, 16]
346/400 complete: [15, 5]
347/400 unsupported: [1, 4]
348/400 unsupported: [3, 1]
349/400 unsupported: [5, 4]
350/400 complete: [15, 10]
351/400 complete: [10, 16]
352/400 complete: [18, 11]
353/400 complete: [12, 16]
354/400 unsupported: [11, 4]
355/400 complete: [15, 18]
356/400 complete: [15, 7]
357/400 unsupported: [5, 5]
358/400 complete: [15, 9]
359/400 unsupported: [0, 0]
360/400 unsupported: [0, 0]
361/400 complete: [10, 15]
362/400 unsupported: [0, 0]
363/400 complete: [5, 16]
364/400 unsupported: [6, 1]
365/400 complete: [8, 15]
366/400 complete: [15, 12]
367/400 complete: [18, 13]
368/400 unsupported: [10, 4]
369/400 complete: [6, 16]
370/400 complete: [15, 8]
371/400 unsupported: [0, 6]
372/400 complete: [16, 4]
373/400 complete: [5, 15]
374/400 complete: [17, 7]
375/400 complete: [6, 15]
376/400 complete: [17, 10]
377/400 complete: [6, 16]
378/400 unsupported: [0, 0]
379/400 complete: [3, 15]
380/400 complete: [16, 11]
381/400 unsupported: [3, 3]
382/400 unsupported: [10, 6]
383/400 complete: [4, 16]
384/400 complete: [17, 12]
385/400 complete: [8, 15]
386/400 complete: [15, 6]
387/400 complete: [7, 16]
388/400 unsupported: [0, 0]
389/400 complete: [10, 15]
390/400 unsupported: [3, 0]
391/400 complete: [5, 16]
392/400 unsupported: [7, 4]
393/400 complete: [7, 15]
394/400 complete: [15, 6]
395/400 unsupported: [1, 7]
396/400 unsupported: [12, 9]
397/400 complete: [5, 17]
398/400 unsupported: [6, 1]
399/400 complete: [10, 16]
400/400 complete: [15, 7]
