{
  "registry_sha256": "4dd2f1a9c8f9e78a192a10da1c686dac3481e76c45a4034a931fae61a4eca581",
  "scope": "Separate profile marginals from train labels only; reservation support from public pool/tier only",
  "add_one_smoothing": true,
  "results": {
    "native": {
      "opponent_ce": 3.62880362935345,
      "opponent_accuracy": 0.07646651858864655,
      "opponent_targets": 54926,
      "most_common_action": 27,
      "hidden_ce": 3.0585352744888055,
      "hidden_accuracy": 0.06161245991754467,
      "hidden_uniform_ce": 3.075968314636047,
      "hidden_targets": 13098
    },
    "canonical": {
      "opponent_ce": 3.556977084717641,
      "opponent_accuracy": 0.0754126560040991,
      "opponent_targets": 54646,
      "most_common_action": 27,
      "hidden_ce": 3.062035954452327,
      "hidden_accuracy": 0.06266139657444006,
      "hidden_uniform_ce": 3.07655749226038,
      "hidden_targets": 18975
    }
  }
}

