1/400 complete: [2, 16]
2/400 complete: [16, 2]
3/400 complete: [3, 16]
4/400 unsupported: [0, 1]
5/400 complete: [7, 15]
6/400 complete: [16, 5]
7/400 complete: [13, 17]
8/400 complete: [18, 7]
9/400 complete: [2, 16]
10/400 unsupported: [3, 5]
11/400 complete: [9, 17]
12/400 complete: [17, 10]
13/400 unsupported: [1, 3]
14/400 complete: [16, 2]
15/400 complete: [12, 16]
16/400 unsupported: [6, 4]
17/400 complete: [1, 17]
18/400 complete: [15, 4]
19/400 unsupported: [0, 2]
20/400 unsupported: [2, 4]
21/400 unsupported: [0, 0]
22/400 unsupported: [4, 4]
23/400 complete: [16, 15]
24/400 unsupported: [5, 2]
25/400 complete: [7, 15]
26/400 complete: [15, 6]
27/400 unsupported: [0, 0]
28/400 complete: [16, 6]
29/400 unsupported: [2, 5]
30/400 complete: [17, 9]
31/400 complete: [7, 16]
32/400 unsupported: [12, 3]
33/400 unsupported: [1, 5]
34/400 unsupported: [0, 2]
35/400 complete: [18, 14]
36/400 unsupported: [0, 0]
37/400 complete: [6, 15]
38/400 unsupported: [0, 3]
39/400 unsupported: [7, 4]
40/400 unsupported: [4, 3]
41/400 unsupported: [1, 2]
42/400 complete: [15, 5]
43/400 unsupported: [5, 8]
44/400 complete: [15, 6]
45/400 complete: [6, 15]
46/400 complete: [14, 15]
47/400 unsupported: [2, 4]
48/400 complete: [15, 6]
49/400 complete: [16, 15]
50/400 complete: [17, 8]
51/400 complete: [2, 18]
52/400 unsupported: [3, 3]
53/400 complete: [8, 15]
54/400 complete: [15, 6]
55/400 complete: [7, 18]
56/400 complete: [15, 1]
57/400 complete: [10, 15]
58/400 complete: [15, 8]
59/400 unsupported: [0, 1]
60/400 unsupported: [3, 7]
61/400 complete: [5, 16]
62/400 unsupported: [0, 0]
63/400 unsupported: [5, 7]
64/400 complete: [16, 5]
65/400 unsupported: [0, 2]
66/400 unsupported: [6, 3]
67/400 complete: [8, 16]
68/400 complete: [16, 8]
69/400 unsupported: [0, 2]
70/400 complete: [16, 6]
71/400 unsupported: [0, 2]
72/400 complete: [16, 5]
73/400 complete: [7, 15]
74/400 unsupported: [0, 0]
75/400 unsupported: [2, 4]
76/400 unsupported: [5, 1]
77/400 complete: [3, 17]
78/400 complete: [16, 3]
79/400 complete: [18, 16]
80/400 complete: [15, 8]
81/400 unsupported: [7, 7]
82/400 unsupported: [0, 0]
83/400 complete: [4, 18]
84/400 complete: [15, 3]
85/400 complete: [15, 13]
86/400 complete: [16, 5]
87/400 unsupported: [1, 10]
88/400 complete: [15, 9]
89/400 unsupported: [0, 0]
90/400 unsupported: [13, 11]
91/400 complete: [8, 16]
92/400 unsupported: [0, 0]
93/400 unsupported: [4, 1]
94/400 unsupported: [0, 0]
95/400 complete: [4, 18]
96/400 complete: [15, 7]
97/400 complete: [11, 15]
98/400 complete: [15, 1]
99/400 complete: [5, 18]
100/400 unsupported: [0, 0]
101/400 complete: [5, 15]
102/400 complete: [16, 8]
103/400 complete: [3, 16]
104/400 complete: [16, 6]
105/400 unsupported: [5, 10]
106/400 complete: [16, 7]
107/400 complete: [15, 14]
108/400 complete: [15, 9]
109/400 complete: [9, 15]
110/400 complete: [17, 4]
111/400 complete: [2, 15]
112/400 complete: [15, 4]
113/400 complete: [19, 15]
114/400 complete: [15, 8]
115/400 unsupported: [4, 2]
116/400 unsupported: [6, 5]
117/400 unsupported: [3, 3]
118/400 complete: [15, 8]
119/400 complete: [12, 15]
120/400 unsupported: [12, 3]
121/400 unsupported: [0, 0]
122/400 unsupported: [0, 0]
123/400 unsupported: [2, 6]
124/400 complete: [18, 1]
125/400 no_legal_action: [5, 0]
126/400 complete: [16, 8]
127/400 complete: [0, 15]
128/400 unsupported: [5, 6]
129/400 complete: [4, 16]
130/400 unsupported: [4, 3]
131/400 complete: [6, 15]
132/400 complete: [15, 6]
133/400 complete: [6, 16]
134/400 unsupported: [3, 2]
135/400 unsupported: [0, 0]
136/400 unsupported: [0, 0]
137/400 unsupported: [0, 0]
138/400 complete: [15, 7]
139/400 complete: [2, 18]
140/400 complete: [16, 7]
141/400 complete: [8, 16]
142/400 complete: [15, 5]
143/400 unsupported: [0, 1]
144/400 complete: [13, 15]
145/400 complete: [12, 16]
146/400 complete: [15, 7]
147/400 unsupported: [1, 1]
148/400 complete: [15, 8]
149/400 complete: [17, 14]
150/400 complete: [15, 3]
151/400 complete: [7, 17]
152/400 unsupported: [0, 1]
153/400 unsupported: [3, 8]
154/400 complete: [15, 10]
155/400 complete: [7, 15]
156/400 unsupported: [6, 9]
157/400 complete: [8, 15]
158/400 complete: [16, 7]
159/400 complete: [4, 15]
160/400 complete: [15, 6]
161/400 unsupported: [3, 3]
162/400 complete: [18, 3]
163/400 unsupported: [0, 3]
164/400 unsupported: [4, 1]
165/400 unsupported: [5, 9]
166/400 unsupported: [8, 6]
167/400 unsupported: [5, 2]
168/400 unsupported: [8, 7]
169/400 unsupported: [2, 2]
170/400 unsupported: [0, 0]
171/400 complete: [3, 15]
172/400 unsupported: [10, 4]
173/400 complete: [5, 15]
174/400 complete: [16, 7]
175/400 unsupported: [4, 10]
176/400 unsupported: [0, 0]
177/400 complete: [8, 16]
178/400 complete: [19, 7]
179/400 unsupported: [2, 1]
180/400 complete: [16, 5]
181/400 unsupported: [1, 8]
182/400 complete: [15, 3]
183/400 complete: [7, 15]
184/400 complete: [15, 10]
185/400 unsupported: [0, 3]
186/400 complete: [15, 7]
187/400 unsupported: [3, 1]
188/400 unsupported: [0, 1]
189/400 complete: [9, 16]
190/400 complete: [15, 4]
191/400 unsupported: [2, 0]
192/400 unsupported: [0, 2]
193/400 unsupported: [7, 11]
194/400 unsupported: [10, 9]
195/400 complete: [6, 15]
196/400 complete: [17, 13]
197/400 complete: [3, 15]
198/400 complete: [17, 5]
199/400 complete: [5, 16]
200/400 unsupported: [7, 3]
201/400 unsupported: [5, 7]
202/400 unsupported: [1, 5]
203/400 complete: [5, 16]
204/400 complete: [15, 7]
205/400 unsupported: [5, 8]
206/400 unsupported: [2, 2]
207/400 unsupported: [0, 4]
208/400 complete: [15, 9]
209/400 unsupported: [1, 3]
210/400 unsupported: [0, 3]
211/400 complete: [3, 16]
212/400 unsupported: [3, 1]
213/400 unsupported: [0, 0]
214/400 complete: [15, 4]
215/400 unsupported: [0, 0]
216/400 unsupported: [7, 3]
217/400 unsupported: [7, 10]
218/400 unsupported: [0, 0]
219/400 complete: [16, 15]
220/400 unsupported: [2, 1]
221/400 unsupported: [0, 0]
222/400 unsupported: [3, 2]
223/400 complete: [5, 16]
224/400 complete: [19, 11]
225/400 unsupported: [5, 10]
226/400 complete: [17, 9]
227/400 complete: [12, 15]
228/400 complete: [15, 6]
229/400 unsupported: [0, 2]
230/400 complete: [18, 6]
231/400 complete: [5, 17]
232/400 complete: [15, 4]
233/400 complete: [7, 15]
234/400 complete: [16, 5]
235/400 unsupported: [3, 3]
236/400 complete: [17, 11]
237/400 unsupported: [0, 6]
238/400 complete: [16, 6]
239/400 complete: [6, 16]
240/400 complete: [15, 1]
241/400 complete: [8, 16]
242/400 unsupported: [11, 6]
243/400 unsupported: [1, 6]
244/400 complete: [18, 2]
245/400 complete: [2, 16]
246/400 complete: [16, 7]
247/400 unsupported: [0, 0]
248/400 complete: [17, 11]
249/400 complete: [8, 15]
250/400 complete: [15, 8]
251/400 unsupported: [2, 6]
252/400 unsupported: [3, 3]
253/400 unsupported: [0, 0]
254/400 complete: [15, 8]
255/400 unsupported: [4, 0]
256/400 complete: [15, 3]
257/400 unsupported: [7, 7]
258/400 complete: [15, 10]
259/400 complete: [6, 16]
260/400 unsupported: [7, 5]
261/400 complete: [11, 16]
262/400 unsupported: [2, 0]
263/400 unsupported: [2, 4]
264/400 unsupported: [0, 0]
265/400 complete: [8, 16]
266/400 complete: [12, 16]
267/400 unsupported: [0, 2]
268/400 complete: [15, 5]
269/400 complete: [6, 15]
270/400 complete: [15, 2]
271/400 complete: [7, 15]
272/400 unsupported: [1, 2]
273/400 unsupported: [0, 3]
274/400 unsupported: [0, 0]
275/400 complete: [12, 16]
276/400 complete: [15, 9]
277/400 complete: [7, 15]
278/400 complete: [15, 8]
279/400 unsupported: [4, 0]
280/400 unsupported: [3, 0]
281/400 unsupported: [0, 1]
282/400 unsupported: [0, 0]
283/400 complete: [6, 15]
284/400 complete: [15, 5]
285/400 unsupported: [2, 4]
286/400 complete: [15, 5]
287/400 complete: [8, 15]
288/400 unsupported: [3, 1]
289/400 complete: [9, 15]
290/400 complete: [16, 7]
291/400 complete: [5, 16]
292/400 complete: [15, 6]
293/400 complete: [13, 15]
294/400 complete: [15, 6]
295/400 complete: [2, 16]
296/400 unsupported: [11, 2]
297/400 unsupported: [0, 1]
298/400 complete: [15, 2]
299/400 unsupported: [1, 5]
300/400 unsupported: [0, 0]
301/400 complete: [8, 15]
302/400 complete: [16, 4]
303/400 complete: [7, 17]
304/400 unsupported: [2, 0]
305/400 complete: [9, 15]
306/400 unsupported: [1, 0]
307/400 unsupported: [0, 0]
308/400 complete: [15, 4]
309/400 complete: [11, 15]
310/400 unsupported: [3, 3]
311/400 complete: [8, 17]
312/400 complete: [15, 4]
313/400 complete: [7, 15]
314/400 complete: [15, 5]
315/400 unsupported: [6, 8]
316/400 unsupported: [2, 2]
317/400 unsupported: [0, 1]
318/400 complete: [12, 15]
319/400 complete: [11, 16]
320/400 complete: [18, 9]
321/400 unsupported: [6, 8]
322/400 unsupported: [2, 0]
323/400 complete: [6, 15]
324/400 complete: [15, 6]
325/400 complete: [3, 15]
326/400 unsupported: [14, 4]
327/400 complete: [6, 15]
328/400 complete: [15, 2]
329/400 complete: [6, 15]
330/400 unsupported: [2, 2]
331/400 complete: [15, 12]
332/400 complete: [15, 12]
333/400 complete: [7, 15]
334/400 complete: [17, 7]
335/400 unsupported: [8, 9]
336/400 complete: [15, 6]
337/400 complete: [4, 15]
338/400 complete: [16, 4]
339/400 unsupported: [0, 0]
340/400 unsupported: [0, 0]
341/400 unsupported: [0, 0]
342/400 unsupported: [2, 0]
343/400 complete: [7, 16]
344/400 complete: [15, 7]
345/400 complete: [6, 16]
346/400 unsupported: [2, 6]
347/400 complete: [2, 15]
348/400 unsupported: [3, 1]
349/400 unsupported: [3, 5]
350/400 unsupported: [3, 4]
351/400 unsupported: [1, 4]
352/400 unsupported: [6, 6]
353/400 unsupported: [0, 0]
354/400 complete: [15, 6]
355/400 complete: [7, 15]
356/400 unsupported: [0, 6]
357/400 complete: [4, 15]
358/400 unsupported: [8, 4]
359/400 unsupported: [1, 3]
360/400 complete: [16, 6]
361/400 complete: [6, 15]
362/400 complete: [15, 5]
363/400 complete: [15, 15]
364/400 complete: [16, 7]
365/400 unsupported: [1, 0]
366/400 unsupported: [9, 4]
367/400 unsupported: [1, 6]
368/400 complete: [17, 5]
369/400 unsupported: [10, 6]
370/400 complete: [18, 10]
371/400 complete: [7, 15]
372/400 unsupported: [0, 0]
373/400 complete: [6, 19]
374/400 complete: [15, 9]
375/400 complete: [8, 15]
376/400 unsupported: [3, 2]
377/400 unsupported: [1, 3]
378/400 complete: [15, 5]
379/400 complete: [8, 15]
380/400 unsupported: [2, 2]
381/400 unsupported: [0, 0]
382/400 complete: [15, 11]
383/400 unsupported: [2, 0]
384/400 unsupported: [0, 0]
385/400 complete: [6, 15]
386/400 complete: [15, 3]
387/400 complete: [5, 15]
388/400 unsupported: [0, 0]
389/400 complete: [4, 16]
390/400 complete: [16, 3]
391/400 unsupported: [1, 0]
392/400 unsupported: [9, 5]
393/400 unsupported: [0, 0]
394/400 complete: [15, 7]
395/400 complete: [13, 15]
396/400 unsupported: [2, 2]
397/400 unsupported: [0, 2]
398/400 complete: [16, 5]
399/400 complete: [7, 16]
400/400 complete: [16, 6]
