{
  "weak_actor": {
    "data_sha256": "4149719784e27b23fc938156daccad4726895cc3fce2f8b06815dba7d617e36b",
    "groups": {
      "all": {
        "rows": 55487,
        "teacher_outcome_brier": 0.19742161209452114,
        "teacher_mean": 0.5166947202937218,
        "outcome_mean": 0.5002162668733217
      },
      "early": {
        "rows": 19997,
        "teacher_outcome_brier": 0.2412213135540789,
        "teacher_mean": 0.5085867072813313,
        "outcome_mean": 0.5000750112516877
      },
      "middle": {
        "rows": 19970,
        "teacher_outcome_brier": 0.2036000023690479,
        "teacher_mean": 0.5161609848262626,
        "outcome_mean": 0.5003254882323486
      },
      "late": {
        "rows": 15520,
        "teacher_outcome_brier": 0.13303726390708073,
        "teacher_mean": 0.5278283951322482,
        "outcome_mean": 0.5002577319587629
      }
    }
  },
  "strong_actor": {
    "data_sha256": "654c814720fc244949f80600b29dfc9b57d686a332e2f99acf571b3f7f25c90a",
    "groups": {
      "all": {
        "rows": 55822,
        "teacher_outcome_brier": 0.19123604044168319,
        "teacher_mean": 0.5131043892927901,
        "outcome_mean": 0.5004299380172692
      },
      "early": {
        "rows": 19999,
        "teacher_outcome_brier": 0.23960144076658174,
        "teacher_mean": 0.5071041339470885,
        "outcome_mean": 0.5000250012500626
      },
      "middle": {
        "rows": 19972,
        "teacher_outcome_brier": 0.20172227607949325,
        "teacher_mean": 0.5141115879389153,
        "outcome_mean": 0.5004005607850991
      },
      "late": {
        "rows": 15851,
        "teacher_outcome_brier": 0.11700156064507798,
        "teacher_mean": 0.5194057794447223,
        "outcome_mean": 0.5009778562866696
      }
    }
  },
  "scope": "Different trajectories and RNG; descriptive calibration only, no causal conclusion or promotion"
}
