1/400 unsupported: [4, 4]
2/400 unsupported: [0, 1]
3/400 unsupported: [5, 4]
4/400 unsupported: [0, 0]
5/400 complete: [18, 7]
6/400 unsupported: [3, 9]
7/400 unsupported: [0, 2]
8/400 unsupported: [14, 11]
9/400 complete: [18, 14]
10/400 complete: [17, 13]
11/400 unsupported: [7, 7]
12/400 unsupported: [1, 2]
13/400 unsupported: [0, 0]
14/400 complete: [15, 16]
15/400 unsupported: [2, 1]
16/400 unsupported: [12, 13]
17/400 complete: [18, 17]
18/400 unsupported: [0, 0]
19/400 complete: [17, 9]
20/400 unsupported: [2, 1]
21/400 unsupported: [0, 0]
22/400 unsupported: [5, 7]
23/400 unsupported: [6, 10]
24/400 complete: [17, 8]
25/400 unsupported: [0, 0]
26/400 unsupported: [2, 2]
27/400 complete: [15, 11]
28/400 complete: [13, 15]
29/400 complete: [12, 18]
30/400 complete: [10, 15]
31/400 complete: [15, 16]
32/400 complete: [12, 15]
33/400 complete: [13, 15]
34/400 complete: [10, 16]
35/400 complete: [16, 14]
36/400 unsupported: [0, 1]
37/400 complete: [15, 13]
38/400 unsupported: [4, 7]
39/400 unsupported: [0, 0]
40/400 unsupported: [0, 0]
41/400 complete: [9, 16]
42/400 unsupported: [0, 0]
43/400 unsupported: [4, 1]
44/400 unsupported: [0, 1]
45/400 complete: [13, 15]
46/400 complete: [15, 8]
47/400 unsupported: [0, 0]
48/400 unsupported: [4, 7]
49/400 unsupported: [6, 2]
50/400 unsupported: [7, 8]
51/400 complete: [12, 15]
52/400 complete: [15, 15]
53/400 unsupported: [13, 12]
54/400 complete: [15, 14]
55/400 complete: [16, 14]
56/400 complete: [12, 15]
57/400 unsupported: [5, 1]
58/400 complete: [13, 15]
59/400 complete: [15, 15]
60/400 complete: [16, 14]
61/400 complete: [15, 14]
62/400 unsupported: [4, 6]
63/400 complete: [13, 16]
64/400 unsupported: [0, 2]
65/400 complete: [15, 11]
66/400 complete: [10, 15]
67/400 unsupported: [2, 4]
68/400 unsupported: [2, 3]
69/400 complete: [17, 17]
70/400 unsupported: [0, 0]
71/400 complete: [17, 11]
72/400 complete: [7, 16]
73/400 unsupported: [8, 4]
74/400 unsupported: [3, 5]
75/400 complete: [17, 10]
76/400 unsupported: [3, 6]
77/400 complete: [15, 9]
78/400 unsupported: [2, 1]
79/400 unsupported: [2, 1]
80/400 unsupported: [2, 6]
81/400 complete: [16, 15]
82/400 unsupported: [10, 14]
83/400 complete: [13, 15]
84/400 unsupported: [0, 3]
85/400 unsupported: [2, 1]
86/400 unsupported: [0, 0]
87/400 unsupported: [2, 2]
88/400 unsupported: [16, 13]
89/400 unsupported: [0, 0]
90/400 complete: [15, 15]
91/400 complete: [14, 17]
92/400 unsupported: [8, 9]
93/400 complete: [17, 14]
94/400 unsupported: [1, 5]
95/400 unsupported: [1, 2]
96/400 complete: [12, 16]
97/400 complete: [16, 13]
98/400 unsupported: [0, 1]
99/400 unsupported: [3, 1]
100/400 complete: [14, 15]
101/400 unsupported: [10, 7]
102/400 complete: [15, 9]
103/400 complete: [15, 12]
104/400 complete: [15, 11]
105/400 complete: [13, 15]
106/400 unsupported: [5, 13]
107/400 unsupported: [5, 2]
108/400 complete: [12, 15]
109/400 unsupported: [1, 0]
110/400 complete: [16, 11]
111/400 complete: [14, 17]
112/400 complete: [17, 14]
113/400 unsupported: [1, 0]
114/400 unsupported: [9, 9]
115/400 complete: [16, 7]
116/400 complete: [16, 13]
117/400 complete: [15, 12]
118/400 complete: [13, 15]
119/400 unsupported: [0, 0]
120/400 unsupported: [3, 5]
121/400 unsupported: [0, 0]
122/400 unsupported: [1, 0]
123/400 unsupported: [11, 9]
124/400 unsupported: [6, 9]
125/400 unsupported: [7, 2]
126/400 complete: [15, 12]
127/400 unsupported: [13, 8]
128/400 complete: [16, 13]
129/400 unsupported: [8, 7]
130/400 unsupported: [5, 6]
131/400 complete: [15, 13]
132/400 unsupported: [0, 1]
133/400 complete: [17, 6]
134/400 unsupported: [5, 10]
135/400 complete: [15, 14]
136/400 unsupported: [2, 4]
137/400 unsupported: [7, 6]
138/400 unsupported: [1, 9]
139/400 complete: [13, 15]
140/400 complete: [17, 14]
141/400 unsupported: [5, 9]
142/400 complete: [14, 15]
143/400 unsupported: [1, 0]
144/400 complete: [10, 15]
145/400 unsupported: [0, 0]
146/400 complete: [15, 14]
147/400 complete: [15, 13]
148/400 complete: [6, 15]
149/400 complete: [15, 13]
150/400 complete: [13, 15]
151/400 complete: [14, 15]
152/400 complete: [15, 18]
153/400 unsupported: [6, 9]
154/400 complete: [13, 15]
155/400 complete: [18, 16]
156/400 unsupported: [6, 4]
157/400 complete: [15, 14]
158/400 complete: [7, 15]
159/400 complete: [15, 15]
160/400 complete: [13, 15]
161/400 complete: [13, 15]
162/400 complete: [15, 14]
163/400 unsupported: [4, 0]
164/400 unsupported: [4, 3]
165/400 unsupported: [0, 1]
166/400 unsupported: [0, 0]
167/400 complete: [15, 12]
168/400 complete: [13, 15]
169/400 unsupported: [4, 1]
170/400 unsupported: [2, 1]
171/400 unsupported: [0, 0]
172/400 unsupported: [12, 10]
173/400 unsupported: [2, 2]
174/400 complete: [15, 16]
175/400 unsupported: [1, 2]
176/400 unsupported: [1, 2]
177/400 complete: [17, 13]
178/400 complete: [16, 15]
179/400 unsupported: [7, 3]
180/400 complete: [11, 15]
181/400 complete: [18, 15]
182/400 complete: [16, 14]
183/400 complete: [17, 17]
184/400 complete: [17, 17]
185/400 unsupported: [0, 0]
186/400 complete: [16, 14]
187/400 unsupported: [14, 9]
188/400 unsupported: [2, 6]
189/400 unsupported: [0, 0]
190/400 unsupported: [4, 4]
191/400 complete: [16, 18]
192/400 complete: [15, 17]
193/400 unsupported: [5, 8]
194/400 complete: [19, 15]
195/400 unsupported: [16, 10]
196/400 complete: [12, 15]
197/400 complete: [11, 16]
198/400 complete: [15, 12]
199/400 complete: [15, 12]
200/400 unsupported: [0, 0]
201/400 unsupported: [3, 2]
202/400 complete: [11, 16]
203/400 complete: [15, 14]
204/400 unsupported: [7, 12]
205/400 unsupported: [0, 0]
206/400 complete: [13, 15]
207/400 unsupported: [7, 4]
208/400 complete: [15, 12]
209/400 complete: [12, 17]
210/400 unsupported: [0, 4]
211/400 unsupported: [2, 0]
212/400 complete: [14, 17]
213/400 complete: [11, 17]
214/400 unsupported: [0, 2]
215/400 complete: [12, 16]
216/400 complete: [10, 17]
217/400 complete: [15, 12]
218/400 unsupported: [11, 9]
219/400 unsupported: [1, 0]
220/400 unsupported: [0, 0]
221/400 complete: [10, 17]
222/400 unsupported: [6, 3]
223/400 unsupported: [3, 3]
224/400 complete: [10, 15]
225/400 unsupported: [0, 0]
226/400 unsupported: [1, 8]
227/400 unsupported: [0, 0]
228/400 complete: [15, 14]
229/400 complete: [15, 14]
230/400 unsupported: [8, 11]
231/400 unsupported: [5, 1]
232/400 unsupported: [0, 2]
233/400 unsupported: [1, 0]
234/400 unsupported: [9, 11]
235/400 complete: [15, 13]
236/400 unsupported: [5, 7]
237/400 complete: [15, 11]
238/400 complete: [10, 15]
239/400 unsupported: [10, 7]
240/400 complete: [17, 13]
241/400 complete: [11, 15]
242/400 complete: [9, 15]
243/400 unsupported: [1, 0]
244/400 complete: [17, 10]
245/400 complete: [15, 8]
246/400 unsupported: [2, 0]
247/400 complete: [9, 16]
248/400 unsupported: [4, 3]
249/400 complete: [15, 11]
250/400 unsupported: [0, 0]
251/400 complete: [17, 16]
252/400 unsupported: [3, 5]
253/400 unsupported: [13, 17]
254/400 unsupported: [0, 1]
255/400 unsupported: [3, 0]
256/400 complete: [10, 15]
257/400 complete: [15, 13]
258/400 complete: [15, 11]
259/400 complete: [14, 15]
260/400 complete: [13, 15]
261/400 complete: [16, 10]
262/400 complete: [13, 16]
263/400 unsupported: [10, 3]
264/400 complete: [12, 17]
265/400 complete: [15, 18]
266/400 unsupported: [3, 9]
267/400 complete: [15, 14]
268/400 complete: [13, 15]
269/400 unsupported: [0, 0]
270/400 unsupported: [4, 8]
271/400 unsupported: [2, 0]
272/400 complete: [11, 15]
273/400 complete: [16, 12]
274/400 unsupported: [6, 4]
275/400 complete: [17, 13]
276/400 unsupported: [0, 3]
277/400 unsupported: [11, 3]
278/400 unsupported: [7, 9]
279/400 complete: [12, 15]
280/400 unsupported: [8, 11]
281/400 unsupported: [3, 2]
282/400 unsupported: [8, 12]
283/400 unsupported: [4, 0]
284/400 complete: [16, 13]
285/400 complete: [15, 12]
286/400 unsupported: [6, 4]
287/400 complete: [14, 15]
288/400 complete: [13, 17]
289/400 complete: [18, 14]
290/400 unsupported: [0, 1]
291/400 unsupported: [6, 6]
292/400 complete: [11, 16]
293/400 unsupported: [10, 5]
294/400 complete: [17, 14]
295/400 unsupported: [1, 7]
296/400 unsupported: [5, 5]
297/400 complete: [16, 16]
298/400 unsupported: [0, 0]
299/400 complete: [15, 16]
300/400 unsupported: [0, 0]
301/400 unsupported: [13, 0]
302/400 complete: [17, 14]
303/400 unsupported: [4, 3]
304/400 complete: [12, 16]
305/400 complete: [15, 11]
306/400 complete: [15, 11]
307/400 unsupported: [6, 2]
308/400 complete: [11, 16]
309/400 unsupported: [0, 0]
310/400 unsupported: [7, 8]
311/400 unsupported: [15, 11]
312/400 complete: [15, 15]
313/400 complete: [15, 10]
314/400 unsupported: [8, 4]
315/400 complete: [15, 13]
316/400 unsupported: [1, 0]
317/400 unsupported: [8, 7]
318/400 complete: [14, 15]
319/400 complete: [17, 10]
320/400 complete: [9, 18]
321/400 complete: [16, 15]
322/400 unsupported: [5, 2]
323/400 complete: [14, 15]
324/400 complete: [12, 15]
325/400 unsupported: [4, 5]
326/400 unsupported: [3, 1]
327/400 unsupported: [11, 8]
328/400 unsupported: [2, 5]
329/400 complete: [13, 15]
330/400 complete: [13, 18]
331/400 complete: [17, 13]
332/400 complete: [16, 15]
333/400 complete: [15, 6]
334/400 unsupported: [0, 1]
335/400 unsupported: [7, 4]
336/400 unsupported: [0, 0]
337/400 complete: [15, 11]
338/400 complete: [15, 15]
339/400 complete: [16, 14]
340/400 complete: [12, 16]
341/400 unsupported: [8, 3]
342/400 unsupported: [4, 6]
343/400 complete: [14, 17]
344/400 complete: [17, 14]
345/400 complete: [14, 17]
346/400 complete: [13, 17]
347/400 complete: [15, 10]
348/400 complete: [18, 13]
349/400 complete: [17, 15]
350/400 complete: [13, 15]
351/400 complete: [15, 17]
352/400 complete: [13, 15]
353/400 complete: [16, 13]
354/400 complete: [17, 9]
355/400 complete: [10, 15]
356/400 complete: [15, 8]
357/400 unsupported: [7, 1]
358/400 complete: [15, 10]
359/400 complete: [9, 15]
360/400 unsupported: [2, 2]
361/400 complete: [14, 15]
362/400 complete: [13, 16]
363/400 unsupported: [3, 2]
364/400 unsupported: [7, 7]
365/400 unsupported: [5, 3]
366/400 complete: [18, 8]
367/400 complete: [14, 16]
368/400 complete: [16, 12]
369/400 unsupported: [12, 10]
370/400 unsupported: [0, 4]
371/400 unsupported: [3, 3]
372/400 complete: [17, 6]
373/400 unsupported: [7, 6]
374/400 unsupported: [0, 4]
375/400 unsupported: [1, 0]
376/400 complete: [18, 14]
377/400 unsupported: [7, 8]
378/400 unsupported: [1, 0]
379/400 complete: [16, 8]
380/400 complete: [12, 15]
381/400 complete: [15, 13]
382/400 complete: [15, 17]
383/400 unsupported: [13, 4]
384/400 complete: [15, 10]
385/400 complete: [15, 13]
386/400 complete: [16, 11]
387/400 unsupported: [10, 3]
388/400 complete: [15, 12]
389/400 complete: [15, 15]
390/400 complete: [16, 12]
391/400 complete: [15, 11]
392/400 unsupported: [11, 10]
393/400 complete: [15, 16]
394/400 unsupported: [6, 0]
395/400 complete: [16, 14]
396/400 complete: [11, 15]
397/400 unsupported: [0, 0]
398/400 complete: [19, 10]
399/400 unsupported: [0, 0]
400/400 unsupported: [1, 1]
