trace,profile,phase,repeat,iterations,operations,seconds,operations_per_second
/Users/payton.jones/dev/splendorust/benchmarks/results/current-20261006/replay-reverse/seed-424287.txt,original_full_turn_trace,all_turns,0,100000,6500000,0.251002041,2.59e+07
/Users/payton.jones/dev/splendorust/benchmarks/results/current-20261006/replay-reverse/seed-424287.txt,mask_generation,regular,0,100000,6200000,0.092146625,6.73e+07
/Users/payton.jones/dev/splendorust/benchmarks/results/current-20261006/replay-reverse/seed-424287.txt,mask_generation,return,0,100000,200000,0.000733042,2.73e+08
/Users/payton.jones/dev/splendorust/benchmarks/results/current-20261006/replay-reverse/seed-424287.txt,mask_generation,noble,0,100000,100000,0.004007791,2.5e+07
/Users/payton.jones/dev/splendorust/benchmarks/results/current-20261006/replay-reverse/seed-424287.txt,mask_generation,terminal,0,100000,0,0,0
/Users/payton.jones/dev/splendorust/benchmarks/results/current-20261006/replay-reverse/seed-424287.txt,pregenerated_mask_membership,all,0,100000,6500000,0.003881,1.67e+09
/Users/payton.jones/dev/splendorust/benchmarks/results/current-20261006/replay-reverse/seed-424287.txt,canonical_payment_check,buy,0,100000,4000000,0.010505875,3.81e+08
/Users/payton.jones/dev/splendorust/benchmarks/results/current-20261006/replay-reverse/seed-424287.txt,clone_only,all,0,100000,6500000,1.17833496,5.52e+06
/Users/payton.jones/dev/splendorust/benchmarks/results/current-20261006/replay-reverse/seed-424287.txt,clone_plus_apply,all,0,100000,6500000,1.41180183,4.6e+06
/Users/payton.jones/dev/splendorust/benchmarks/results/current-20261006/replay-reverse/seed-424287.txt,predecoded_full_enum_apply,all_turns,0,100000,6500000,0.22860725,2.84e+07
/Users/payton.jones/dev/splendorust/benchmarks/results/current-20261006/replay-reverse/seed-424287.txt,predecoded_checked_apply_only,all_turns,0,100000,6500000,0.124508541,5.22e+07
/Users/payton.jones/dev/splendorust/benchmarks/results/current-20261006/replay-reverse/seed-424287.txt,original_full_turn_trace,all_turns,1,100000,6500000,0.25035525,2.6e+07
/Users/payton.jones/dev/splendorust/benchmarks/results/current-20261006/replay-reverse/seed-424287.txt,mask_generation,regular,1,100000,6200000,0.089863916,6.9e+07
/Users/payton.jones/dev/splendorust/benchmarks/results/current-20261006/replay-reverse/seed-424287.txt,mask_generation,return,1,100000,200000,0.000724667,2.76e+08
/Users/payton.jones/dev/splendorust/benchmarks/results/current-20261006/replay-reverse/seed-424287.txt,mask_generation,noble,1,100000,100000,0.003793625,2.64e+07
/Users/payton.jones/dev/splendorust/benchmarks/results/current-20261006/replay-reverse/seed-424287.txt,mask_generation,terminal,1,100000,0,0,0
/Users/payton.jones/dev/splendorust/benchmarks/results/current-20261006/replay-reverse/seed-424287.txt,pregenerated_mask_membership,all,1,100000,6500000,0.003891791,1.67e+09
/Users/payton.jones/dev/splendorust/benchmarks/results/current-20261006/replay-reverse/seed-424287.txt,canonical_payment_check,buy,1,100000,4000000,0.010447334,3.83e+08
/Users/payton.jones/dev/splendorust/benchmarks/results/current-20261006/replay-reverse/seed-424287.txt,clone_only,all,1,100000,6500000,1.18466538,5.49e+06
/Users/payton.jones/dev/splendorust/benchmarks/results/current-20261006/replay-reverse/seed-424287.txt,clone_plus_apply,all,1,100000,6500000,1.41958267,4.58e+06
/Users/payton.jones/dev/splendorust/benchmarks/results/current-20261006/replay-reverse/seed-424287.txt,predecoded_full_enum_apply,all_turns,1,100000,6500000,0.229264584,2.84e+07
/Users/payton.jones/dev/splendorust/benchmarks/results/current-20261006/replay-reverse/seed-424287.txt,predecoded_checked_apply_only,all_turns,1,100000,6500000,0.122702958,5.3e+07
/Users/payton.jones/dev/splendorust/benchmarks/results/current-20261006/replay-reverse/seed-424287.txt,original_full_turn_trace,all_turns,2,100000,6500000,0.252570333,2.57e+07
/Users/payton.jones/dev/splendorust/benchmarks/results/current-20261006/replay-reverse/seed-424287.txt,mask_generation,regular,2,100000,6200000,0.090523542,6.85e+07
/Users/payton.jones/dev/splendorust/benchmarks/results/current-20261006/replay-reverse/seed-424287.txt,mask_generation,return,2,100000,200000,0.000736875,2.71e+08
/Users/payton.jones/dev/splendorust/benchmarks/results/current-20261006/replay-reverse/seed-424287.txt,mask_generation,noble,2,100000,100000,0.003959875,2.53e+07
/Users/payton.jones/dev/splendorust/benchmarks/results/current-20261006/replay-reverse/seed-424287.txt,mask_generation,terminal,2,100000,0,0,0
/Users/payton.jones/dev/splendorust/benchmarks/results/current-20261006/replay-reverse/seed-424287.txt,pregenerated_mask_membership,all,2,100000,6500000,0.003844916,1.69e+09
/Users/payton.jones/dev/splendorust/benchmarks/results/current-20261006/replay-reverse/seed-424287.txt,canonical_payment_check,buy,2,100000,4000000,0.010444667,3.83e+08
/Users/payton.jones/dev/splendorust/benchmarks/results/current-20261006/replay-reverse/seed-424287.txt,clone_only,all,2,100000,6500000,1.18808779,5.47e+06
/Users/payton.jones/dev/splendorust/benchmarks/results/current-20261006/replay-reverse/seed-424287.txt,clone_plus_apply,all,2,100000,6500000,1.41428146,4.6e+06
/Users/payton.jones/dev/splendorust/benchmarks/results/current-20261006/replay-reverse/seed-424287.txt,predecoded_full_enum_apply,all_turns,2,100000,6500000,0.231063292,2.81e+07
/Users/payton.jones/dev/splendorust/benchmarks/results/current-20261006/replay-reverse/seed-424287.txt,predecoded_checked_apply_only,all_turns,2,100000,6500000,0.124098708,5.24e+07
/Users/payton.jones/dev/splendorust/benchmarks/results/current-20261006/replay-reverse/seed-424287.txt,original_full_turn_trace,all_turns,3,100000,6500000,0.251650792,2.58e+07
/Users/payton.jones/dev/splendorust/benchmarks/results/current-20261006/replay-reverse/seed-424287.txt,mask_generation,regular,3,100000,6200000,0.091362,6.79e+07
/Users/payton.jones/dev/splendorust/benchmarks/results/current-20261006/replay-reverse/seed-424287.txt,mask_generation,return,3,100000,200000,0.00071575,2.79e+08
/Users/payton.jones/dev/splendorust/benchmarks/results/current-20261006/replay-reverse/seed-424287.txt,mask_generation,noble,3,100000,100000,0.00396875,2.52e+07
/Users/payton.jones/dev/splendorust/benchmarks/results/current-20261006/replay-reverse/seed-424287.txt,mask_generation,terminal,3,100000,0,4.1e-08,0
/Users/payton.jones/dev/splendorust/benchmarks/results/current-20261006/replay-reverse/seed-424287.txt,pregenerated_mask_membership,all,3,100000,6500000,0.003854333,1.69e+09
/Users/payton.jones/dev/splendorust/benchmarks/results/current-20261006/replay-reverse/seed-424287.txt,canonical_payment_check,buy,3,100000,4000000,0.01051525,3.8e+08
/Users/payton.jones/dev/splendorust/benchmarks/results/current-20261006/replay-reverse/seed-424287.txt,clone_only,all,3,100000,6500000,1.17697896,5.52e+06
/Users/payton.jones/dev/splendorust/benchmarks/results/current-20261006/replay-reverse/seed-424287.txt,clone_plus_apply,all,3,100000,6500000,1.41612792,4.59e+06
/Users/payton.jones/dev/splendorust/benchmarks/results/current-20261006/replay-reverse/seed-424287.txt,predecoded_full_enum_apply,all_turns,3,100000,6500000,0.23342775,2.78e+07
/Users/payton.jones/dev/splendorust/benchmarks/results/current-20261006/replay-reverse/seed-424287.txt,predecoded_checked_apply_only,all_turns,3,100000,6500000,0.12583,5.17e+07
/Users/payton.jones/dev/splendorust/benchmarks/results/current-20261006/replay-reverse/seed-424287.txt,original_full_turn_trace,all_turns,4,100000,6500000,0.252478917,2.57e+07
/Users/payton.jones/dev/splendorust/benchmarks/results/current-20261006/replay-reverse/seed-424287.txt,mask_generation,regular,4,100000,6200000,0.089862375,6.9e+07
/Users/payton.jones/dev/splendorust/benchmarks/results/current-20261006/replay-reverse/seed-424287.txt,mask_generation,return,4,100000,200000,0.000732416,2.73e+08
/Users/payton.jones/dev/splendorust/benchmarks/results/current-20261006/replay-reverse/seed-424287.txt,mask_generation,noble,4,100000,100000,0.003975792,2.52e+07
/Users/payton.jones/dev/splendorust/benchmarks/results/current-20261006/replay-reverse/seed-424287.txt,mask_generation,terminal,4,100000,0,0,0
/Users/payton.jones/dev/splendorust/benchmarks/results/current-20261006/replay-reverse/seed-424287.txt,pregenerated_mask_membership,all,4,100000,6500000,0.003861042,1.68e+09
/Users/payton.jones/dev/splendorust/benchmarks/results/current-20261006/replay-reverse/seed-424287.txt,canonical_payment_check,buy,4,100000,4000000,0.010450125,3.83e+08
/Users/payton.jones/dev/splendorust/benchmarks/results/current-20261006/replay-reverse/seed-424287.txt,clone_only,all,4,100000,6500000,1.20503342,5.39e+06
/Users/payton.jones/dev/splendorust/benchmarks/results/current-20261006/replay-reverse/seed-424287.txt,clone_plus_apply,all,4,100000,6500000,1.44895421,4.49e+06
/Users/payton.jones/dev/splendorust/benchmarks/results/current-20261006/replay-reverse/seed-424287.txt,predecoded_full_enum_apply,all_turns,4,100000,6500000,0.230799292,2.82e+07
/Users/payton.jones/dev/splendorust/benchmarks/results/current-20261006/replay-reverse/seed-424287.txt,predecoded_checked_apply_only,all_turns,4,100000,6500000,0.140637084,4.62e+07
/Users/payton.jones/dev/splendorust/benchmarks/results/current-20261006/replay-reverse/seed-424287.txt,original_full_turn_trace,all_turns,5,100000,6500000,0.257263875,2.53e+07
/Users/payton.jones/dev/splendorust/benchmarks/results/current-20261006/replay-reverse/seed-424287.txt,mask_generation,regular,5,100000,6200000,0.104309083,5.94e+07
/Users/payton.jones/dev/splendorust/benchmarks/results/current-20261006/replay-reverse/seed-424287.txt,mask_generation,return,5,100000,200000,0.000733667,2.73e+08
/Users/payton.jones/dev/splendorust/benchmarks/results/current-20261006/replay-reverse/seed-424287.txt,mask_generation,noble,5,100000,100000,0.004133292,2.42e+07
/Users/payton.jones/dev/splendorust/benchmarks/results/current-20261006/replay-reverse/seed-424287.txt,mask_generation,terminal,5,100000,0,4.1e-08,0
/Users/payton.jones/dev/splendorust/benchmarks/results/current-20261006/replay-reverse/seed-424287.txt,pregenerated_mask_membership,all,5,100000,6500000,0.004000875,1.62e+09
/Users/payton.jones/dev/splendorust/benchmarks/results/current-20261006/replay-reverse/seed-424287.txt,canonical_payment_check,buy,5,100000,4000000,0.01054,3.8e+08
/Users/payton.jones/dev/splendorust/benchmarks/results/current-20261006/replay-reverse/seed-424287.txt,clone_only,all,5,100000,6500000,1.21660208,5.34e+06
/Users/payton.jones/dev/splendorust/benchmarks/results/current-20261006/replay-reverse/seed-424287.txt,clone_plus_apply,all,5,100000,6500000,1.438621,4.52e+06
/Users/payton.jones/dev/splendorust/benchmarks/results/current-20261006/replay-reverse/seed-424287.txt,predecoded_full_enum_apply,all_turns,5,100000,6500000,0.230845708,2.82e+07
/Users/payton.jones/dev/splendorust/benchmarks/results/current-20261006/replay-reverse/seed-424287.txt,predecoded_checked_apply_only,all_turns,5,100000,6500000,0.126265458,5.15e+07
/Users/payton.jones/dev/splendorust/benchmarks/results/current-20261006/replay-reverse/seed-424287.txt,original_full_turn_trace,all_turns,6,100000,6500000,0.255831625,2.54e+07
/Users/payton.jones/dev/splendorust/benchmarks/results/current-20261006/replay-reverse/seed-424287.txt,mask_generation,regular,6,100000,6200000,0.093937709,6.6e+07
/Users/payton.jones/dev/splendorust/benchmarks/results/current-20261006/replay-reverse/seed-424287.txt,mask_generation,return,6,100000,200000,0.000742959,2.69e+08
/Users/payton.jones/dev/splendorust/benchmarks/results/current-20261006/replay-reverse/seed-424287.txt,mask_generation,noble,6,100000,100000,0.003745666,2.67e+07
/Users/payton.jones/dev/splendorust/benchmarks/results/current-20261006/replay-reverse/seed-424287.txt,mask_generation,terminal,6,100000,0,0,0
/Users/payton.jones/dev/splendorust/benchmarks/results/current-20261006/replay-reverse/seed-424287.txt,pregenerated_mask_membership,all,6,100000,6500000,0.003890542,1.67e+09
/Users/payton.jones/dev/splendorust/benchmarks/results/current-20261006/replay-reverse/seed-424287.txt,canonical_payment_check,buy,6,100000,4000000,0.010425875,3.84e+08
/Users/payton.jones/dev/splendorust/benchmarks/results/current-20261006/replay-reverse/seed-424287.txt,clone_only,all,6,100000,6500000,1.16970033,5.56e+06
/Users/payton.jones/dev/splendorust/benchmarks/results/current-20261006/replay-reverse/seed-424287.txt,clone_plus_apply,all,6,100000,6500000,1.42614279,4.56e+06
/Users/payton.jones/dev/splendorust/benchmarks/results/current-20261006/replay-reverse/seed-424287.txt,predecoded_full_enum_apply,all_turns,6,100000,6500000,0.232612209,2.79e+07
/Users/payton.jones/dev/splendorust/benchmarks/results/current-20261006/replay-reverse/seed-424287.txt,predecoded_checked_apply_only,all_turns,6,100000,6500000,0.12401025,5.24e+07
