trace,profile,phase,repeat,iterations,operations,seconds,operations_per_second
/Users/payton.jones/dev/splendorust/benchmarks/results/current-20261006/replay-reverse/seed-424268.txt,original_full_turn_trace,all_turns,0,100000,6400000,0.250165333,2.56e+07
/Users/payton.jones/dev/splendorust/benchmarks/results/current-20261006/replay-reverse/seed-424268.txt,mask_generation,regular,0,100000,6400000,0.097153458,6.59e+07
/Users/payton.jones/dev/splendorust/benchmarks/results/current-20261006/replay-reverse/seed-424268.txt,mask_generation,return,0,100000,0,0,0
/Users/payton.jones/dev/splendorust/benchmarks/results/current-20261006/replay-reverse/seed-424268.txt,mask_generation,noble,0,100000,0,0,0
/Users/payton.jones/dev/splendorust/benchmarks/results/current-20261006/replay-reverse/seed-424268.txt,mask_generation,terminal,0,100000,0,0,0
/Users/payton.jones/dev/splendorust/benchmarks/results/current-20261006/replay-reverse/seed-424268.txt,pregenerated_mask_membership,all,0,100000,6400000,0.00380175,1.68e+09
/Users/payton.jones/dev/splendorust/benchmarks/results/current-20261006/replay-reverse/seed-424268.txt,canonical_payment_check,buy,0,100000,4900000,0.012524583,3.91e+08
/Users/payton.jones/dev/splendorust/benchmarks/results/current-20261006/replay-reverse/seed-424268.txt,clone_only,all,0,100000,6400000,1.23351529,5.19e+06
/Users/payton.jones/dev/splendorust/benchmarks/results/current-20261006/replay-reverse/seed-424268.txt,clone_plus_apply,all,0,100000,6400000,1.50029525,4.27e+06
/Users/payton.jones/dev/splendorust/benchmarks/results/current-20261006/replay-reverse/seed-424268.txt,predecoded_full_enum_apply,all_turns,0,100000,6400000,0.217725917,2.94e+07
/Users/payton.jones/dev/splendorust/benchmarks/results/current-20261006/replay-reverse/seed-424268.txt,predecoded_checked_apply_only,all_turns,0,100000,6400000,0.118232292,5.41e+07
/Users/payton.jones/dev/splendorust/benchmarks/results/current-20261006/replay-reverse/seed-424268.txt,original_full_turn_trace,all_turns,1,100000,6400000,0.25071475,2.55e+07
/Users/payton.jones/dev/splendorust/benchmarks/results/current-20261006/replay-reverse/seed-424268.txt,mask_generation,regular,1,100000,6400000,0.0998765,6.41e+07
/Users/payton.jones/dev/splendorust/benchmarks/results/current-20261006/replay-reverse/seed-424268.txt,mask_generation,return,1,100000,0,4.2e-08,0
/Users/payton.jones/dev/splendorust/benchmarks/results/current-20261006/replay-reverse/seed-424268.txt,mask_generation,noble,1,100000,0,0,0
/Users/payton.jones/dev/splendorust/benchmarks/results/current-20261006/replay-reverse/seed-424268.txt,mask_generation,terminal,1,100000,0,4.1e-08,0
/Users/payton.jones/dev/splendorust/benchmarks/results/current-20261006/replay-reverse/seed-424268.txt,pregenerated_mask_membership,all,1,100000,6400000,0.0038415,1.67e+09
/Users/payton.jones/dev/splendorust/benchmarks/results/current-20261006/replay-reverse/seed-424268.txt,canonical_payment_check,buy,1,100000,4900000,0.012330209,3.97e+08
/Users/payton.jones/dev/splendorust/benchmarks/results/current-20261006/replay-reverse/seed-424268.txt,clone_only,all,1,100000,6400000,1.2384885,5.17e+06
/Users/payton.jones/dev/splendorust/benchmarks/results/current-20261006/replay-reverse/seed-424268.txt,clone_plus_apply,all,1,100000,6400000,1.488845,4.3e+06
/Users/payton.jones/dev/splendorust/benchmarks/results/current-20261006/replay-reverse/seed-424268.txt,predecoded_full_enum_apply,all_turns,1,100000,6400000,0.221020584,2.9e+07
/Users/payton.jones/dev/splendorust/benchmarks/results/current-20261006/replay-reverse/seed-424268.txt,predecoded_checked_apply_only,all_turns,1,100000,6400000,0.118063292,5.42e+07
/Users/payton.jones/dev/splendorust/benchmarks/results/current-20261006/replay-reverse/seed-424268.txt,original_full_turn_trace,all_turns,2,100000,6400000,0.263358833,2.43e+07
/Users/payton.jones/dev/splendorust/benchmarks/results/current-20261006/replay-reverse/seed-424268.txt,mask_generation,regular,2,100000,6400000,0.098867916,6.47e+07
/Users/payton.jones/dev/splendorust/benchmarks/results/current-20261006/replay-reverse/seed-424268.txt,mask_generation,return,2,100000,0,0,0
/Users/payton.jones/dev/splendorust/benchmarks/results/current-20261006/replay-reverse/seed-424268.txt,mask_generation,noble,2,100000,0,0,0
/Users/payton.jones/dev/splendorust/benchmarks/results/current-20261006/replay-reverse/seed-424268.txt,mask_generation,terminal,2,100000,0,0,0
/Users/payton.jones/dev/splendorust/benchmarks/results/current-20261006/replay-reverse/seed-424268.txt,pregenerated_mask_membership,all,2,100000,6400000,0.003884708,1.65e+09
/Users/payton.jones/dev/splendorust/benchmarks/results/current-20261006/replay-reverse/seed-424268.txt,canonical_payment_check,buy,2,100000,4900000,0.012465209,3.93e+08
/Users/payton.jones/dev/splendorust/benchmarks/results/current-20261006/replay-reverse/seed-424268.txt,clone_only,all,2,100000,6400000,1.26534054,5.06e+06
/Users/payton.jones/dev/splendorust/benchmarks/results/current-20261006/replay-reverse/seed-424268.txt,clone_plus_apply,all,2,100000,6400000,1.53749967,4.16e+06
/Users/payton.jones/dev/splendorust/benchmarks/results/current-20261006/replay-reverse/seed-424268.txt,predecoded_full_enum_apply,all_turns,2,100000,6400000,0.222539292,2.88e+07
/Users/payton.jones/dev/splendorust/benchmarks/results/current-20261006/replay-reverse/seed-424268.txt,predecoded_checked_apply_only,all_turns,2,100000,6400000,0.116882625,5.48e+07
/Users/payton.jones/dev/splendorust/benchmarks/results/current-20261006/replay-reverse/seed-424268.txt,original_full_turn_trace,all_turns,3,100000,6400000,0.24844725,2.58e+07
/Users/payton.jones/dev/splendorust/benchmarks/results/current-20261006/replay-reverse/seed-424268.txt,mask_generation,regular,3,100000,6400000,0.100709375,6.35e+07
/Users/payton.jones/dev/splendorust/benchmarks/results/current-20261006/replay-reverse/seed-424268.txt,mask_generation,return,3,100000,0,0,0
/Users/payton.jones/dev/splendorust/benchmarks/results/current-20261006/replay-reverse/seed-424268.txt,mask_generation,noble,3,100000,0,4.1e-08,0
/Users/payton.jones/dev/splendorust/benchmarks/results/current-20261006/replay-reverse/seed-424268.txt,mask_generation,terminal,3,100000,0,4.1e-08,0
/Users/payton.jones/dev/splendorust/benchmarks/results/current-20261006/replay-reverse/seed-424268.txt,pregenerated_mask_membership,all,3,100000,6400000,0.003784791,1.69e+09
/Users/payton.jones/dev/splendorust/benchmarks/results/current-20261006/replay-reverse/seed-424268.txt,canonical_payment_check,buy,3,100000,4900000,0.012311416,3.98e+08
/Users/payton.jones/dev/splendorust/benchmarks/results/current-20261006/replay-reverse/seed-424268.txt,clone_only,all,3,100000,6400000,1.25103617,5.12e+06
/Users/payton.jones/dev/splendorust/benchmarks/results/current-20261006/replay-reverse/seed-424268.txt,clone_plus_apply,all,3,100000,6400000,1.52886317,4.19e+06
/Users/payton.jones/dev/splendorust/benchmarks/results/current-20261006/replay-reverse/seed-424268.txt,predecoded_full_enum_apply,all_turns,3,100000,6400000,0.222035333,2.88e+07
/Users/payton.jones/dev/splendorust/benchmarks/results/current-20261006/replay-reverse/seed-424268.txt,predecoded_checked_apply_only,all_turns,3,100000,6400000,0.116485458,5.49e+07
/Users/payton.jones/dev/splendorust/benchmarks/results/current-20261006/replay-reverse/seed-424268.txt,original_full_turn_trace,all_turns,4,100000,6400000,0.247097583,2.59e+07
/Users/payton.jones/dev/splendorust/benchmarks/results/current-20261006/replay-reverse/seed-424268.txt,mask_generation,regular,4,100000,6400000,0.099507792,6.43e+07
/Users/payton.jones/dev/splendorust/benchmarks/results/current-20261006/replay-reverse/seed-424268.txt,mask_generation,return,4,100000,0,0,0
/Users/payton.jones/dev/splendorust/benchmarks/results/current-20261006/replay-reverse/seed-424268.txt,mask_generation,noble,4,100000,0,4.2e-08,0
/Users/payton.jones/dev/splendorust/benchmarks/results/current-20261006/replay-reverse/seed-424268.txt,mask_generation,terminal,4,100000,0,4.1e-08,0
/Users/payton.jones/dev/splendorust/benchmarks/results/current-20261006/replay-reverse/seed-424268.txt,pregenerated_mask_membership,all,4,100000,6400000,0.003822417,1.67e+09
/Users/payton.jones/dev/splendorust/benchmarks/results/current-20261006/replay-reverse/seed-424268.txt,canonical_payment_check,buy,4,100000,4900000,0.012458625,3.93e+08
/Users/payton.jones/dev/splendorust/benchmarks/results/current-20261006/replay-reverse/seed-424268.txt,clone_only,all,4,100000,6400000,1.23481175,5.18e+06
/Users/payton.jones/dev/splendorust/benchmarks/results/current-20261006/replay-reverse/seed-424268.txt,clone_plus_apply,all,4,100000,6400000,1.54154717,4.15e+06
/Users/payton.jones/dev/splendorust/benchmarks/results/current-20261006/replay-reverse/seed-424268.txt,predecoded_full_enum_apply,all_turns,4,100000,6400000,0.218984208,2.92e+07
/Users/payton.jones/dev/splendorust/benchmarks/results/current-20261006/replay-reverse/seed-424268.txt,predecoded_checked_apply_only,all_turns,4,100000,6400000,0.115136791,5.56e+07
/Users/payton.jones/dev/splendorust/benchmarks/results/current-20261006/replay-reverse/seed-424268.txt,original_full_turn_trace,all_turns,5,100000,6400000,0.247620042,2.58e+07
/Users/payton.jones/dev/splendorust/benchmarks/results/current-20261006/replay-reverse/seed-424268.txt,mask_generation,regular,5,100000,6400000,0.098896458,6.47e+07
/Users/payton.jones/dev/splendorust/benchmarks/results/current-20261006/replay-reverse/seed-424268.txt,mask_generation,return,5,100000,0,4.2e-08,0
/Users/payton.jones/dev/splendorust/benchmarks/results/current-20261006/replay-reverse/seed-424268.txt,mask_generation,noble,5,100000,0,0,0
/Users/payton.jones/dev/splendorust/benchmarks/results/current-20261006/replay-reverse/seed-424268.txt,mask_generation,terminal,5,100000,0,4.1e-08,0
/Users/payton.jones/dev/splendorust/benchmarks/results/current-20261006/replay-reverse/seed-424268.txt,pregenerated_mask_membership,all,5,100000,6400000,0.003776458,1.69e+09
/Users/payton.jones/dev/splendorust/benchmarks/results/current-20261006/replay-reverse/seed-424268.txt,canonical_payment_check,buy,5,100000,4900000,0.012581416,3.89e+08
/Users/payton.jones/dev/splendorust/benchmarks/results/current-20261006/replay-reverse/seed-424268.txt,clone_only,all,5,100000,6400000,1.24381608,5.15e+06
/Users/payton.jones/dev/splendorust/benchmarks/results/current-20261006/replay-reverse/seed-424268.txt,clone_plus_apply,all,5,100000,6400000,1.49466204,4.28e+06
/Users/payton.jones/dev/splendorust/benchmarks/results/current-20261006/replay-reverse/seed-424268.txt,predecoded_full_enum_apply,all_turns,5,100000,6400000,0.225373792,2.84e+07
/Users/payton.jones/dev/splendorust/benchmarks/results/current-20261006/replay-reverse/seed-424268.txt,predecoded_checked_apply_only,all_turns,5,100000,6400000,0.116585625,5.49e+07
/Users/payton.jones/dev/splendorust/benchmarks/results/current-20261006/replay-reverse/seed-424268.txt,original_full_turn_trace,all_turns,6,100000,6400000,0.249256583,2.57e+07
/Users/payton.jones/dev/splendorust/benchmarks/results/current-20261006/replay-reverse/seed-424268.txt,mask_generation,regular,6,100000,6400000,0.097484833,6.57e+07
/Users/payton.jones/dev/splendorust/benchmarks/results/current-20261006/replay-reverse/seed-424268.txt,mask_generation,return,6,100000,0,0,0
/Users/payton.jones/dev/splendorust/benchmarks/results/current-20261006/replay-reverse/seed-424268.txt,mask_generation,noble,6,100000,0,0,0
/Users/payton.jones/dev/splendorust/benchmarks/results/current-20261006/replay-reverse/seed-424268.txt,mask_generation,terminal,6,100000,0,0,0
/Users/payton.jones/dev/splendorust/benchmarks/results/current-20261006/replay-reverse/seed-424268.txt,pregenerated_mask_membership,all,6,100000,6400000,0.003804916,1.68e+09
/Users/payton.jones/dev/splendorust/benchmarks/results/current-20261006/replay-reverse/seed-424268.txt,canonical_payment_check,buy,6,100000,4900000,0.0124325,3.94e+08
/Users/payton.jones/dev/splendorust/benchmarks/results/current-20261006/replay-reverse/seed-424268.txt,clone_only,all,6,100000,6400000,1.25656804,5.09e+06
/Users/payton.jones/dev/splendorust/benchmarks/results/current-20261006/replay-reverse/seed-424268.txt,clone_plus_apply,all,6,100000,6400000,1.49840279,4.27e+06
/Users/payton.jones/dev/splendorust/benchmarks/results/current-20261006/replay-reverse/seed-424268.txt,predecoded_full_enum_apply,all_turns,6,100000,6400000,0.22061575,2.9e+07
/Users/payton.jones/dev/splendorust/benchmarks/results/current-20261006/replay-reverse/seed-424268.txt,predecoded_checked_apply_only,all_turns,6,100000,6400000,0.118173958,5.42e+07
