trace,profile,phase,repeat,iterations,operations,seconds,operations_per_second
/Users/payton.jones/dev/splendorust/benchmarks/results/current-20261006/replay-reverse/seed-424262.txt,original_full_turn_trace,all_turns,0,100000,7100000,0.278423,2.55e+07
/Users/payton.jones/dev/splendorust/benchmarks/results/current-20261006/replay-reverse/seed-424262.txt,mask_generation,regular,0,100000,6800000,0.103765875,6.55e+07
/Users/payton.jones/dev/splendorust/benchmarks/results/current-20261006/replay-reverse/seed-424262.txt,mask_generation,return,0,100000,200000,0.000733833,2.73e+08
/Users/payton.jones/dev/splendorust/benchmarks/results/current-20261006/replay-reverse/seed-424262.txt,mask_generation,noble,0,100000,100000,0.004200166,2.38e+07
/Users/payton.jones/dev/splendorust/benchmarks/results/current-20261006/replay-reverse/seed-424262.txt,mask_generation,terminal,0,100000,0,0,0
/Users/payton.jones/dev/splendorust/benchmarks/results/current-20261006/replay-reverse/seed-424262.txt,pregenerated_mask_membership,all,0,100000,7100000,0.004806042,1.48e+09
/Users/payton.jones/dev/splendorust/benchmarks/results/current-20261006/replay-reverse/seed-424262.txt,canonical_payment_check,buy,0,100000,4600000,0.011835625,3.89e+08
/Users/payton.jones/dev/splendorust/benchmarks/results/current-20261006/replay-reverse/seed-424262.txt,clone_only,all,0,100000,7100000,1.39792783,5.08e+06
/Users/payton.jones/dev/splendorust/benchmarks/results/current-20261006/replay-reverse/seed-424262.txt,clone_plus_apply,all,0,100000,7100000,1.60507921,4.42e+06
/Users/payton.jones/dev/splendorust/benchmarks/results/current-20261006/replay-reverse/seed-424262.txt,predecoded_full_enum_apply,all_turns,0,100000,7100000,0.254816666,2.79e+07
/Users/payton.jones/dev/splendorust/benchmarks/results/current-20261006/replay-reverse/seed-424262.txt,predecoded_checked_apply_only,all_turns,0,100000,7100000,0.148582042,4.78e+07
/Users/payton.jones/dev/splendorust/benchmarks/results/current-20261006/replay-reverse/seed-424262.txt,original_full_turn_trace,all_turns,1,100000,7100000,0.330355167,2.15e+07
/Users/payton.jones/dev/splendorust/benchmarks/results/current-20261006/replay-reverse/seed-424262.txt,mask_generation,regular,1,100000,6800000,0.129162334,5.26e+07
/Users/payton.jones/dev/splendorust/benchmarks/results/current-20261006/replay-reverse/seed-424262.txt,mask_generation,return,1,100000,200000,0.000746542,2.68e+08
/Users/payton.jones/dev/splendorust/benchmarks/results/current-20261006/replay-reverse/seed-424262.txt,mask_generation,noble,1,100000,100000,0.004220625,2.37e+07
/Users/payton.jones/dev/splendorust/benchmarks/results/current-20261006/replay-reverse/seed-424262.txt,mask_generation,terminal,1,100000,0,0,0
/Users/payton.jones/dev/splendorust/benchmarks/results/current-20261006/replay-reverse/seed-424262.txt,pregenerated_mask_membership,all,1,100000,7100000,0.004899041,1.45e+09
/Users/payton.jones/dev/splendorust/benchmarks/results/current-20261006/replay-reverse/seed-424262.txt,canonical_payment_check,buy,1,100000,4600000,0.011807959,3.9e+08
/Users/payton.jones/dev/splendorust/benchmarks/results/current-20261006/replay-reverse/seed-424262.txt,clone_only,all,1,100000,7100000,1.34887692,5.26e+06
/Users/payton.jones/dev/splendorust/benchmarks/results/current-20261006/replay-reverse/seed-424262.txt,clone_plus_apply,all,1,100000,7100000,1.62030183,4.38e+06
/Users/payton.jones/dev/splendorust/benchmarks/results/current-20261006/replay-reverse/seed-424262.txt,predecoded_full_enum_apply,all_turns,1,100000,7100000,0.259551458,2.74e+07
/Users/payton.jones/dev/splendorust/benchmarks/results/current-20261006/replay-reverse/seed-424262.txt,predecoded_checked_apply_only,all_turns,1,100000,7100000,0.1274505,5.57e+07
/Users/payton.jones/dev/splendorust/benchmarks/results/current-20261006/replay-reverse/seed-424262.txt,original_full_turn_trace,all_turns,2,100000,7100000,0.27799175,2.55e+07
/Users/payton.jones/dev/splendorust/benchmarks/results/current-20261006/replay-reverse/seed-424262.txt,mask_generation,regular,2,100000,6800000,0.107721875,6.31e+07
/Users/payton.jones/dev/splendorust/benchmarks/results/current-20261006/replay-reverse/seed-424262.txt,mask_generation,return,2,100000,200000,0.000755875,2.65e+08
/Users/payton.jones/dev/splendorust/benchmarks/results/current-20261006/replay-reverse/seed-424262.txt,mask_generation,noble,2,100000,100000,0.004107625,2.43e+07
/Users/payton.jones/dev/splendorust/benchmarks/results/current-20261006/replay-reverse/seed-424262.txt,mask_generation,terminal,2,100000,0,0,0
/Users/payton.jones/dev/splendorust/benchmarks/results/current-20261006/replay-reverse/seed-424262.txt,pregenerated_mask_membership,all,2,100000,7100000,0.005192459,1.37e+09
/Users/payton.jones/dev/splendorust/benchmarks/results/current-20261006/replay-reverse/seed-424262.txt,canonical_payment_check,buy,2,100000,4600000,0.01211875,3.8e+08
/Users/payton.jones/dev/splendorust/benchmarks/results/current-20261006/replay-reverse/seed-424262.txt,clone_only,all,2,100000,7100000,1.36543654,5.2e+06
/Users/payton.jones/dev/splendorust/benchmarks/results/current-20261006/replay-reverse/seed-424262.txt,clone_plus_apply,all,2,100000,7100000,1.61071833,4.41e+06
/Users/payton.jones/dev/splendorust/benchmarks/results/current-20261006/replay-reverse/seed-424262.txt,predecoded_full_enum_apply,all_turns,2,100000,7100000,0.246993625,2.87e+07
/Users/payton.jones/dev/splendorust/benchmarks/results/current-20261006/replay-reverse/seed-424262.txt,predecoded_checked_apply_only,all_turns,2,100000,7100000,0.130542416,5.44e+07
/Users/payton.jones/dev/splendorust/benchmarks/results/current-20261006/replay-reverse/seed-424262.txt,original_full_turn_trace,all_turns,3,100000,7100000,0.278929666,2.55e+07
/Users/payton.jones/dev/splendorust/benchmarks/results/current-20261006/replay-reverse/seed-424262.txt,mask_generation,regular,3,100000,6800000,0.106730709,6.37e+07
/Users/payton.jones/dev/splendorust/benchmarks/results/current-20261006/replay-reverse/seed-424262.txt,mask_generation,return,3,100000,200000,0.000741833,2.7e+08
/Users/payton.jones/dev/splendorust/benchmarks/results/current-20261006/replay-reverse/seed-424262.txt,mask_generation,noble,3,100000,100000,0.004335958,2.31e+07
/Users/payton.jones/dev/splendorust/benchmarks/results/current-20261006/replay-reverse/seed-424262.txt,mask_generation,terminal,3,100000,0,4.2e-08,0
/Users/payton.jones/dev/splendorust/benchmarks/results/current-20261006/replay-reverse/seed-424262.txt,pregenerated_mask_membership,all,3,100000,7100000,0.004828791,1.47e+09
/Users/payton.jones/dev/splendorust/benchmarks/results/current-20261006/replay-reverse/seed-424262.txt,canonical_payment_check,buy,3,100000,4600000,0.011912708,3.86e+08
/Users/payton.jones/dev/splendorust/benchmarks/results/current-20261006/replay-reverse/seed-424262.txt,clone_only,all,3,100000,7100000,1.33389888,5.32e+06
/Users/payton.jones/dev/splendorust/benchmarks/results/current-20261006/replay-reverse/seed-424262.txt,clone_plus_apply,all,3,100000,7100000,1.58442033,4.48e+06
/Users/payton.jones/dev/splendorust/benchmarks/results/current-20261006/replay-reverse/seed-424262.txt,predecoded_full_enum_apply,all_turns,3,100000,7100000,0.243194209,2.92e+07
/Users/payton.jones/dev/splendorust/benchmarks/results/current-20261006/replay-reverse/seed-424262.txt,predecoded_checked_apply_only,all_turns,3,100000,7100000,0.127154958,5.58e+07
/Users/payton.jones/dev/splendorust/benchmarks/results/current-20261006/replay-reverse/seed-424262.txt,original_full_turn_trace,all_turns,4,100000,7100000,0.269798791,2.63e+07
/Users/payton.jones/dev/splendorust/benchmarks/results/current-20261006/replay-reverse/seed-424262.txt,mask_generation,regular,4,100000,6800000,0.101028375,6.73e+07
/Users/payton.jones/dev/splendorust/benchmarks/results/current-20261006/replay-reverse/seed-424262.txt,mask_generation,return,4,100000,200000,0.000756417,2.64e+08
/Users/payton.jones/dev/splendorust/benchmarks/results/current-20261006/replay-reverse/seed-424262.txt,mask_generation,noble,4,100000,100000,0.004291209,2.33e+07
/Users/payton.jones/dev/splendorust/benchmarks/results/current-20261006/replay-reverse/seed-424262.txt,mask_generation,terminal,4,100000,0,4.2e-08,0
/Users/payton.jones/dev/splendorust/benchmarks/results/current-20261006/replay-reverse/seed-424262.txt,pregenerated_mask_membership,all,4,100000,7100000,0.004758542,1.49e+09
/Users/payton.jones/dev/splendorust/benchmarks/results/current-20261006/replay-reverse/seed-424262.txt,canonical_payment_check,buy,4,100000,4600000,0.011519083,3.99e+08
/Users/payton.jones/dev/splendorust/benchmarks/results/current-20261006/replay-reverse/seed-424262.txt,clone_only,all,4,100000,7100000,1.34267888,5.29e+06
/Users/payton.jones/dev/splendorust/benchmarks/results/current-20261006/replay-reverse/seed-424262.txt,clone_plus_apply,all,4,100000,7100000,1.57862492,4.5e+06
/Users/payton.jones/dev/splendorust/benchmarks/results/current-20261006/replay-reverse/seed-424262.txt,predecoded_full_enum_apply,all_turns,4,100000,7100000,0.24298675,2.92e+07
/Users/payton.jones/dev/splendorust/benchmarks/results/current-20261006/replay-reverse/seed-424262.txt,predecoded_checked_apply_only,all_turns,4,100000,7100000,0.127615458,5.56e+07
/Users/payton.jones/dev/splendorust/benchmarks/results/current-20261006/replay-reverse/seed-424262.txt,original_full_turn_trace,all_turns,5,100000,7100000,0.268398792,2.65e+07
/Users/payton.jones/dev/splendorust/benchmarks/results/current-20261006/replay-reverse/seed-424262.txt,mask_generation,regular,5,100000,6800000,0.101854375,6.68e+07
/Users/payton.jones/dev/splendorust/benchmarks/results/current-20261006/replay-reverse/seed-424262.txt,mask_generation,return,5,100000,200000,0.000756459,2.64e+08
/Users/payton.jones/dev/splendorust/benchmarks/results/current-20261006/replay-reverse/seed-424262.txt,mask_generation,noble,5,100000,100000,0.003901916,2.56e+07
/Users/payton.jones/dev/splendorust/benchmarks/results/current-20261006/replay-reverse/seed-424262.txt,mask_generation,terminal,5,100000,0,4.2e-08,0
/Users/payton.jones/dev/splendorust/benchmarks/results/current-20261006/replay-reverse/seed-424262.txt,pregenerated_mask_membership,all,5,100000,7100000,0.004778416,1.49e+09
/Users/payton.jones/dev/splendorust/benchmarks/results/current-20261006/replay-reverse/seed-424262.txt,canonical_payment_check,buy,5,100000,4600000,0.011561666,3.98e+08
/Users/payton.jones/dev/splendorust/benchmarks/results/current-20261006/replay-reverse/seed-424262.txt,clone_only,all,5,100000,7100000,1.32976637,5.34e+06
/Users/payton.jones/dev/splendorust/benchmarks/results/current-20261006/replay-reverse/seed-424262.txt,clone_plus_apply,all,5,100000,7100000,1.57862779,4.5e+06
/Users/payton.jones/dev/splendorust/benchmarks/results/current-20261006/replay-reverse/seed-424262.txt,predecoded_full_enum_apply,all_turns,5,100000,7100000,0.241731583,2.94e+07
/Users/payton.jones/dev/splendorust/benchmarks/results/current-20261006/replay-reverse/seed-424262.txt,predecoded_checked_apply_only,all_turns,5,100000,7100000,0.130780667,5.43e+07
/Users/payton.jones/dev/splendorust/benchmarks/results/current-20261006/replay-reverse/seed-424262.txt,original_full_turn_trace,all_turns,6,100000,7100000,0.270291292,2.63e+07
/Users/payton.jones/dev/splendorust/benchmarks/results/current-20261006/replay-reverse/seed-424262.txt,mask_generation,regular,6,100000,6800000,0.104640084,6.5e+07
/Users/payton.jones/dev/splendorust/benchmarks/results/current-20261006/replay-reverse/seed-424262.txt,mask_generation,return,6,100000,200000,0.00070775,2.83e+08
/Users/payton.jones/dev/splendorust/benchmarks/results/current-20261006/replay-reverse/seed-424262.txt,mask_generation,noble,6,100000,100000,0.004050042,2.47e+07
/Users/payton.jones/dev/splendorust/benchmarks/results/current-20261006/replay-reverse/seed-424262.txt,mask_generation,terminal,6,100000,0,0,0
/Users/payton.jones/dev/splendorust/benchmarks/results/current-20261006/replay-reverse/seed-424262.txt,pregenerated_mask_membership,all,6,100000,7100000,0.004786,1.48e+09
/Users/payton.jones/dev/splendorust/benchmarks/results/current-20261006/replay-reverse/seed-424262.txt,canonical_payment_check,buy,6,100000,4600000,0.011608792,3.96e+08
/Users/payton.jones/dev/splendorust/benchmarks/results/current-20261006/replay-reverse/seed-424262.txt,clone_only,all,6,100000,7100000,1.34808133,5.27e+06
/Users/payton.jones/dev/splendorust/benchmarks/results/current-20261006/replay-reverse/seed-424262.txt,clone_plus_apply,all,6,100000,7100000,1.59179325,4.46e+06
/Users/payton.jones/dev/splendorust/benchmarks/results/current-20261006/replay-reverse/seed-424262.txt,predecoded_full_enum_apply,all_turns,6,100000,7100000,0.240325042,2.95e+07
/Users/payton.jones/dev/splendorust/benchmarks/results/current-20261006/replay-reverse/seed-424262.txt,predecoded_checked_apply_only,all_turns,6,100000,7100000,0.125901709,5.64e+07
