trace,profile,phase,repeat,iterations,operations,seconds,operations_per_second
/Users/payton.jones/dev/splendorust/benchmarks/results/current-20261006/replay-reverse/seed-424285.txt,original_full_turn_trace,all_turns,0,100000,7600000,0.29077175,2.61e+07
/Users/payton.jones/dev/splendorust/benchmarks/results/current-20261006/replay-reverse/seed-424285.txt,mask_generation,regular,0,100000,7000000,0.105943708,6.61e+07
/Users/payton.jones/dev/splendorust/benchmarks/results/current-20261006/replay-reverse/seed-424285.txt,mask_generation,return,0,100000,500000,0.001753791,2.85e+08
/Users/payton.jones/dev/splendorust/benchmarks/results/current-20261006/replay-reverse/seed-424285.txt,mask_generation,noble,0,100000,100000,0.00386975,2.58e+07
/Users/payton.jones/dev/splendorust/benchmarks/results/current-20261006/replay-reverse/seed-424285.txt,mask_generation,terminal,0,100000,0,0,0
/Users/payton.jones/dev/splendorust/benchmarks/results/current-20261006/replay-reverse/seed-424285.txt,pregenerated_mask_membership,all,0,100000,7600000,0.005120708,1.48e+09
/Users/payton.jones/dev/splendorust/benchmarks/results/current-20261006/replay-reverse/seed-424285.txt,canonical_payment_check,buy,0,100000,4700000,0.011876708,3.96e+08
/Users/payton.jones/dev/splendorust/benchmarks/results/current-20261006/replay-reverse/seed-424285.txt,clone_only,all,0,100000,7600000,1.39764346,5.44e+06
/Users/payton.jones/dev/splendorust/benchmarks/results/current-20261006/replay-reverse/seed-424285.txt,clone_plus_apply,all,0,100000,7600000,1.62990142,4.66e+06
/Users/payton.jones/dev/splendorust/benchmarks/results/current-20261006/replay-reverse/seed-424285.txt,predecoded_full_enum_apply,all_turns,0,100000,7600000,0.26788425,2.84e+07
/Users/payton.jones/dev/splendorust/benchmarks/results/current-20261006/replay-reverse/seed-424285.txt,predecoded_checked_apply_only,all_turns,0,100000,7600000,0.153106916,4.96e+07
/Users/payton.jones/dev/splendorust/benchmarks/results/current-20261006/replay-reverse/seed-424285.txt,original_full_turn_trace,all_turns,1,100000,7600000,0.296679084,2.56e+07
/Users/payton.jones/dev/splendorust/benchmarks/results/current-20261006/replay-reverse/seed-424285.txt,mask_generation,regular,1,100000,7000000,0.105999375,6.6e+07
/Users/payton.jones/dev/splendorust/benchmarks/results/current-20261006/replay-reverse/seed-424285.txt,mask_generation,return,1,100000,500000,0.001750333,2.86e+08
/Users/payton.jones/dev/splendorust/benchmarks/results/current-20261006/replay-reverse/seed-424285.txt,mask_generation,noble,1,100000,100000,0.003657583,2.73e+07
/Users/payton.jones/dev/splendorust/benchmarks/results/current-20261006/replay-reverse/seed-424285.txt,mask_generation,terminal,1,100000,0,0,0
/Users/payton.jones/dev/splendorust/benchmarks/results/current-20261006/replay-reverse/seed-424285.txt,pregenerated_mask_membership,all,1,100000,7600000,0.005225042,1.45e+09
/Users/payton.jones/dev/splendorust/benchmarks/results/current-20261006/replay-reverse/seed-424285.txt,canonical_payment_check,buy,1,100000,4700000,0.012350833,3.81e+08
/Users/payton.jones/dev/splendorust/benchmarks/results/current-20261006/replay-reverse/seed-424285.txt,clone_only,all,1,100000,7600000,1.36664642,5.56e+06
/Users/payton.jones/dev/splendorust/benchmarks/results/current-20261006/replay-reverse/seed-424285.txt,clone_plus_apply,all,1,100000,7600000,1.62611175,4.67e+06
/Users/payton.jones/dev/splendorust/benchmarks/results/current-20261006/replay-reverse/seed-424285.txt,predecoded_full_enum_apply,all_turns,1,100000,7600000,0.264209417,2.88e+07
/Users/payton.jones/dev/splendorust/benchmarks/results/current-20261006/replay-reverse/seed-424285.txt,predecoded_checked_apply_only,all_turns,1,100000,7600000,0.142558125,5.33e+07
/Users/payton.jones/dev/splendorust/benchmarks/results/current-20261006/replay-reverse/seed-424285.txt,original_full_turn_trace,all_turns,2,100000,7600000,0.291460375,2.61e+07
/Users/payton.jones/dev/splendorust/benchmarks/results/current-20261006/replay-reverse/seed-424285.txt,mask_generation,regular,2,100000,7000000,0.106430083,6.58e+07
/Users/payton.jones/dev/splendorust/benchmarks/results/current-20261006/replay-reverse/seed-424285.txt,mask_generation,return,2,100000,500000,0.001869125,2.68e+08
/Users/payton.jones/dev/splendorust/benchmarks/results/current-20261006/replay-reverse/seed-424285.txt,mask_generation,noble,2,100000,100000,0.003670542,2.72e+07
/Users/payton.jones/dev/splendorust/benchmarks/results/current-20261006/replay-reverse/seed-424285.txt,mask_generation,terminal,2,100000,0,4.2e-08,0
/Users/payton.jones/dev/splendorust/benchmarks/results/current-20261006/replay-reverse/seed-424285.txt,pregenerated_mask_membership,all,2,100000,7600000,0.005101667,1.49e+09
/Users/payton.jones/dev/splendorust/benchmarks/results/current-20261006/replay-reverse/seed-424285.txt,canonical_payment_check,buy,2,100000,4700000,0.012000959,3.92e+08
/Users/payton.jones/dev/splendorust/benchmarks/results/current-20261006/replay-reverse/seed-424285.txt,clone_only,all,2,100000,7600000,1.35650254,5.6e+06
/Users/payton.jones/dev/splendorust/benchmarks/results/current-20261006/replay-reverse/seed-424285.txt,clone_plus_apply,all,2,100000,7600000,1.64498258,4.62e+06
/Users/payton.jones/dev/splendorust/benchmarks/results/current-20261006/replay-reverse/seed-424285.txt,predecoded_full_enum_apply,all_turns,2,100000,7600000,0.265482083,2.86e+07
/Users/payton.jones/dev/splendorust/benchmarks/results/current-20261006/replay-reverse/seed-424285.txt,predecoded_checked_apply_only,all_turns,2,100000,7600000,0.142418916,5.34e+07
/Users/payton.jones/dev/splendorust/benchmarks/results/current-20261006/replay-reverse/seed-424285.txt,original_full_turn_trace,all_turns,3,100000,7600000,0.294791,2.58e+07
/Users/payton.jones/dev/splendorust/benchmarks/results/current-20261006/replay-reverse/seed-424285.txt,mask_generation,regular,3,100000,7000000,0.107592208,6.51e+07
/Users/payton.jones/dev/splendorust/benchmarks/results/current-20261006/replay-reverse/seed-424285.txt,mask_generation,return,3,100000,500000,0.001784541,2.8e+08
/Users/payton.jones/dev/splendorust/benchmarks/results/current-20261006/replay-reverse/seed-424285.txt,mask_generation,noble,3,100000,100000,0.003685541,2.71e+07
/Users/payton.jones/dev/splendorust/benchmarks/results/current-20261006/replay-reverse/seed-424285.txt,mask_generation,terminal,3,100000,0,0,0
/Users/payton.jones/dev/splendorust/benchmarks/results/current-20261006/replay-reverse/seed-424285.txt,pregenerated_mask_membership,all,3,100000,7600000,0.005033458,1.51e+09
/Users/payton.jones/dev/splendorust/benchmarks/results/current-20261006/replay-reverse/seed-424285.txt,canonical_payment_check,buy,3,100000,4700000,0.011960209,3.93e+08
/Users/payton.jones/dev/splendorust/benchmarks/results/current-20261006/replay-reverse/seed-424285.txt,clone_only,all,3,100000,7600000,1.36552417,5.57e+06
/Users/payton.jones/dev/splendorust/benchmarks/results/current-20261006/replay-reverse/seed-424285.txt,clone_plus_apply,all,3,100000,7600000,1.61793021,4.7e+06
/Users/payton.jones/dev/splendorust/benchmarks/results/current-20261006/replay-reverse/seed-424285.txt,predecoded_full_enum_apply,all_turns,3,100000,7600000,0.264956417,2.87e+07
/Users/payton.jones/dev/splendorust/benchmarks/results/current-20261006/replay-reverse/seed-424285.txt,predecoded_checked_apply_only,all_turns,3,100000,7600000,0.1412555,5.38e+07
/Users/payton.jones/dev/splendorust/benchmarks/results/current-20261006/replay-reverse/seed-424285.txt,original_full_turn_trace,all_turns,4,100000,7600000,0.29231775,2.6e+07
/Users/payton.jones/dev/splendorust/benchmarks/results/current-20261006/replay-reverse/seed-424285.txt,mask_generation,regular,4,100000,7000000,0.105939917,6.61e+07
/Users/payton.jones/dev/splendorust/benchmarks/results/current-20261006/replay-reverse/seed-424285.txt,mask_generation,return,4,100000,500000,0.00190175,2.63e+08
/Users/payton.jones/dev/splendorust/benchmarks/results/current-20261006/replay-reverse/seed-424285.txt,mask_generation,noble,4,100000,100000,0.003788708,2.64e+07
/Users/payton.jones/dev/splendorust/benchmarks/results/current-20261006/replay-reverse/seed-424285.txt,mask_generation,terminal,4,100000,0,4.1e-08,0
/Users/payton.jones/dev/splendorust/benchmarks/results/current-20261006/replay-reverse/seed-424285.txt,pregenerated_mask_membership,all,4,100000,7600000,0.005016,1.52e+09
/Users/payton.jones/dev/splendorust/benchmarks/results/current-20261006/replay-reverse/seed-424285.txt,canonical_payment_check,buy,4,100000,4700000,0.011976583,3.92e+08
/Users/payton.jones/dev/splendorust/benchmarks/results/current-20261006/replay-reverse/seed-424285.txt,clone_only,all,4,100000,7600000,1.35302579,5.62e+06
/Users/payton.jones/dev/splendorust/benchmarks/results/current-20261006/replay-reverse/seed-424285.txt,clone_plus_apply,all,4,100000,7600000,1.61912013,4.69e+06
/Users/payton.jones/dev/splendorust/benchmarks/results/current-20261006/replay-reverse/seed-424285.txt,predecoded_full_enum_apply,all_turns,4,100000,7600000,0.264415208,2.87e+07
/Users/payton.jones/dev/splendorust/benchmarks/results/current-20261006/replay-reverse/seed-424285.txt,predecoded_checked_apply_only,all_turns,4,100000,7600000,0.142438166,5.34e+07
/Users/payton.jones/dev/splendorust/benchmarks/results/current-20261006/replay-reverse/seed-424285.txt,original_full_turn_trace,all_turns,5,100000,7600000,0.29368475,2.59e+07
/Users/payton.jones/dev/splendorust/benchmarks/results/current-20261006/replay-reverse/seed-424285.txt,mask_generation,regular,5,100000,7000000,0.106867625,6.55e+07
/Users/payton.jones/dev/splendorust/benchmarks/results/current-20261006/replay-reverse/seed-424285.txt,mask_generation,return,5,100000,500000,0.001843917,2.71e+08
/Users/payton.jones/dev/splendorust/benchmarks/results/current-20261006/replay-reverse/seed-424285.txt,mask_generation,noble,5,100000,100000,0.004253041,2.35e+07
/Users/payton.jones/dev/splendorust/benchmarks/results/current-20261006/replay-reverse/seed-424285.txt,mask_generation,terminal,5,100000,0,0,0
/Users/payton.jones/dev/splendorust/benchmarks/results/current-20261006/replay-reverse/seed-424285.txt,pregenerated_mask_membership,all,5,100000,7600000,0.005215375,1.46e+09
/Users/payton.jones/dev/splendorust/benchmarks/results/current-20261006/replay-reverse/seed-424285.txt,canonical_payment_check,buy,5,100000,4700000,0.011985125,3.92e+08
/Users/payton.jones/dev/splendorust/benchmarks/results/current-20261006/replay-reverse/seed-424285.txt,clone_only,all,5,100000,7600000,1.38066529,5.5e+06
/Users/payton.jones/dev/splendorust/benchmarks/results/current-20261006/replay-reverse/seed-424285.txt,clone_plus_apply,all,5,100000,7600000,1.64220346,4.63e+06
/Users/payton.jones/dev/splendorust/benchmarks/results/current-20261006/replay-reverse/seed-424285.txt,predecoded_full_enum_apply,all_turns,5,100000,7600000,0.2712965,2.8e+07
/Users/payton.jones/dev/splendorust/benchmarks/results/current-20261006/replay-reverse/seed-424285.txt,predecoded_checked_apply_only,all_turns,5,100000,7600000,0.148478334,5.12e+07
/Users/payton.jones/dev/splendorust/benchmarks/results/current-20261006/replay-reverse/seed-424285.txt,original_full_turn_trace,all_turns,6,100000,7600000,0.289229459,2.63e+07
/Users/payton.jones/dev/splendorust/benchmarks/results/current-20261006/replay-reverse/seed-424285.txt,mask_generation,regular,6,100000,7000000,0.108031667,6.48e+07
/Users/payton.jones/dev/splendorust/benchmarks/results/current-20261006/replay-reverse/seed-424285.txt,mask_generation,return,6,100000,500000,0.0017885,2.8e+08
/Users/payton.jones/dev/splendorust/benchmarks/results/current-20261006/replay-reverse/seed-424285.txt,mask_generation,noble,6,100000,100000,0.003699542,2.7e+07
/Users/payton.jones/dev/splendorust/benchmarks/results/current-20261006/replay-reverse/seed-424285.txt,mask_generation,terminal,6,100000,0,0,0
/Users/payton.jones/dev/splendorust/benchmarks/results/current-20261006/replay-reverse/seed-424285.txt,pregenerated_mask_membership,all,6,100000,7600000,0.005035334,1.51e+09
/Users/payton.jones/dev/splendorust/benchmarks/results/current-20261006/replay-reverse/seed-424285.txt,canonical_payment_check,buy,6,100000,4700000,0.011804,3.98e+08
/Users/payton.jones/dev/splendorust/benchmarks/results/current-20261006/replay-reverse/seed-424285.txt,clone_only,all,6,100000,7600000,1.36515238,5.57e+06
/Users/payton.jones/dev/splendorust/benchmarks/results/current-20261006/replay-reverse/seed-424285.txt,clone_plus_apply,all,6,100000,7600000,1.62133196,4.69e+06
/Users/payton.jones/dev/splendorust/benchmarks/results/current-20261006/replay-reverse/seed-424285.txt,predecoded_full_enum_apply,all_turns,6,100000,7600000,0.259383833,2.93e+07
/Users/payton.jones/dev/splendorust/benchmarks/results/current-20261006/replay-reverse/seed-424285.txt,predecoded_checked_apply_only,all_turns,6,100000,7600000,0.146344417,5.19e+07
