engine,workload,repeat,replayed_games,complete_turns,canonical_actions,native_apply_calls,legal_enumerations,seconds,turns_per_second,games_per_second,operation_count
rust,full_new_buffer_checked,0,1,70,123,123,123,0.000008,8399328.05,119990.4008,123
rust,full_reused_buffer_checked,0,1,70,123,123,123,0.000008,9032258.06,129032.2581,123
rust,full_checked_apply_only,0,1,70,123,123,0,0.000002,40983606.56,585480.0937,123
rust,full_trace_traversal_clone,0,0,0,0,0,0,0.000000,0.00,0.0000,123
rust,full_optimized_enum_checked,0,1,70,123,123,123,0.000006,10769230.77,153846.1538,123
rust,full_optimized_reused_checked,0,1,70,123,123,123,0.000007,10244402.17,146348.6024,123
rust,full_validated_decision,0,1,70,123,123,123,0.000006,11350737.80,162153.3971,123
rust,enumeration_reference_main,0,0,0,0,0,70,0.000004,0.00,0.0000,70
rust,enumeration_reference_payment,0,0,0,0,0,47,0.000002,0.00,0.0000,47
rust,enumeration_reference_return,0,0,0,0,0,5,0.000001,0.00,0.0000,5
rust,enumeration_reference_noble,0,0,0,0,0,1,0.000000,0.00,0.0000,1
rust,enumeration_reference_terminal,0,0,0,0,0,0,0.000000,0.00,0.0000,0
rust,enumeration_optimized_main,0,0,0,0,0,70,0.000005,0.00,0.0000,70
rust,enumeration_optimized_payment,0,0,0,0,0,47,0.000001,0.00,0.0000,47
rust,enumeration_optimized_return,0,0,0,0,0,5,0.000000,0.00,0.0000,5
rust,enumeration_optimized_noble,0,0,0,0,0,1,0.000000,0.00,0.0000,1
rust,enumeration_optimized_terminal,0,0,0,0,0,0,0.000000,0.00,0.0000,0
rust,cached_membership,0,0,0,0,0,0,0.000002,0.00,0.0000,123
rust,cached_clone_checked_apply,0,0,0,0,123,0,0.000002,0.00,0.0000,123
rust,cached_clone_only,0,0,0,0,0,0,0.000001,0.00,0.0000,123
