engine,workload,repeat,replayed_games,complete_turns,canonical_actions,native_apply_calls,legal_enumerations,seconds,turns_per_second,games_per_second,operation_count
rust,full_new_buffer_checked,0,100000,7000000,12300000,12300000,12300000,0.500683,13980909.07,199727.2724,12300000
rust,full_new_buffer_checked,1,100000,7000000,12300000,12300000,12300000,0.500447,13987497.50,199821.3928,12300000
rust,full_new_buffer_checked,2,100000,7000000,12300000,12300000,12300000,0.514962,13593231.60,194189.0228,12300000
rust,full_new_buffer_checked,3,100000,7000000,12300000,12300000,12300000,0.508896,13755257.30,196503.6757,12300000
rust,full_new_buffer_checked,4,100000,7000000,12300000,12300000,12300000,0.515228,13586226.92,194088.9560,12300000
rust,full_new_buffer_checked,5,100000,7000000,12300000,12300000,12300000,0.523983,13359217.34,190845.9620,12300000
rust,full_new_buffer_checked,6,100000,7000000,12300000,12300000,12300000,0.506353,13824346.69,197490.6670,12300000
rust,full_reused_buffer_checked,0,100000,7000000,12300000,12300000,12300000,0.521963,13410901.55,191584.3079,12300000
rust,full_reused_buffer_checked,1,100000,7000000,12300000,12300000,12300000,0.504761,13867947.08,198113.5297,12300000
rust,full_reused_buffer_checked,2,100000,7000000,12300000,12300000,12300000,0.517452,13527820.44,193254.5777,12300000
rust,full_reused_buffer_checked,3,100000,7000000,12300000,12300000,12300000,0.525038,13332376.78,190462.5254,12300000
rust,full_reused_buffer_checked,4,100000,7000000,12300000,12300000,12300000,0.501401,13960871.17,199441.0167,12300000
rust,full_reused_buffer_checked,5,100000,7000000,12300000,12300000,12300000,0.499682,14008913.17,200127.3310,12300000
rust,full_reused_buffer_checked,6,100000,7000000,12300000,12300000,12300000,0.506773,13812886.03,197326.9433,12300000
rust,full_checked_apply_only,0,100000,7000000,12300000,12300000,0,0.101717,68818388.27,983119.8325,12300000
rust,full_checked_apply_only,1,100000,7000000,12300000,12300000,0,0.100648,69549579.54,993565.4219,12300000
rust,full_checked_apply_only,2,100000,7000000,12300000,12300000,0,0.096919,72225043.41,1031786.3345,12300000
rust,full_checked_apply_only,3,100000,7000000,12300000,12300000,0,0.094911,73753597.13,1053622.8162,12300000
rust,full_checked_apply_only,4,100000,7000000,12300000,12300000,0,0.094729,73895298.28,1055647.1183,12300000
rust,full_checked_apply_only,5,100000,7000000,12300000,12300000,0,0.094684,73930287.88,1056146.9697,12300000
rust,full_checked_apply_only,6,100000,7000000,12300000,12300000,0,0.095464,73326230.33,1047517.5761,12300000
rust,full_trace_traversal_clone,0,0,0,0,0,0,0.004607,0.00,0.0000,12300000
rust,full_trace_traversal_clone,1,0,0,0,0,0,0.004498,0.00,0.0000,12300000
rust,full_trace_traversal_clone,2,0,0,0,0,0,0.004444,0.00,0.0000,12300000
rust,full_trace_traversal_clone,3,0,0,0,0,0,0.004127,0.00,0.0000,12300000
rust,full_trace_traversal_clone,4,0,0,0,0,0,0.004160,0.00,0.0000,12300000
rust,full_trace_traversal_clone,5,0,0,0,0,0,0.004135,0.00,0.0000,12300000
rust,full_trace_traversal_clone,6,0,0,0,0,0,0.004174,0.00,0.0000,12300000
rust,full_optimized_enum_checked,0,100000,7000000,12300000,12300000,12300000,0.284660,24590703.81,351295.7687,12300000
rust,full_optimized_enum_checked,1,100000,7000000,12300000,12300000,12300000,0.282532,24775969.23,353942.4175,12300000
rust,full_optimized_enum_checked,2,100000,7000000,12300000,12300000,12300000,0.311565,22467194.89,320959.9269,12300000
rust,full_optimized_enum_checked,3,100000,7000000,12300000,12300000,12300000,0.288392,24272503.99,346750.0570,12300000
rust,full_optimized_enum_checked,4,100000,7000000,12300000,12300000,12300000,0.288641,24251599.96,346451.4279,12300000
rust,full_optimized_enum_checked,5,100000,7000000,12300000,12300000,12300000,0.290570,24090590.95,344151.2992,12300000
rust,full_optimized_enum_checked,6,100000,7000000,12300000,12300000,12300000,0.294475,23771121.48,339587.4497,12300000
rust,full_optimized_reused_checked,0,100000,7000000,12300000,12300000,12300000,0.339127,20641262.58,294875.1797,12300000
rust,full_optimized_reused_checked,1,100000,7000000,12300000,12300000,12300000,0.327366,21382800.21,305468.5745,12300000
rust,full_optimized_reused_checked,2,100000,7000000,12300000,12300000,12300000,0.331624,21108213.92,301545.9131,12300000
rust,full_optimized_reused_checked,3,100000,7000000,12300000,12300000,12300000,0.328498,21309139.66,304416.2808,12300000
rust,full_optimized_reused_checked,4,100000,7000000,12300000,12300000,12300000,0.333951,20961172.09,299445.3156,12300000
rust,full_optimized_reused_checked,5,100000,7000000,12300000,12300000,12300000,0.325110,21531171.35,307588.1621,12300000
rust,full_optimized_reused_checked,6,100000,7000000,12300000,12300000,12300000,0.329290,21257857.82,303683.6831,12300000
rust,full_validated_decision,0,100000,7000000,12300000,12300000,12300000,0.247269,28309269.37,404418.1338,12300000
rust,full_validated_decision,1,100000,7000000,12300000,12300000,12300000,0.245891,28467898.38,406684.2625,12300000
rust,full_validated_decision,2,100000,7000000,12300000,12300000,12300000,0.247817,28246635.50,403523.3643,12300000
rust,full_validated_decision,3,100000,7000000,12300000,12300000,12300000,0.249477,28058712.86,400838.7551,12300000
rust,full_validated_decision,4,100000,7000000,12300000,12300000,12300000,0.249364,28071394.88,401019.9268,12300000
rust,full_validated_decision,5,100000,7000000,12300000,12300000,12300000,0.249707,28032887.29,400469.8184,12300000
rust,full_validated_decision,6,100000,7000000,12300000,12300000,12300000,0.261154,26804133.58,382916.1940,12300000
rust,enumeration_reference_main,0,0,0,0,0,7000000,0.257155,0.00,0.0000,7000000
rust,enumeration_reference_payment,0,0,0,0,0,4700000,0.097187,0.00,0.0000,4700000
rust,enumeration_reference_return,0,0,0,0,0,500000,0.018230,0.00,0.0000,500000
rust,enumeration_reference_noble,0,0,0,0,0,100000,0.000368,0.00,0.0000,100000
rust,enumeration_reference_terminal,0,0,0,0,0,0,0.000000,0.00,0.0000,0
rust,enumeration_optimized_main,0,0,0,0,0,7000000,0.123525,0.00,0.0000,7000000
rust,enumeration_optimized_payment,0,0,0,0,0,4700000,0.023290,0.00,0.0000,4700000
rust,enumeration_optimized_return,0,0,0,0,0,500000,0.017292,0.00,0.0000,500000
rust,enumeration_optimized_noble,0,0,0,0,0,100000,0.000326,0.00,0.0000,100000
rust,enumeration_optimized_terminal,0,0,0,0,0,0,0.000000,0.00,0.0000,0
rust,cached_membership,0,0,0,0,0,0,0.034279,0.00,0.0000,12300000
rust,cached_clone_checked_apply,0,0,0,0,12300000,0,0.159248,0.00,0.0000,12300000
rust,cached_clone_only,0,0,0,0,0,0,0.049892,0.00,0.0000,12300000
rust,enumeration_reference_main,1,0,0,0,0,7000000,0.256210,0.00,0.0000,7000000
rust,enumeration_reference_payment,1,0,0,0,0,4700000,0.095449,0.00,0.0000,4700000
rust,enumeration_reference_return,1,0,0,0,0,500000,0.017339,0.00,0.0000,500000
rust,enumeration_reference_noble,1,0,0,0,0,100000,0.000385,0.00,0.0000,100000
rust,enumeration_reference_terminal,1,0,0,0,0,0,0.000000,0.00,0.0000,0
rust,enumeration_optimized_main,1,0,0,0,0,7000000,0.123054,0.00,0.0000,7000000
rust,enumeration_optimized_payment,1,0,0,0,0,4700000,0.023272,0.00,0.0000,4700000
rust,enumeration_optimized_return,1,0,0,0,0,500000,0.017550,0.00,0.0000,500000
rust,enumeration_optimized_noble,1,0,0,0,0,100000,0.000323,0.00,0.0000,100000
rust,enumeration_optimized_terminal,1,0,0,0,0,0,0.000000,0.00,0.0000,0
rust,cached_membership,1,0,0,0,0,0,0.034379,0.00,0.0000,12300000
rust,cached_clone_checked_apply,1,0,0,0,12300000,0,0.157770,0.00,0.0000,12300000
rust,cached_clone_only,1,0,0,0,0,0,0.048117,0.00,0.0000,12300000
rust,enumeration_reference_main,2,0,0,0,0,7000000,0.262628,0.00,0.0000,7000000
rust,enumeration_reference_payment,2,0,0,0,0,4700000,0.095632,0.00,0.0000,4700000
rust,enumeration_reference_return,2,0,0,0,0,500000,0.017431,0.00,0.0000,500000
rust,enumeration_reference_noble,2,0,0,0,0,100000,0.000366,0.00,0.0000,100000
rust,enumeration_reference_terminal,2,0,0,0,0,0,0.000000,0.00,0.0000,0
rust,enumeration_optimized_main,2,0,0,0,0,7000000,0.122430,0.00,0.0000,7000000
rust,enumeration_optimized_payment,2,0,0,0,0,4700000,0.023226,0.00,0.0000,4700000
rust,enumeration_optimized_return,2,0,0,0,0,500000,0.017204,0.00,0.0000,500000
rust,enumeration_optimized_noble,2,0,0,0,0,100000,0.000329,0.00,0.0000,100000
rust,enumeration_optimized_terminal,2,0,0,0,0,0,0.000000,0.00,0.0000,0
rust,cached_membership,2,0,0,0,0,0,0.036444,0.00,0.0000,12300000
rust,cached_clone_checked_apply,2,0,0,0,12300000,0,0.165906,0.00,0.0000,12300000
rust,cached_clone_only,2,0,0,0,0,0,0.049163,0.00,0.0000,12300000
rust,enumeration_reference_main,3,0,0,0,0,7000000,0.254943,0.00,0.0000,7000000
rust,enumeration_reference_payment,3,0,0,0,0,4700000,0.101114,0.00,0.0000,4700000
rust,enumeration_reference_return,3,0,0,0,0,500000,0.019890,0.00,0.0000,500000
rust,enumeration_reference_noble,3,0,0,0,0,100000,0.000419,0.00,0.0000,100000
rust,enumeration_reference_terminal,3,0,0,0,0,0,0.000000,0.00,0.0000,0
rust,enumeration_optimized_main,3,0,0,0,0,7000000,0.126498,0.00,0.0000,7000000
rust,enumeration_optimized_payment,3,0,0,0,0,4700000,0.023107,0.00,0.0000,4700000
rust,enumeration_optimized_return,3,0,0,0,0,500000,0.017301,0.00,0.0000,500000
rust,enumeration_optimized_noble,3,0,0,0,0,100000,0.000326,0.00,0.0000,100000
rust,enumeration_optimized_terminal,3,0,0,0,0,0,0.000000,0.00,0.0000,0
rust,cached_membership,3,0,0,0,0,0,0.033636,0.00,0.0000,12300000
rust,cached_clone_checked_apply,3,0,0,0,12300000,0,0.157154,0.00,0.0000,12300000
rust,cached_clone_only,3,0,0,0,0,0,0.051854,0.00,0.0000,12300000
rust,enumeration_reference_main,4,0,0,0,0,7000000,0.255578,0.00,0.0000,7000000
rust,enumeration_reference_payment,4,0,0,0,0,4700000,0.095430,0.00,0.0000,4700000
rust,enumeration_reference_return,4,0,0,0,0,500000,0.017307,0.00,0.0000,500000
rust,enumeration_reference_noble,4,0,0,0,0,100000,0.000368,0.00,0.0000,100000
rust,enumeration_reference_terminal,4,0,0,0,0,0,0.000000,0.00,0.0000,0
rust,enumeration_optimized_main,4,0,0,0,0,7000000,0.126033,0.00,0.0000,7000000
rust,enumeration_optimized_payment,4,0,0,0,0,4700000,0.023035,0.00,0.0000,4700000
rust,enumeration_optimized_return,4,0,0,0,0,500000,0.016950,0.00,0.0000,500000
rust,enumeration_optimized_noble,4,0,0,0,0,100000,0.000322,0.00,0.0000,100000
rust,enumeration_optimized_terminal,4,0,0,0,0,0,0.000000,0.00,0.0000,0
rust,cached_membership,4,0,0,0,0,0,0.032991,0.00,0.0000,12300000
rust,cached_clone_checked_apply,4,0,0,0,12300000,0,0.159089,0.00,0.0000,12300000
rust,cached_clone_only,4,0,0,0,0,0,0.050751,0.00,0.0000,12300000
rust,enumeration_reference_main,5,0,0,0,0,7000000,0.254980,0.00,0.0000,7000000
rust,enumeration_reference_payment,5,0,0,0,0,4700000,0.104224,0.00,0.0000,4700000
rust,enumeration_reference_return,5,0,0,0,0,500000,0.019450,0.00,0.0000,500000
rust,enumeration_reference_noble,5,0,0,0,0,100000,0.000432,0.00,0.0000,100000
rust,enumeration_reference_terminal,5,0,0,0,0,0,0.000000,0.00,0.0000,0
rust,enumeration_optimized_main,5,0,0,0,0,7000000,0.132949,0.00,0.0000,7000000
rust,enumeration_optimized_payment,5,0,0,0,0,4700000,0.023664,0.00,0.0000,4700000
rust,enumeration_optimized_return,5,0,0,0,0,500000,0.017273,0.00,0.0000,500000
rust,enumeration_optimized_noble,5,0,0,0,0,100000,0.000313,0.00,0.0000,100000
rust,enumeration_optimized_terminal,5,0,0,0,0,0,0.000000,0.00,0.0000,0
rust,cached_membership,5,0,0,0,0,0,0.034641,0.00,0.0000,12300000
rust,cached_clone_checked_apply,5,0,0,0,12300000,0,0.161234,0.00,0.0000,12300000
rust,cached_clone_only,5,0,0,0,0,0,0.046474,0.00,0.0000,12300000
rust,enumeration_reference_main,6,0,0,0,0,7000000,0.248694,0.00,0.0000,7000000
rust,enumeration_reference_payment,6,0,0,0,0,4700000,0.096275,0.00,0.0000,4700000
rust,enumeration_reference_return,6,0,0,0,0,500000,0.017566,0.00,0.0000,500000
rust,enumeration_reference_noble,6,0,0,0,0,100000,0.000354,0.00,0.0000,100000
rust,enumeration_reference_terminal,6,0,0,0,0,0,0.000000,0.00,0.0000,0
rust,enumeration_optimized_main,6,0,0,0,0,7000000,0.123382,0.00,0.0000,7000000
rust,enumeration_optimized_payment,6,0,0,0,0,4700000,0.023101,0.00,0.0000,4700000
rust,enumeration_optimized_return,6,0,0,0,0,500000,0.017277,0.00,0.0000,500000
rust,enumeration_optimized_noble,6,0,0,0,0,100000,0.000309,0.00,0.0000,100000
rust,enumeration_optimized_terminal,6,0,0,0,0,0,0.000000,0.00,0.0000,0
rust,cached_membership,6,0,0,0,0,0,0.033388,0.00,0.0000,12300000
rust,cached_clone_checked_apply,6,0,0,0,12300000,0,0.158652,0.00,0.0000,12300000
rust,cached_clone_only,6,0,0,0,0,0,0.047056,0.00,0.0000,12300000
