engine,workload,repeat,replayed_games,complete_turns,canonical_actions,native_apply_calls,legal_enumerations,seconds,turns_per_second,games_per_second,operation_count
rust,full_new_buffer_checked,0,100000,6800000,11700000,11700000,11700000,0.490700,13857764.82,203790.6591,11700000
rust,full_new_buffer_checked,1,100000,6800000,11700000,11700000,11700000,0.505022,13464764.40,198011.2412,11700000
rust,full_new_buffer_checked,2,100000,6800000,11700000,11700000,11700000,0.508342,13376818.91,196717.9251,11700000
rust,full_new_buffer_checked,3,100000,6800000,11700000,11700000,11700000,0.511593,13291811.64,195467.8183,11700000
rust,full_new_buffer_checked,4,100000,6800000,11700000,11700000,11700000,0.501538,13558305.93,199386.8519,11700000
rust,full_new_buffer_checked,5,100000,6800000,11700000,11700000,11700000,0.502969,13519708.69,198819.2455,11700000
rust,full_new_buffer_checked,6,100000,6800000,11700000,11700000,11700000,0.495525,13722811.17,201806.0467,11700000
rust,full_reused_buffer_checked,0,100000,6800000,11700000,11700000,11700000,0.491803,13826663.96,203333.2935,11700000
rust,full_reused_buffer_checked,1,100000,6800000,11700000,11700000,11700000,0.506129,13435306.65,197578.0390,11700000
rust,full_reused_buffer_checked,2,100000,6800000,11700000,11700000,11700000,0.497698,13662912.03,200925.1769,11700000
rust,full_reused_buffer_checked,3,100000,6800000,11700000,11700000,11700000,0.493581,13776860.45,202600.8889,11700000
rust,full_reused_buffer_checked,4,100000,6800000,11700000,11700000,11700000,0.494763,13743962.26,202117.0921,11700000
rust,full_reused_buffer_checked,5,100000,6800000,11700000,11700000,11700000,0.491476,13835883.35,203468.8729,11700000
rust,full_reused_buffer_checked,6,100000,6800000,11700000,11700000,11700000,0.488552,13918669.07,204686.3098,11700000
rust,full_checked_apply_only,0,100000,6800000,11700000,11700000,0,0.094891,71661231.81,1053841.6443,11700000
rust,full_checked_apply_only,1,100000,6800000,11700000,11700000,0,0.094947,71619186.04,1053223.3242,11700000
rust,full_checked_apply_only,2,100000,6800000,11700000,11700000,0,0.095880,70922016.88,1042970.8365,11700000
rust,full_checked_apply_only,3,100000,6800000,11700000,11700000,0,0.094472,71979220.78,1058517.9527,11700000
rust,full_checked_apply_only,4,100000,6800000,11700000,11700000,0,0.095556,71162770.26,1046511.3273,11700000
rust,full_checked_apply_only,5,100000,6800000,11700000,11700000,0,0.098995,68690251.16,1010150.7524,11700000
rust,full_checked_apply_only,6,100000,6800000,11700000,11700000,0,0.095044,71545528.08,1052140.1188,11700000
rust,full_trace_traversal_clone,0,0,0,0,0,0,0.004247,0.00,0.0000,11700000
rust,full_trace_traversal_clone,1,0,0,0,0,0,0.004279,0.00,0.0000,11700000
rust,full_trace_traversal_clone,2,0,0,0,0,0,0.004116,0.00,0.0000,11700000
rust,full_trace_traversal_clone,3,0,0,0,0,0,0.004116,0.00,0.0000,11700000
rust,full_trace_traversal_clone,4,0,0,0,0,0,0.004224,0.00,0.0000,11700000
rust,full_trace_traversal_clone,5,0,0,0,0,0,0.004177,0.00,0.0000,11700000
rust,full_trace_traversal_clone,6,0,0,0,0,0,0.004094,0.00,0.0000,11700000
rust,full_optimized_enum_checked,0,100000,6800000,11700000,11700000,11700000,0.279809,24302291.92,357386.6459,11700000
rust,full_optimized_enum_checked,1,100000,6800000,11700000,11700000,11700000,0.265350,25626490.82,376860.1591,11700000
rust,full_optimized_enum_checked,2,100000,6800000,11700000,11700000,11700000,0.259934,26160449.15,384712.4875,11700000
rust,full_optimized_enum_checked,3,100000,6800000,11700000,11700000,11700000,0.260084,26145361.48,384490.6100,11700000
rust,full_optimized_enum_checked,4,100000,6800000,11700000,11700000,11700000,0.259372,26217195.97,385546.9996,11700000
rust,full_optimized_enum_checked,5,100000,6800000,11700000,11700000,11700000,0.259434,26210880.02,385454.1180,11700000
rust,full_optimized_enum_checked,6,100000,6800000,11700000,11700000,11700000,0.258807,26274392.56,386388.1259,11700000
rust,full_optimized_reused_checked,0,100000,6800000,11700000,11700000,11700000,0.307942,22082107.28,324736.8718,11700000
rust,full_optimized_reused_checked,1,100000,6800000,11700000,11700000,11700000,0.303176,22429231.49,329841.6396,11700000
rust,full_optimized_reused_checked,2,100000,6800000,11700000,11700000,11700000,0.330269,20589305.78,302783.9085,11700000
rust,full_optimized_reused_checked,3,100000,6800000,11700000,11700000,11700000,0.315355,21562971.91,317102.5282,11700000
rust,full_optimized_reused_checked,4,100000,6800000,11700000,11700000,11700000,0.308510,22041436.77,324138.7761,11700000
rust,full_optimized_reused_checked,5,100000,6800000,11700000,11700000,11700000,0.304337,22343642.76,328582.9818,11700000
rust,full_optimized_reused_checked,6,100000,6800000,11700000,11700000,11700000,0.306245,22204419.94,326535.5873,11700000
rust,full_validated_decision,0,100000,6800000,11700000,11700000,11700000,0.222340,30583796.37,449761.7113,11700000
rust,full_validated_decision,1,100000,6800000,11700000,11700000,11700000,0.219261,31013296.71,456077.8929,11700000
rust,full_validated_decision,2,100000,6800000,11700000,11700000,11700000,0.219300,31007693.12,455995.4870,11700000
rust,full_validated_decision,3,100000,6800000,11700000,11700000,11700000,0.223231,30461707.56,447966.2877,11700000
rust,full_validated_decision,4,100000,6800000,11700000,11700000,11700000,0.222397,30575963.56,449646.5230,11700000
rust,full_validated_decision,5,100000,6800000,11700000,11700000,11700000,0.224869,30239845.33,444703.6078,11700000
rust,full_validated_decision,6,100000,6800000,11700000,11700000,11700000,0.223076,30482896.10,448277.8838,11700000
rust,enumeration_reference_main,0,0,0,0,0,6800000,0.288228,0.00,0.0000,6800000
rust,enumeration_reference_payment,0,0,0,0,0,4600000,0.091761,0.00,0.0000,4600000
rust,enumeration_reference_return,0,0,0,0,0,200000,0.007093,0.00,0.0000,200000
rust,enumeration_reference_noble,0,0,0,0,0,100000,0.000368,0.00,0.0000,100000
rust,enumeration_reference_terminal,0,0,0,0,0,0,0.000000,0.00,0.0000,0
rust,enumeration_optimized_main,0,0,0,0,0,6800000,0.121666,0.00,0.0000,6800000
rust,enumeration_optimized_payment,0,0,0,0,0,4600000,0.020330,0.00,0.0000,4600000
rust,enumeration_optimized_return,0,0,0,0,0,200000,0.007721,0.00,0.0000,200000
rust,enumeration_optimized_noble,0,0,0,0,0,100000,0.000330,0.00,0.0000,100000
rust,enumeration_optimized_terminal,0,0,0,0,0,0,0.000000,0.00,0.0000,0
rust,cached_membership,0,0,0,0,0,0,0.032320,0.00,0.0000,11700000
rust,cached_clone_checked_apply,0,0,0,0,11700000,0,0.154822,0.00,0.0000,11700000
rust,cached_clone_only,0,0,0,0,0,0,0.047463,0.00,0.0000,11700000
rust,enumeration_reference_main,1,0,0,0,0,6800000,0.264461,0.00,0.0000,6800000
rust,enumeration_reference_payment,1,0,0,0,0,4600000,0.091823,0.00,0.0000,4600000
rust,enumeration_reference_return,1,0,0,0,0,200000,0.006989,0.00,0.0000,200000
rust,enumeration_reference_noble,1,0,0,0,0,100000,0.000343,0.00,0.0000,100000
rust,enumeration_reference_terminal,1,0,0,0,0,0,0.000000,0.00,0.0000,0
rust,enumeration_optimized_main,1,0,0,0,0,6800000,0.120551,0.00,0.0000,6800000
rust,enumeration_optimized_payment,1,0,0,0,0,4600000,0.019606,0.00,0.0000,4600000
rust,enumeration_optimized_return,1,0,0,0,0,200000,0.007056,0.00,0.0000,200000
rust,enumeration_optimized_noble,1,0,0,0,0,100000,0.000327,0.00,0.0000,100000
rust,enumeration_optimized_terminal,1,0,0,0,0,0,0.000000,0.00,0.0000,0
rust,cached_membership,1,0,0,0,0,0,0.031305,0.00,0.0000,11700000
rust,cached_clone_checked_apply,1,0,0,0,11700000,0,0.149797,0.00,0.0000,11700000
rust,cached_clone_only,1,0,0,0,0,0,0.046028,0.00,0.0000,11700000
rust,enumeration_reference_main,2,0,0,0,0,6800000,0.268520,0.00,0.0000,6800000
rust,enumeration_reference_payment,2,0,0,0,0,4600000,0.092547,0.00,0.0000,4600000
rust,enumeration_reference_return,2,0,0,0,0,200000,0.006835,0.00,0.0000,200000
rust,enumeration_reference_noble,2,0,0,0,0,100000,0.000371,0.00,0.0000,100000
rust,enumeration_reference_terminal,2,0,0,0,0,0,0.000000,0.00,0.0000,0
rust,enumeration_optimized_main,2,0,0,0,0,6800000,0.120619,0.00,0.0000,6800000
rust,enumeration_optimized_payment,2,0,0,0,0,4600000,0.019475,0.00,0.0000,4600000
rust,enumeration_optimized_return,2,0,0,0,0,200000,0.006987,0.00,0.0000,200000
rust,enumeration_optimized_noble,2,0,0,0,0,100000,0.000323,0.00,0.0000,100000
rust,enumeration_optimized_terminal,2,0,0,0,0,0,0.000000,0.00,0.0000,0
rust,cached_membership,2,0,0,0,0,0,0.030812,0.00,0.0000,11700000
rust,cached_clone_checked_apply,2,0,0,0,11700000,0,0.149160,0.00,0.0000,11700000
rust,cached_clone_only,2,0,0,0,0,0,0.043985,0.00,0.0000,11700000
rust,enumeration_reference_main,3,0,0,0,0,6800000,0.273732,0.00,0.0000,6800000
rust,enumeration_reference_payment,3,0,0,0,0,4600000,0.091837,0.00,0.0000,4600000
rust,enumeration_reference_return,3,0,0,0,0,200000,0.007025,0.00,0.0000,200000
rust,enumeration_reference_noble,3,0,0,0,0,100000,0.000375,0.00,0.0000,100000
rust,enumeration_reference_terminal,3,0,0,0,0,0,0.000000,0.00,0.0000,0
rust,enumeration_optimized_main,3,0,0,0,0,6800000,0.122055,0.00,0.0000,6800000
rust,enumeration_optimized_payment,3,0,0,0,0,4600000,0.019457,0.00,0.0000,4600000
rust,enumeration_optimized_return,3,0,0,0,0,200000,0.007026,0.00,0.0000,200000
rust,enumeration_optimized_noble,3,0,0,0,0,100000,0.000323,0.00,0.0000,100000
rust,enumeration_optimized_terminal,3,0,0,0,0,0,0.000000,0.00,0.0000,0
rust,cached_membership,3,0,0,0,0,0,0.030637,0.00,0.0000,11700000
rust,cached_clone_checked_apply,3,0,0,0,11700000,0,0.155906,0.00,0.0000,11700000
rust,cached_clone_only,3,0,0,0,0,0,0.047150,0.00,0.0000,11700000
rust,enumeration_reference_main,4,0,0,0,0,6800000,0.273662,0.00,0.0000,6800000
rust,enumeration_reference_payment,4,0,0,0,0,4600000,0.093579,0.00,0.0000,4600000
rust,enumeration_reference_return,4,0,0,0,0,200000,0.007013,0.00,0.0000,200000
rust,enumeration_reference_noble,4,0,0,0,0,100000,0.000378,0.00,0.0000,100000
rust,enumeration_reference_terminal,4,0,0,0,0,0,0.000000,0.00,0.0000,0
rust,enumeration_optimized_main,4,0,0,0,0,6800000,0.120330,0.00,0.0000,6800000
rust,enumeration_optimized_payment,4,0,0,0,0,4600000,0.019310,0.00,0.0000,4600000
rust,enumeration_optimized_return,4,0,0,0,0,200000,0.007379,0.00,0.0000,200000
rust,enumeration_optimized_noble,4,0,0,0,0,100000,0.000328,0.00,0.0000,100000
rust,enumeration_optimized_terminal,4,0,0,0,0,0,0.000000,0.00,0.0000,0
rust,cached_membership,4,0,0,0,0,0,0.034494,0.00,0.0000,11700000
rust,cached_clone_checked_apply,4,0,0,0,11700000,0,0.160510,0.00,0.0000,11700000
rust,cached_clone_only,4,0,0,0,0,0,0.051329,0.00,0.0000,11700000
rust,enumeration_reference_main,5,0,0,0,0,6800000,0.280090,0.00,0.0000,6800000
rust,enumeration_reference_payment,5,0,0,0,0,4600000,0.093653,0.00,0.0000,4600000
rust,enumeration_reference_return,5,0,0,0,0,200000,0.007322,0.00,0.0000,200000
rust,enumeration_reference_noble,5,0,0,0,0,100000,0.000377,0.00,0.0000,100000
rust,enumeration_reference_terminal,5,0,0,0,0,0,0.000000,0.00,0.0000,0
rust,enumeration_optimized_main,5,0,0,0,0,6800000,0.122550,0.00,0.0000,6800000
rust,enumeration_optimized_payment,5,0,0,0,0,4600000,0.019602,0.00,0.0000,4600000
rust,enumeration_optimized_return,5,0,0,0,0,200000,0.007237,0.00,0.0000,200000
rust,enumeration_optimized_noble,5,0,0,0,0,100000,0.000335,0.00,0.0000,100000
rust,enumeration_optimized_terminal,5,0,0,0,0,0,0.000000,0.00,0.0000,0
rust,cached_membership,5,0,0,0,0,0,0.031533,0.00,0.0000,11700000
rust,cached_clone_checked_apply,5,0,0,0,11700000,0,0.151214,0.00,0.0000,11700000
rust,cached_clone_only,5,0,0,0,0,0,0.047193,0.00,0.0000,11700000
rust,enumeration_reference_main,6,0,0,0,0,6800000,0.269318,0.00,0.0000,6800000
rust,enumeration_reference_payment,6,0,0,0,0,4600000,0.092120,0.00,0.0000,4600000
rust,enumeration_reference_return,6,0,0,0,0,200000,0.007018,0.00,0.0000,200000
rust,enumeration_reference_noble,6,0,0,0,0,100000,0.000372,0.00,0.0000,100000
rust,enumeration_reference_terminal,6,0,0,0,0,0,0.000000,0.00,0.0000,0
rust,enumeration_optimized_main,6,0,0,0,0,6800000,0.121827,0.00,0.0000,6800000
rust,enumeration_optimized_payment,6,0,0,0,0,4600000,0.019483,0.00,0.0000,4600000
rust,enumeration_optimized_return,6,0,0,0,0,200000,0.006952,0.00,0.0000,200000
rust,enumeration_optimized_noble,6,0,0,0,0,100000,0.000322,0.00,0.0000,100000
rust,enumeration_optimized_terminal,6,0,0,0,0,0,0.000000,0.00,0.0000,0
rust,cached_membership,6,0,0,0,0,0,0.031215,0.00,0.0000,11700000
rust,cached_clone_checked_apply,6,0,0,0,11700000,0,0.150657,0.00,0.0000,11700000
rust,cached_clone_only,6,0,0,0,0,0,0.044597,0.00,0.0000,11700000
