engine,workload,repeat,replayed_games,complete_turns,canonical_actions,native_apply_calls,legal_enumerations,seconds,turns_per_second,games_per_second,operation_count
rust,full_new_buffer_checked,0,100000,6200000,10500000,10500000,10500000,0.423428,14642404.99,236167.8225,10500000
rust,full_new_buffer_checked,1,100000,6200000,10500000,10500000,10500000,0.398064,15575370.19,251215.6482,10500000
rust,full_new_buffer_checked,2,100000,6200000,10500000,10500000,10500000,0.417220,14860261.12,239681.6309,10500000
rust,full_new_buffer_checked,3,100000,6200000,10500000,10500000,10500000,0.400671,15474024.61,249581.0420,10500000
rust,full_new_buffer_checked,4,100000,6200000,10500000,10500000,10500000,0.420989,14727216.91,237535.7566,10500000
rust,full_new_buffer_checked,5,100000,6200000,10500000,10500000,10500000,0.401371,15447060.03,249146.1295,10500000
rust,full_new_buffer_checked,6,100000,6200000,10500000,10500000,10500000,0.399469,15520589.03,250332.0812,10500000
rust,full_reused_buffer_checked,0,100000,6200000,10500000,10500000,10500000,0.400784,15469660.13,249510.6472,10500000
rust,full_reused_buffer_checked,1,100000,6200000,10500000,10500000,10500000,0.422942,14659203.08,236438.7594,10500000
rust,full_reused_buffer_checked,2,100000,6200000,10500000,10500000,10500000,0.396331,15643483.36,252314.2477,10500000
rust,full_reused_buffer_checked,3,100000,6200000,10500000,10500000,10500000,0.395855,15662282.47,252617.4592,10500000
rust,full_reused_buffer_checked,4,100000,6200000,10500000,10500000,10500000,0.394871,15701323.67,253247.1559,10500000
rust,full_reused_buffer_checked,5,100000,6200000,10500000,10500000,10500000,0.397211,15608829.28,251755.3110,10500000
rust,full_reused_buffer_checked,6,100000,6200000,10500000,10500000,10500000,0.394355,15721883.25,253578.7621,10500000
rust,full_checked_apply_only,0,100000,6200000,10500000,10500000,0,0.085123,72835885.77,1174772.3511,10500000
rust,full_checked_apply_only,1,100000,6200000,10500000,10500000,0,0.084013,73798138.69,1190292.5595,10500000
rust,full_checked_apply_only,2,100000,6200000,10500000,10500000,0,0.084540,73338353.70,1182876.6726,10500000
rust,full_checked_apply_only,3,100000,6200000,10500000,10500000,0,0.086065,72038889.38,1161917.5707,10500000
rust,full_checked_apply_only,4,100000,6200000,10500000,10500000,0,0.085023,72921802.43,1176158.1038,10500000
rust,full_checked_apply_only,5,100000,6200000,10500000,10500000,0,0.084509,73365112.02,1183308.2584,10500000
rust,full_checked_apply_only,6,100000,6200000,10500000,10500000,0,0.086461,71708458.30,1156588.0371,10500000
rust,full_trace_traversal_clone,0,0,0,0,0,0,0.004098,0.00,0.0000,10500000
rust,full_trace_traversal_clone,1,0,0,0,0,0,0.004090,0.00,0.0000,10500000
rust,full_trace_traversal_clone,2,0,0,0,0,0,0.004352,0.00,0.0000,10500000
rust,full_trace_traversal_clone,3,0,0,0,0,0,0.004118,0.00,0.0000,10500000
rust,full_trace_traversal_clone,4,0,0,0,0,0,0.004586,0.00,0.0000,10500000
rust,full_trace_traversal_clone,5,0,0,0,0,0,0.004367,0.00,0.0000,10500000
rust,full_trace_traversal_clone,6,0,0,0,0,0,0.004541,0.00,0.0000,10500000
rust,full_optimized_enum_checked,0,100000,6200000,10500000,10500000,10500000,0.221867,27944669.55,450720.4767,10500000
rust,full_optimized_enum_checked,1,100000,6200000,10500000,10500000,10500000,0.224479,27619535.66,445476.3816,10500000
rust,full_optimized_enum_checked,2,100000,6200000,10500000,10500000,10500000,0.226050,27427565.37,442380.0866,10500000
rust,full_optimized_enum_checked,3,100000,6200000,10500000,10500000,10500000,0.223921,27688290.14,446585.3249,10500000
rust,full_optimized_enum_checked,4,100000,6200000,10500000,10500000,10500000,0.226417,27383072.62,441662.4617,10500000
rust,full_optimized_enum_checked,5,100000,6200000,10500000,10500000,10500000,0.226586,27362674.12,441333.4535,10500000
rust,full_optimized_enum_checked,6,100000,6200000,10500000,10500000,10500000,0.228710,27108570.41,437235.0066,10500000
rust,full_optimized_reused_checked,0,100000,6200000,10500000,10500000,10500000,0.263927,23491325.60,378892.3483,10500000
rust,full_optimized_reused_checked,1,100000,6200000,10500000,10500000,10500000,0.261846,23678081.18,381904.5352,10500000
rust,full_optimized_reused_checked,2,100000,6200000,10500000,10500000,10500000,0.263356,23542292.30,379714.3920,10500000
rust,full_optimized_reused_checked,3,100000,6200000,10500000,10500000,10500000,0.265312,23368694.74,376914.4313,10500000
rust,full_optimized_reused_checked,4,100000,6200000,10500000,10500000,10500000,0.281690,22010014.21,355000.2292,10500000
rust,full_optimized_reused_checked,5,100000,6200000,10500000,10500000,10500000,0.268685,23075323.46,372182.6365,10500000
rust,full_optimized_reused_checked,6,100000,6200000,10500000,10500000,10500000,0.266446,23269211.64,375309.8652,10500000
rust,full_validated_decision,0,100000,6200000,10500000,10500000,10500000,0.197622,31373097.98,506017.7093,10500000
rust,full_validated_decision,1,100000,6200000,10500000,10500000,10500000,0.198668,31207850.84,503352.4329,10500000
rust,full_validated_decision,2,100000,6200000,10500000,10500000,10500000,0.198248,31273973.14,504418.9216,10500000
rust,full_validated_decision,3,100000,6200000,10500000,10500000,10500000,0.198047,31305634.25,504929.5846,10500000
rust,full_validated_decision,4,100000,6200000,10500000,10500000,10500000,0.212236,29212694.33,471172.4892,10500000
rust,full_validated_decision,5,100000,6200000,10500000,10500000,10500000,0.190247,32589205.78,525632.3512,10500000
rust,full_validated_decision,6,100000,6200000,10500000,10500000,10500000,0.193749,32000123.87,516131.0302,10500000
rust,enumeration_reference_main,0,0,0,0,0,6200000,0.227046,0.00,0.0000,6200000
rust,enumeration_reference_payment,0,0,0,0,0,4000000,0.077139,0.00,0.0000,4000000
rust,enumeration_reference_return,0,0,0,0,0,200000,0.006762,0.00,0.0000,200000
rust,enumeration_reference_noble,0,0,0,0,0,100000,0.000357,0.00,0.0000,100000
rust,enumeration_reference_terminal,0,0,0,0,0,0,0.000000,0.00,0.0000,0
rust,enumeration_optimized_main,0,0,0,0,0,6200000,0.109504,0.00,0.0000,6200000
rust,enumeration_optimized_payment,0,0,0,0,0,4000000,0.015959,0.00,0.0000,4000000
rust,enumeration_optimized_return,0,0,0,0,0,200000,0.006710,0.00,0.0000,200000
rust,enumeration_optimized_noble,0,0,0,0,0,100000,0.000315,0.00,0.0000,100000
rust,enumeration_optimized_terminal,0,0,0,0,0,0,0.000000,0.00,0.0000,0
rust,cached_membership,0,0,0,0,0,0,0.025160,0.00,0.0000,10500000
rust,cached_clone_checked_apply,0,0,0,0,10500000,0,0.135973,0.00,0.0000,10500000
rust,cached_clone_only,0,0,0,0,0,0,0.040582,0.00,0.0000,10500000
rust,enumeration_reference_main,1,0,0,0,0,6200000,0.230431,0.00,0.0000,6200000
rust,enumeration_reference_payment,1,0,0,0,0,4000000,0.077891,0.00,0.0000,4000000
rust,enumeration_reference_return,1,0,0,0,0,200000,0.006787,0.00,0.0000,200000
rust,enumeration_reference_noble,1,0,0,0,0,100000,0.000381,0.00,0.0000,100000
rust,enumeration_reference_terminal,1,0,0,0,0,0,0.000000,0.00,0.0000,0
rust,enumeration_optimized_main,1,0,0,0,0,6200000,0.121913,0.00,0.0000,6200000
rust,enumeration_optimized_payment,1,0,0,0,0,4000000,0.017163,0.00,0.0000,4000000
rust,enumeration_optimized_return,1,0,0,0,0,200000,0.006929,0.00,0.0000,200000
rust,enumeration_optimized_noble,1,0,0,0,0,100000,0.000317,0.00,0.0000,100000
rust,enumeration_optimized_terminal,1,0,0,0,0,0,0.000000,0.00,0.0000,0
rust,cached_membership,1,0,0,0,0,0,0.028121,0.00,0.0000,10500000
rust,cached_clone_checked_apply,1,0,0,0,10500000,0,0.138194,0.00,0.0000,10500000
rust,cached_clone_only,1,0,0,0,0,0,0.046213,0.00,0.0000,10500000
rust,enumeration_reference_main,2,0,0,0,0,6200000,0.225901,0.00,0.0000,6200000
rust,enumeration_reference_payment,2,0,0,0,0,4000000,0.077923,0.00,0.0000,4000000
rust,enumeration_reference_return,2,0,0,0,0,200000,0.007002,0.00,0.0000,200000
rust,enumeration_reference_noble,2,0,0,0,0,100000,0.000419,0.00,0.0000,100000
rust,enumeration_reference_terminal,2,0,0,0,0,0,0.000000,0.00,0.0000,0
rust,enumeration_optimized_main,2,0,0,0,0,6200000,0.109265,0.00,0.0000,6200000
rust,enumeration_optimized_payment,2,0,0,0,0,4000000,0.016440,0.00,0.0000,4000000
rust,enumeration_optimized_return,2,0,0,0,0,200000,0.006684,0.00,0.0000,200000
rust,enumeration_optimized_noble,2,0,0,0,0,100000,0.000308,0.00,0.0000,100000
rust,enumeration_optimized_terminal,2,0,0,0,0,0,0.000000,0.00,0.0000,0
rust,cached_membership,2,0,0,0,0,0,0.025538,0.00,0.0000,10500000
rust,cached_clone_checked_apply,2,0,0,0,10500000,0,0.137223,0.00,0.0000,10500000
rust,cached_clone_only,2,0,0,0,0,0,0.042518,0.00,0.0000,10500000
rust,enumeration_reference_main,3,0,0,0,0,6200000,0.223990,0.00,0.0000,6200000
rust,enumeration_reference_payment,3,0,0,0,0,4000000,0.078444,0.00,0.0000,4000000
rust,enumeration_reference_return,3,0,0,0,0,200000,0.006696,0.00,0.0000,200000
rust,enumeration_reference_noble,3,0,0,0,0,100000,0.000342,0.00,0.0000,100000
rust,enumeration_reference_terminal,3,0,0,0,0,0,0.000000,0.00,0.0000,0
rust,enumeration_optimized_main,3,0,0,0,0,6200000,0.110379,0.00,0.0000,6200000
rust,enumeration_optimized_payment,3,0,0,0,0,4000000,0.015878,0.00,0.0000,4000000
rust,enumeration_optimized_return,3,0,0,0,0,200000,0.006917,0.00,0.0000,200000
rust,enumeration_optimized_noble,3,0,0,0,0,100000,0.000377,0.00,0.0000,100000
rust,enumeration_optimized_terminal,3,0,0,0,0,0,0.000000,0.00,0.0000,0
rust,cached_membership,3,0,0,0,0,0,0.025527,0.00,0.0000,10500000
rust,cached_clone_checked_apply,3,0,0,0,10500000,0,0.136971,0.00,0.0000,10500000
rust,cached_clone_only,3,0,0,0,0,0,0.040158,0.00,0.0000,10500000
rust,enumeration_reference_main,4,0,0,0,0,6200000,0.224347,0.00,0.0000,6200000
rust,enumeration_reference_payment,4,0,0,0,0,4000000,0.078302,0.00,0.0000,4000000
rust,enumeration_reference_return,4,0,0,0,0,200000,0.006804,0.00,0.0000,200000
rust,enumeration_reference_noble,4,0,0,0,0,100000,0.000384,0.00,0.0000,100000
rust,enumeration_reference_terminal,4,0,0,0,0,0,0.000000,0.00,0.0000,0
rust,enumeration_optimized_main,4,0,0,0,0,6200000,0.111534,0.00,0.0000,6200000
rust,enumeration_optimized_payment,4,0,0,0,0,4000000,0.016158,0.00,0.0000,4000000
rust,enumeration_optimized_return,4,0,0,0,0,200000,0.006848,0.00,0.0000,200000
rust,enumeration_optimized_noble,4,0,0,0,0,100000,0.000338,0.00,0.0000,100000
rust,enumeration_optimized_terminal,4,0,0,0,0,0,0.000000,0.00,0.0000,0
rust,cached_membership,4,0,0,0,0,0,0.025233,0.00,0.0000,10500000
rust,cached_clone_checked_apply,4,0,0,0,10500000,0,0.136857,0.00,0.0000,10500000
rust,cached_clone_only,4,0,0,0,0,0,0.040961,0.00,0.0000,10500000
rust,enumeration_reference_main,5,0,0,0,0,6200000,0.225634,0.00,0.0000,6200000
rust,enumeration_reference_payment,5,0,0,0,0,4000000,0.083195,0.00,0.0000,4000000
rust,enumeration_reference_return,5,0,0,0,0,200000,0.006847,0.00,0.0000,200000
rust,enumeration_reference_noble,5,0,0,0,0,100000,0.000329,0.00,0.0000,100000
rust,enumeration_reference_terminal,5,0,0,0,0,0,0.000000,0.00,0.0000,0
rust,enumeration_optimized_main,5,0,0,0,0,6200000,0.111604,0.00,0.0000,6200000
rust,enumeration_optimized_payment,5,0,0,0,0,4000000,0.015929,0.00,0.0000,4000000
rust,enumeration_optimized_return,5,0,0,0,0,200000,0.006622,0.00,0.0000,200000
rust,enumeration_optimized_noble,5,0,0,0,0,100000,0.000327,0.00,0.0000,100000
rust,enumeration_optimized_terminal,5,0,0,0,0,0,0.000000,0.00,0.0000,0
rust,cached_membership,5,0,0,0,0,0,0.024418,0.00,0.0000,10500000
rust,cached_clone_checked_apply,5,0,0,0,10500000,0,0.134148,0.00,0.0000,10500000
rust,cached_clone_only,5,0,0,0,0,0,0.044077,0.00,0.0000,10500000
rust,enumeration_reference_main,6,0,0,0,0,6200000,0.222535,0.00,0.0000,6200000
rust,enumeration_reference_payment,6,0,0,0,0,4000000,0.077543,0.00,0.0000,4000000
rust,enumeration_reference_return,6,0,0,0,0,200000,0.006766,0.00,0.0000,200000
rust,enumeration_reference_noble,6,0,0,0,0,100000,0.000362,0.00,0.0000,100000
rust,enumeration_reference_terminal,6,0,0,0,0,0,0.000000,0.00,0.0000,0
rust,enumeration_optimized_main,6,0,0,0,0,6200000,0.109731,0.00,0.0000,6200000
rust,enumeration_optimized_payment,6,0,0,0,0,4000000,0.016068,0.00,0.0000,4000000
rust,enumeration_optimized_return,6,0,0,0,0,200000,0.006768,0.00,0.0000,200000
rust,enumeration_optimized_noble,6,0,0,0,0,100000,0.000347,0.00,0.0000,100000
rust,enumeration_optimized_terminal,6,0,0,0,0,0,0.000000,0.00,0.0000,0
rust,cached_membership,6,0,0,0,0,0,0.025129,0.00,0.0000,10500000
rust,cached_clone_checked_apply,6,0,0,0,10500000,0,0.134147,0.00,0.0000,10500000
rust,cached_clone_only,6,0,0,0,0,0,0.039317,0.00,0.0000,10500000
