engine,workload,repeat,replayed_games,complete_turns,canonical_actions,native_apply_calls,legal_enumerations,seconds,turns_per_second,games_per_second,operation_count
rust,full_new_buffer_checked,0,100000,6400000,11300000,11300000,11300000,0.476449,13432702.67,209885.9793,11300000
rust,full_new_buffer_checked,1,100000,6400000,11300000,11300000,11300000,0.474905,13476381.84,210568.4663,11300000
rust,full_new_buffer_checked,2,100000,6400000,11300000,11300000,11300000,0.481795,13283647.65,207556.9945,11300000
rust,full_new_buffer_checked,3,100000,6400000,11300000,11300000,11300000,0.489212,13082258.44,204410.2881,11300000
rust,full_new_buffer_checked,4,100000,6400000,11300000,11300000,11300000,0.473742,13509466.52,211085.4144,11300000
rust,full_new_buffer_checked,5,100000,6400000,11300000,11300000,11300000,0.470630,13598805.16,212481.3306,11300000
rust,full_new_buffer_checked,6,100000,6400000,11300000,11300000,11300000,0.477079,13414976.04,209609.0006,11300000
rust,full_reused_buffer_checked,0,100000,6400000,11300000,11300000,11300000,0.485066,13194086.46,206157.6010,11300000
rust,full_reused_buffer_checked,1,100000,6400000,11300000,11300000,11300000,0.485619,13179043.55,205922.5555,11300000
rust,full_reused_buffer_checked,2,100000,6400000,11300000,11300000,11300000,0.469810,13622541.54,212852.2115,11300000
rust,full_reused_buffer_checked,3,100000,6400000,11300000,11300000,11300000,0.475906,13448046.80,210125.7312,11300000
rust,full_reused_buffer_checked,4,100000,6400000,11300000,11300000,11300000,0.489411,13076944.61,204327.2595,11300000
rust,full_reused_buffer_checked,5,100000,6400000,11300000,11300000,11300000,0.486597,13152560.97,205508.7652,11300000
rust,full_reused_buffer_checked,6,100000,6400000,11300000,11300000,11300000,0.489232,13081732.54,204402.0709,11300000
rust,full_checked_apply_only,0,100000,6400000,11300000,11300000,0,0.089542,71474506.56,1116789.1650,11300000
rust,full_checked_apply_only,1,100000,6400000,11300000,11300000,0,0.089479,71525028.84,1117578.5756,11300000
rust,full_checked_apply_only,2,100000,6400000,11300000,11300000,0,0.089104,71825946.07,1122280.4073,11300000
rust,full_checked_apply_only,3,100000,6400000,11300000,11300000,0,0.096167,66550751.89,1039855.4984,11300000
rust,full_checked_apply_only,4,100000,6400000,11300000,11300000,0,0.101149,63272836.92,988638.0769,11300000
rust,full_checked_apply_only,5,100000,6400000,11300000,11300000,0,0.089509,71500856.72,1117200.8862,11300000
rust,full_checked_apply_only,6,100000,6400000,11300000,11300000,0,0.089108,71822956.41,1122233.6939,11300000
rust,full_trace_traversal_clone,0,0,0,0,0,0,0.003880,0.00,0.0000,11300000
rust,full_trace_traversal_clone,1,0,0,0,0,0,0.003769,0.00,0.0000,11300000
rust,full_trace_traversal_clone,2,0,0,0,0,0,0.003471,0.00,0.0000,11300000
rust,full_trace_traversal_clone,3,0,0,0,0,0,0.003522,0.00,0.0000,11300000
rust,full_trace_traversal_clone,4,0,0,0,0,0,0.003555,0.00,0.0000,11300000
rust,full_trace_traversal_clone,5,0,0,0,0,0,0.003730,0.00,0.0000,11300000
rust,full_trace_traversal_clone,6,0,0,0,0,0,0.003815,0.00,0.0000,11300000
rust,full_optimized_enum_checked,0,100000,6400000,11300000,11300000,11300000,0.241054,26550026.32,414844.1612,11300000
rust,full_optimized_enum_checked,1,100000,6400000,11300000,11300000,11300000,0.239790,26690052.94,417032.0771,11300000
rust,full_optimized_enum_checked,2,100000,6400000,11300000,11300000,11300000,0.248586,25745647.45,402275.7415,11300000
rust,full_optimized_enum_checked,3,100000,6400000,11300000,11300000,11300000,0.244186,26209551.23,409524.2380,11300000
rust,full_optimized_enum_checked,4,100000,6400000,11300000,11300000,11300000,0.238150,26873776.71,419902.7610,11300000
rust,full_optimized_enum_checked,5,100000,6400000,11300000,11300000,11300000,0.239961,26670968.25,416733.8789,11300000
rust,full_optimized_enum_checked,6,100000,6400000,11300000,11300000,11300000,0.242345,26408668.72,412635.4487,11300000
rust,full_optimized_reused_checked,0,100000,6400000,11300000,11300000,11300000,0.283176,22600815.31,353137.7392,11300000
rust,full_optimized_reused_checked,1,100000,6400000,11300000,11300000,11300000,0.281111,22766797.29,355731.2077,11300000
rust,full_optimized_reused_checked,2,100000,6400000,11300000,11300000,11300000,0.285499,22416855.09,350263.3607,11300000
rust,full_optimized_reused_checked,3,100000,6400000,11300000,11300000,11300000,0.280471,22818751.69,356542.9952,11300000
rust,full_optimized_reused_checked,4,100000,6400000,11300000,11300000,11300000,0.275399,23239006.04,363109.4693,11300000
rust,full_optimized_reused_checked,5,100000,6400000,11300000,11300000,11300000,0.277067,23099133.75,360923.9649,11300000
rust,full_optimized_reused_checked,6,100000,6400000,11300000,11300000,11300000,0.279880,22866929.41,357295.7721,11300000
rust,full_validated_decision,0,100000,6400000,11300000,11300000,11300000,0.206442,31001393.35,484396.7711,11300000
rust,full_validated_decision,1,100000,6400000,11300000,11300000,11300000,0.212139,30168928.42,471389.5065,11300000
rust,full_validated_decision,2,100000,6400000,11300000,11300000,11300000,0.209406,30562699.80,477542.1844,11300000
rust,full_validated_decision,3,100000,6400000,11300000,11300000,11300000,0.212775,30078745.26,469980.3947,11300000
rust,full_validated_decision,4,100000,6400000,11300000,11300000,11300000,0.211139,30311850.88,473622.6700,11300000
rust,full_validated_decision,5,100000,6400000,11300000,11300000,11300000,0.209597,30534848.94,477107.0147,11300000
rust,full_validated_decision,6,100000,6400000,11300000,11300000,11300000,0.213016,30044656.22,469447.7534,11300000
rust,enumeration_reference_main,0,0,0,0,0,6400000,0.246509,0.00,0.0000,6400000
rust,enumeration_reference_payment,0,0,0,0,0,4900000,0.096267,0.00,0.0000,4900000
rust,enumeration_reference_return,0,0,0,0,0,0,0.000000,0.00,0.0000,0
rust,enumeration_reference_noble,0,0,0,0,0,0,0.000000,0.00,0.0000,0
rust,enumeration_reference_terminal,0,0,0,0,0,0,0.000000,0.00,0.0000,0
rust,enumeration_optimized_main,0,0,0,0,0,6400000,0.115521,0.00,0.0000,6400000
rust,enumeration_optimized_payment,0,0,0,0,0,4900000,0.018432,0.00,0.0000,4900000
rust,enumeration_optimized_return,0,0,0,0,0,0,0.000000,0.00,0.0000,0
rust,enumeration_optimized_noble,0,0,0,0,0,0,0.000000,0.00,0.0000,0
rust,enumeration_optimized_terminal,0,0,0,0,0,0,0.000000,0.00,0.0000,0
rust,cached_membership,0,0,0,0,0,0,0.037688,0.00,0.0000,11300000
rust,cached_clone_checked_apply,0,0,0,0,11300000,0,0.145676,0.00,0.0000,11300000
rust,cached_clone_only,0,0,0,0,0,0,0.044330,0.00,0.0000,11300000
rust,enumeration_reference_main,1,0,0,0,0,6400000,0.249479,0.00,0.0000,6400000
rust,enumeration_reference_payment,1,0,0,0,0,4900000,0.098492,0.00,0.0000,4900000
rust,enumeration_reference_return,1,0,0,0,0,0,0.000000,0.00,0.0000,0
rust,enumeration_reference_noble,1,0,0,0,0,0,0.000000,0.00,0.0000,0
rust,enumeration_reference_terminal,1,0,0,0,0,0,0.000000,0.00,0.0000,0
rust,enumeration_optimized_main,1,0,0,0,0,6400000,0.119288,0.00,0.0000,6400000
rust,enumeration_optimized_payment,1,0,0,0,0,4900000,0.021033,0.00,0.0000,4900000
rust,enumeration_optimized_return,1,0,0,0,0,0,0.000000,0.00,0.0000,0
rust,enumeration_optimized_noble,1,0,0,0,0,0,0.000000,0.00,0.0000,0
rust,enumeration_optimized_terminal,1,0,0,0,0,0,0.000000,0.00,0.0000,0
rust,cached_membership,1,0,0,0,0,0,0.039926,0.00,0.0000,11300000
rust,cached_clone_checked_apply,1,0,0,0,11300000,0,0.149448,0.00,0.0000,11300000
rust,cached_clone_only,1,0,0,0,0,0,0.045899,0.00,0.0000,11300000
rust,enumeration_reference_main,2,0,0,0,0,6400000,0.249801,0.00,0.0000,6400000
rust,enumeration_reference_payment,2,0,0,0,0,4900000,0.097326,0.00,0.0000,4900000
rust,enumeration_reference_return,2,0,0,0,0,0,0.000000,0.00,0.0000,0
rust,enumeration_reference_noble,2,0,0,0,0,0,0.000000,0.00,0.0000,0
rust,enumeration_reference_terminal,2,0,0,0,0,0,0.000000,0.00,0.0000,0
rust,enumeration_optimized_main,2,0,0,0,0,6400000,0.113636,0.00,0.0000,6400000
rust,enumeration_optimized_payment,2,0,0,0,0,4900000,0.018190,0.00,0.0000,4900000
rust,enumeration_optimized_return,2,0,0,0,0,0,0.000000,0.00,0.0000,0
rust,enumeration_optimized_noble,2,0,0,0,0,0,0.000000,0.00,0.0000,0
rust,enumeration_optimized_terminal,2,0,0,0,0,0,0.000000,0.00,0.0000,0
rust,cached_membership,2,0,0,0,0,0,0.034990,0.00,0.0000,11300000
rust,cached_clone_checked_apply,2,0,0,0,11300000,0,0.141670,0.00,0.0000,11300000
rust,cached_clone_only,2,0,0,0,0,0,0.043990,0.00,0.0000,11300000
rust,enumeration_reference_main,3,0,0,0,0,6400000,0.259821,0.00,0.0000,6400000
rust,enumeration_reference_payment,3,0,0,0,0,4900000,0.096046,0.00,0.0000,4900000
rust,enumeration_reference_return,3,0,0,0,0,0,0.000000,0.00,0.0000,0
rust,enumeration_reference_noble,3,0,0,0,0,0,0.000000,0.00,0.0000,0
rust,enumeration_reference_terminal,3,0,0,0,0,0,0.000000,0.00,0.0000,0
rust,enumeration_optimized_main,3,0,0,0,0,6400000,0.113177,0.00,0.0000,6400000
rust,enumeration_optimized_payment,3,0,0,0,0,4900000,0.018572,0.00,0.0000,4900000
rust,enumeration_optimized_return,3,0,0,0,0,0,0.000000,0.00,0.0000,0
rust,enumeration_optimized_noble,3,0,0,0,0,0,0.000000,0.00,0.0000,0
rust,enumeration_optimized_terminal,3,0,0,0,0,0,0.000005,0.00,0.0000,0
rust,cached_membership,3,0,0,0,0,0,0.036828,0.00,0.0000,11300000
rust,cached_clone_checked_apply,3,0,0,0,11300000,0,0.144693,0.00,0.0000,11300000
rust,cached_clone_only,3,0,0,0,0,0,0.047859,0.00,0.0000,11300000
rust,enumeration_reference_main,4,0,0,0,0,6400000,0.261662,0.00,0.0000,6400000
rust,enumeration_reference_payment,4,0,0,0,0,4900000,0.097424,0.00,0.0000,4900000
rust,enumeration_reference_return,4,0,0,0,0,0,0.000000,0.00,0.0000,0
rust,enumeration_reference_noble,4,0,0,0,0,0,0.000000,0.00,0.0000,0
rust,enumeration_reference_terminal,4,0,0,0,0,0,0.000000,0.00,0.0000,0
rust,enumeration_optimized_main,4,0,0,0,0,6400000,0.121358,0.00,0.0000,6400000
rust,enumeration_optimized_payment,4,0,0,0,0,4900000,0.018338,0.00,0.0000,4900000
rust,enumeration_optimized_return,4,0,0,0,0,0,0.000000,0.00,0.0000,0
rust,enumeration_optimized_noble,4,0,0,0,0,0,0.000000,0.00,0.0000,0
rust,enumeration_optimized_terminal,4,0,0,0,0,0,0.000000,0.00,0.0000,0
rust,cached_membership,4,0,0,0,0,0,0.036586,0.00,0.0000,11300000
rust,cached_clone_checked_apply,4,0,0,0,11300000,0,0.148370,0.00,0.0000,11300000
rust,cached_clone_only,4,0,0,0,0,0,0.046097,0.00,0.0000,11300000
rust,enumeration_reference_main,5,0,0,0,0,6400000,0.250363,0.00,0.0000,6400000
rust,enumeration_reference_payment,5,0,0,0,0,4900000,0.097044,0.00,0.0000,4900000
rust,enumeration_reference_return,5,0,0,0,0,0,0.000000,0.00,0.0000,0
rust,enumeration_reference_noble,5,0,0,0,0,0,0.000000,0.00,0.0000,0
rust,enumeration_reference_terminal,5,0,0,0,0,0,0.000000,0.00,0.0000,0
rust,enumeration_optimized_main,5,0,0,0,0,6400000,0.114124,0.00,0.0000,6400000
rust,enumeration_optimized_payment,5,0,0,0,0,4900000,0.018190,0.00,0.0000,4900000
rust,enumeration_optimized_return,5,0,0,0,0,0,0.000000,0.00,0.0000,0
rust,enumeration_optimized_noble,5,0,0,0,0,0,0.000000,0.00,0.0000,0
rust,enumeration_optimized_terminal,5,0,0,0,0,0,0.000000,0.00,0.0000,0
rust,cached_membership,5,0,0,0,0,0,0.035906,0.00,0.0000,11300000
rust,cached_clone_checked_apply,5,0,0,0,11300000,0,0.143783,0.00,0.0000,11300000
rust,cached_clone_only,5,0,0,0,0,0,0.046834,0.00,0.0000,11300000
rust,enumeration_reference_main,6,0,0,0,0,6400000,0.258085,0.00,0.0000,6400000
rust,enumeration_reference_payment,6,0,0,0,0,4900000,0.101522,0.00,0.0000,4900000
rust,enumeration_reference_return,6,0,0,0,0,0,0.000000,0.00,0.0000,0
rust,enumeration_reference_noble,6,0,0,0,0,0,0.000000,0.00,0.0000,0
rust,enumeration_reference_terminal,6,0,0,0,0,0,0.000000,0.00,0.0000,0
rust,enumeration_optimized_main,6,0,0,0,0,6400000,0.115351,0.00,0.0000,6400000
rust,enumeration_optimized_payment,6,0,0,0,0,4900000,0.018244,0.00,0.0000,4900000
rust,enumeration_optimized_return,6,0,0,0,0,0,0.000000,0.00,0.0000,0
rust,enumeration_optimized_noble,6,0,0,0,0,0,0.000000,0.00,0.0000,0
rust,enumeration_optimized_terminal,6,0,0,0,0,0,0.000000,0.00,0.0000,0
rust,cached_membership,6,0,0,0,0,0,0.036111,0.00,0.0000,11300000
rust,cached_clone_checked_apply,6,0,0,0,11300000,0,0.144504,0.00,0.0000,11300000
rust,cached_clone_only,6,0,0,0,0,0,0.046212,0.00,0.0000,11300000
