{
  "128/all": {
    "observations": 222,
    "pairwise_action_agreement": 0.7141248391248392,
    "four_vs_four_consensus_agreement": 0.8198198198198198,
    "mean_action_entropy_nats": 0.41253462185707473,
    "mean_value_sd": 0.022408953758174956,
    "prior_action_credit_under_empirical_search_actions": 0.6266891891891891,
    "mean_largest_vote_fraction": 0.8079954954954955,
    "mean_distinct_actions": 1.882882882882883,
    "first_action_agrees_remaining_seven_mode": 0.7882882882882883
  },
  "128/blind": {
    "observations": 36,
    "pairwise_action_agreement": 0.6984126984126984,
    "four_vs_four_consensus_agreement": 0.75,
    "mean_action_entropy_nats": 0.436246432127405,
    "mean_value_sd": 0.033853644275561284,
    "prior_action_credit_under_empirical_search_actions": 0.6493055555555556,
    "mean_largest_vote_fraction": 0.8055555555555556,
    "mean_distinct_actions": 1.9444444444444444,
    "first_action_agrees_remaining_seven_mode": 0.7222222222222222
  },
  "128/known": {
    "observations": 186,
    "pairwise_action_agreement": 0.7171658986175116,
    "four_vs_four_consensus_agreement": 0.8333333333333334,
    "mean_action_entropy_nats": 0.4079452392241076,
    "mean_value_sd": 0.020193852367713087,
    "prior_action_credit_under_empirical_search_actions": 0.6223118279569892,
    "mean_largest_vote_fraction": 0.8084677419354839,
    "mean_distinct_actions": 1.8709677419354838,
    "first_action_agrees_remaining_seven_mode": 0.8010752688172043
  },
  "800/all": {
    "observations": 222,
    "pairwise_action_agreement": 0.5711068211068211,
    "four_vs_four_consensus_agreement": 0.6936936936936937,
    "mean_action_entropy_nats": 0.6467533384117876,
    "mean_value_sd": 0.026413827899709457,
    "prior_action_credit_under_empirical_search_actions": 0.4358108108108108,
    "mean_largest_vote_fraction": 0.7077702702702703,
    "mean_distinct_actions": 2.4684684684684686,
    "first_action_agrees_remaining_seven_mode": 0.6396396396396397
  },
  "800/blind": {
    "observations": 36,
    "pairwise_action_agreement": 0.5724206349206349,
    "four_vs_four_consensus_agreement": 0.6666666666666666,
    "mean_action_entropy_nats": 0.648483173210014,
    "mean_value_sd": 0.039513381414207155,
    "prior_action_credit_under_empirical_search_actions": 0.4965277777777778,
    "mean_largest_vote_fraction": 0.7118055555555556,
    "mean_distinct_actions": 2.4722222222222223,
    "first_action_agrees_remaining_seven_mode": 0.6666666666666666
  },
  "800/known": {
    "observations": 186,
    "pairwise_action_agreement": 0.570852534562212,
    "four_vs_four_consensus_agreement": 0.6989247311827957,
    "mean_action_entropy_nats": 0.6464185316766471,
    "mean_value_sd": 0.023878430445290547,
    "prior_action_credit_under_empirical_search_actions": 0.42405913978494625,
    "mean_largest_vote_fraction": 0.706989247311828,
    "mean_distinct_actions": 2.467741935483871,
    "first_action_agrees_remaining_seven_mode": 0.6344086021505376
  },
  "positions": 222,
  "seconds": 7.764251625,
  "all_native_encodings_invariant": true,
  "raw_sha256": "9caf56efcb031597b85fd44fbc25a9410c7e9bad5c34a84f507860fe19ad7b49",
  "scope": "fresh E88 trajectories; fixed conditional observation cohort; no strength claim or training",
  "tie_rule": "smallest native action index for descriptive consensus; playing teacher selection not defined here",
  "next_step": "test consensus teacher strength before training; low action agreement does not prove causation"
}
