engine,workload,repeat,replayed_games,complete_turns,canonical_actions,native_apply_calls,legal_enumerations,seconds,turns_per_second,games_per_second,operation_count
rust,full_new_buffer_checked,0,1,62,105,105,105,0.000007,8359174.87,134825.4011,105
rust,full_reused_buffer_checked,0,1,62,105,105,105,0.000007,9018181.82,145454.5455,105
rust,full_checked_apply_only,0,1,62,105,105,0,0.000001,43754410.73,705716.3020,105
rust,full_trace_traversal_clone,0,0,0,0,0,0,0.000000,0.00,0.0000,105
rust,full_optimized_enum_checked,0,1,62,105,105,105,0.000006,9987113.40,161082.4742,105
rust,full_optimized_reused_checked,0,1,62,105,105,105,0.000006,10053510.62,162153.3971,105
rust,full_validated_decision,0,1,62,105,105,105,0.000005,11272727.27,181818.1818,105
rust,enumeration_reference_main,0,0,0,0,0,62,0.000004,0.00,0.0000,62
rust,enumeration_reference_payment,0,0,0,0,0,40,0.000001,0.00,0.0000,40
rust,enumeration_reference_return,0,0,0,0,0,2,0.000002,0.00,0.0000,2
rust,enumeration_reference_noble,0,0,0,0,0,1,0.000000,0.00,0.0000,1
rust,enumeration_reference_terminal,0,0,0,0,0,0,0.000000,0.00,0.0000,0
rust,enumeration_optimized_main,0,0,0,0,0,62,0.000004,0.00,0.0000,62
rust,enumeration_optimized_payment,0,0,0,0,0,40,0.000001,0.00,0.0000,40
rust,enumeration_optimized_return,0,0,0,0,0,2,0.000000,0.00,0.0000,2
rust,enumeration_optimized_noble,0,0,0,0,0,1,0.000000,0.00,0.0000,1
rust,enumeration_optimized_terminal,0,0,0,0,0,0,0.000000,0.00,0.0000,0
rust,cached_membership,0,0,0,0,0,0,0.000001,0.00,0.0000,105
rust,cached_clone_checked_apply,0,0,0,0,105,0,0.000002,0.00,0.0000,105
rust,cached_clone_only,0,0,0,0,0,0,0.000001,0.00,0.0000,105
