engine,workload,repeat,replayed_games,complete_turns,canonical_actions,native_apply_calls,legal_enumerations,seconds,turns_per_second,games_per_second,operation_count
rust,full_new_buffer_checked,0,1,68,117,117,117,0.000017,4029629.63,59259.2593,117
rust,full_reused_buffer_checked,0,1,68,117,117,117,0.000016,4217054.26,62015.5039,117
rust,full_checked_apply_only,0,1,68,117,117,0,0.000046,1463656.13,21524.3548,117
rust,full_trace_traversal_clone,0,0,0,0,0,0,0.000000,0.00,0.0000,117
rust,full_optimized_enum_checked,0,1,68,117,117,117,0.000012,5532053.37,81353.7260,117
rust,full_optimized_reused_checked,0,1,68,117,117,117,0.000012,5666666.67,83333.3333,117
rust,full_validated_decision,0,1,68,117,117,117,0.000010,6716049.38,98765.4321,117
rust,enumeration_reference_main,0,0,0,0,0,68,0.000014,0.00,0.0000,68
rust,enumeration_reference_payment,0,0,0,0,0,46,0.000005,0.00,0.0000,46
rust,enumeration_reference_return,0,0,0,0,0,2,0.000001,0.00,0.0000,2
rust,enumeration_reference_noble,0,0,0,0,0,1,0.000001,0.00,0.0000,1
rust,enumeration_reference_terminal,0,0,0,0,0,0,0.000000,0.00,0.0000,0
rust,enumeration_optimized_main,0,0,0,0,0,68,0.000007,0.00,0.0000,68
rust,enumeration_optimized_payment,0,0,0,0,0,46,0.000002,0.00,0.0000,46
rust,enumeration_optimized_return,0,0,0,0,0,2,0.000001,0.00,0.0000,2
rust,enumeration_optimized_noble,0,0,0,0,0,1,0.000000,0.00,0.0000,1
rust,enumeration_optimized_terminal,0,0,0,0,0,0,0.000000,0.00,0.0000,0
rust,cached_membership,0,0,0,0,0,0,0.000004,0.00,0.0000,117
rust,cached_clone_checked_apply,0,0,0,0,117,0,0.000007,0.00,0.0000,117
rust,cached_clone_only,0,0,0,0,0,0,0.000002,0.00,0.0000,117
