engine,workload,repeat,replayed_games,complete_turns,canonical_actions,native_apply_calls,legal_enumerations,seconds,turns_per_second,games_per_second,operation_count
rust,full_new_buffer_checked,0,1,64,113,113,113,0.000007,9035719.33,141183.1145,113
rust,full_reused_buffer_checked,0,1,64,113,113,113,0.000007,9540846.75,149075.7305,113
rust,full_checked_apply_only,0,1,64,113,113,0,0.000001,54841473.86,856898.0291,113
rust,full_trace_traversal_clone,0,0,0,0,0,0,0.000000,0.00,0.0000,113
rust,full_optimized_enum_checked,0,1,64,113,113,113,0.000005,12487804.88,195121.9512,113
rust,full_optimized_reused_checked,0,1,64,113,113,113,0.000005,12093726.38,188964.4747,113
rust,full_validated_decision,0,1,64,113,113,113,0.000005,13590995.97,212359.3120,113
rust,enumeration_reference_main,0,0,0,0,0,64,0.000004,0.00,0.0000,64
rust,enumeration_reference_payment,0,0,0,0,0,49,0.000002,0.00,0.0000,49
rust,enumeration_reference_return,0,0,0,0,0,0,0.000000,0.00,0.0000,0
rust,enumeration_reference_noble,0,0,0,0,0,0,0.000000,0.00,0.0000,0
rust,enumeration_reference_terminal,0,0,0,0,0,0,0.000000,0.00,0.0000,0
rust,enumeration_optimized_main,0,0,0,0,0,64,0.000003,0.00,0.0000,64
rust,enumeration_optimized_payment,0,0,0,0,0,49,0.000001,0.00,0.0000,49
rust,enumeration_optimized_return,0,0,0,0,0,0,0.000000,0.00,0.0000,0
rust,enumeration_optimized_noble,0,0,0,0,0,0,0.000000,0.00,0.0000,0
rust,enumeration_optimized_terminal,0,0,0,0,0,0,0.000000,0.00,0.0000,0
rust,cached_membership,0,0,0,0,0,0,0.000001,0.00,0.0000,113
rust,cached_clone_checked_apply,0,0,0,0,113,0,0.000002,0.00,0.0000,113
rust,cached_clone_only,0,0,0,0,0,0,0.000001,0.00,0.0000,113
